<html>
<body>
<pre>
<h1>µVision Build Log</h1>
<h2>Tool Versions:</h2>
IDE-Version: µVision V5.31.0.0
Copyright (C) 2020 ARM Ltd and ARM Germany GmbH. All rights reserved.
License Information: Calvin DeKoter, Ideas Clinic, LIC=----
 
Tool Versions:
Toolchain:       MDK-Lite  Version: 5.31.0.0
Toolchain Path:  C:\Keil_v5\ARM\ARMCC\Bin
C Compiler:      Armcc.exe V5.06 update 6 (build 750)
Assembler:       Armasm.exe V5.06 update 6 (build 750)
Linker/Locator:  ArmLink.exe V5.06 update 6 (build 750)
Library Manager: ArmAr.exe V5.06 update 6 (build 750)
Hex Converter:   FromElf.exe V5.06 update 6 (build 750)
CPU DLL:         SARMCM3.DLL V5.31.0.0
Dialog DLL:      DCM.DLL V1.17.3.0
Target DLL:      STLink\ST-LINKIII-KEIL_SWO.dll V3.0.7.0
Dialog DLL:      TCM.DLL V1.46.0.0
 
<h2>Project:</h2>
C:\Users\Calvin\Documents\GitHub\RobotArm_test\Projects\MDK-ARM\Project.uvprojx
Project File Date:  10/28/2020

<h2>Output:</h2>
*** Using Compiler 'V5.06 update 6 (build 750)', folder: 'C:\Keil_v5\ARM\ARMCC\Bin'
Rebuild target 'STM32F401RE-Nucleo'
compiling stm32f4xx_hal_cortex.c...
compiling stm32f4xx_hal_gpio.c...
compiling stm32f4xx_hal.c...
compiling stm32f4xx_hal_adc_ex.c...
compiling stm32f4xx_hal_adc.c...
compiling L6470.c...
compiling stm32f4xx_hal_rcc.c...
compiling stm32f4xx_hal_flash_ramfunc.c...
compiling stm32f4xx_hal_pwr.c...
compiling stm32f4xx_hal_dma_ex.c...
compiling stm32f4xx_hal_dma.c...
compiling stm32f4xx_hal_flash_ex.c...
compiling stm32f4xx_hal_uart.c...
compiling stm32f4xx_hal_spi.c...
compiling stm32f4xx_hal_rcc_ex.c...
compiling stm32f4xx_hal_pwr_ex.c...
compiling stm32f4xx_hal_flash.c...
compiling xnucleoihm02a1.c...
compiling stm32f4xx_nucleo.c...
compiling stm32f4xx_hal_tim_ex.c...
compiling stm32f4xx_hal_tim.c...
compiling params.c...
compiling stm32f4xx_hal_msp.c...
compiling xnucleoihm02a1_interface.c...
compiling stm32f4xx_it.c...
assembling startup_stm32f401xe.s...
compiling main.c...
..\Inc\example.h(76): warning:  #1295-D: Deprecated declaration Home_Arm - give arg types
  void Home_Arm() ;
..\Src\main.c: 1 warning, 0 errors
compiling example_usart.c...
compiling example.c...
..\Inc\example.h(76): warning:  #1295-D: Deprecated declaration Home_Arm - give arg types
  void Home_Arm() ;
..\Src\example.c(164): warning:  #177-D: variable "buffer"  was declared but never referenced
  	uint8_t buffer[10];
..\Src\example.c(165): warning:  #177-D: variable "data"  was declared but never referenced
  	uint8_t data[6];
..\Src\example.c(276): warning:  #177-D: variable "buffer"  was declared but never referenced
  	uint8_t buffer[10];
..\Src\example.c(277): warning:  #177-D: variable "data"  was declared but never referenced
  	uint8_t data[6];
..\Src\example.c(347): warning:  #1035-D: single-precision operand implicitly converted to double-precision
  	float steps = Beta * STEPS_PER_RAD_HUM ;
..\Src\example.c(352): warning:  #1035-D: single-precision operand implicitly converted to double-precision
  	float ulna_rot = Phi * STEPS_PER_RAD_ULN ; // 
..\Src\example.c(360): warning:  #1035-D: single-precision operand implicitly converted to double-precision
  		alpha -= M_PI;
..\Src\example.c(392): warning:  #1035-D: single-precision operand implicitly converted to double-precision
  	float steps = STEPS_PER_RAD_HUM*angle;
..\Src\example.c(150): warning:  #177-D: function "SystemClock_Config"  was declared but never referenced
  	static void SystemClock_Config(void);
..\Src\example.c: 10 warnings, 0 errors
compiling system_stm32f4xx.c...
linking...
Program Size: Code=28752 RO-data=2624 RW-data=928 ZI-data=1760  
FromELF: creating hex file...
After Build - User command #1: C:\Keil_v5\\ARM\ARMCC\bin\fromelf.exe --bin --output=C:\Users\Calvin\Documents\GitHub\RobotArm_test\Projects\MDK-ARM\STM32F401RE-Nucleo\STM32F401RE-Nucleo.bin .\STM32F401RE-Nucleo\STM32F401RE-Nucleo.axf
".\STM32F401RE-Nucleo\STM32F401RE-Nucleo.axf" - 0 Error(s), 11 Warning(s).

<h2>Software Packages used:</h2>

Package Vendor: ARM
                http://www.keil.com/pack/ARM.CMSIS.5.7.0.pack
                ARM.CMSIS.5.7.0
                CMSIS (Cortex Microcontroller Software Interface Standard)
   * Component: CORE Version: 5.4.0

Package Vendor: Keil
                http://www.keil.com/pack/Keil.STM32F4xx_DFP.2.14.0.pack
                Keil.STM32F4xx_DFP.2.14.0
                STMicroelectronics STM32F4 Series Device Support, Drivers and Examples

<h2>Collection of Component include folders:</h2>
  .\RTE\_STM32F401RE-Nucleo
  C:\Users\Calvin\AppData\Local\Arm\Packs\ARM\CMSIS\5.7.0\CMSIS\Core\Include
  C:\Users\Calvin\AppData\Local\Arm\Packs\Keil\STM32F4xx_DFP\2.14.0\Drivers\CMSIS\Device\ST\STM32F4xx\Include

<h2>Collection of Component Files used:</h2>

   * Component: ARM::CMSIS:CORE:5.4.0
Build Time Elapsed:  00:00:07
</pre>
</body>
</html>
