Component: ARM Compiler 5.06 update 6 (build 750) Tool: armlink [4d35ed]

==============================================================================

Section Cross References

    l6470.o(i.FsSpd_2_Step_s) refers to dfltui.o(.text) for __aeabi_ui2d
    l6470.o(i.FsSpd_2_Step_s) refers to dadd.o(.text) for __aeabi_dadd
    l6470.o(i.FsSpd_2_Step_s) refers to dmul.o(.text) for __aeabi_dmul
    l6470.o(i.FsSpd_2_Step_s) refers to d2f.o(.text) for __aeabi_d2f
    l6470.o(i.L6470_CheckStatusRegisterFlag) refers to l6470.o(i.L6470_GetParam) for L6470_GetParam
    l6470.o(i.L6470_CheckStatusRegisterFlag) refers to l6470.o(.data) for .data
    l6470.o(i.L6470_Config) refers to l6470.o(i.Step_s2_2_Acc) for Step_s2_2_Acc
    l6470.o(i.L6470_Config) refers to l6470.o(i.Step_s2_2_Dec) for Step_s2_2_Dec
    l6470.o(i.L6470_Config) refers to l6470.o(i.Step_s_2_MaxSpeed) for Step_s_2_MaxSpeed
    l6470.o(i.L6470_Config) refers to l6470.o(i.Step_s_2_MinSpeed) for Step_s_2_MinSpeed
    l6470.o(i.L6470_Config) refers to l6470.o(i.Step_s_2_FsSpd) for Step_s_2_FsSpd
    l6470.o(i.L6470_Config) refers to l6470.o(i.Step_s_2_IntSpeed) for Step_s_2_IntSpeed
    l6470.o(i.L6470_Config) refers to l6470.o(i.s_Step_2_StSlp) for s_Step_2_StSlp
    l6470.o(i.L6470_Config) refers to l6470.o(i.s_Step_2_FnSlpAcc) for s_Step_2_FnSlpAcc
    l6470.o(i.L6470_Config) refers to l6470.o(i.s_Step_2_FnSlpDec) for s_Step_2_FnSlpDec
    l6470.o(i.L6470_Config) refers to l6470.o(i.mA_2_OcdTh) for mA_2_OcdTh
    l6470.o(i.L6470_Config) refers to l6470.o(i.mA_2_StallTh) for mA_2_StallTh
    l6470.o(i.L6470_DaisyChainCommand) refers to stm32f4xx_hal_gpio.o(i.HAL_GPIO_WritePin) for HAL_GPIO_WritePin
    l6470.o(i.L6470_DaisyChainCommand) refers to stm32f4xx_hal_spi.o(i.HAL_SPI_TransmitReceive) for HAL_SPI_TransmitReceive
    l6470.o(i.L6470_DaisyChainCommand) refers to l6470.o(.data) for .data
    l6470.o(i.L6470_DaisyChainCommand) refers to xnucleoihm02a1.o(.bss) for L6470_nCS_GPIO
    l6470.o(i.L6470_DaisyChainCommand) refers to xnucleoihm02a1_interface.o(.bss) for hspi1
    l6470.o(i.L6470_GetParam) refers to l6470.o(i.L6470_PrepareAppCmdPkg) for L6470_PrepareAppCmdPkg
    l6470.o(i.L6470_GetParam) refers to l6470.o(i.L6470_PrepareDaisyChainCommand) for L6470_PrepareDaisyChainCommand
    l6470.o(i.L6470_GetParam) refers to l6470.o(i.L6470_DaisyChainCommand) for L6470_DaisyChainCommand
    l6470.o(i.L6470_GetParam) refers to l6470.o(i.L6470_ExtractReturnedData) for L6470_ExtractReturnedData
    l6470.o(i.L6470_GetParam) refers to l6470.o(.bss) for .bss
    l6470.o(i.L6470_GetParam) refers to l6470.o(.data) for .data
    l6470.o(i.L6470_GetParam) refers to l6470.o(.constdata) for .constdata
    l6470.o(i.L6470_GetRegisterName) refers to l6470.o(.constdata) for .constdata
    l6470.o(i.L6470_GetStatus) refers to l6470.o(i.L6470_PrepareAppCmdPkg) for L6470_PrepareAppCmdPkg
    l6470.o(i.L6470_GetStatus) refers to l6470.o(i.L6470_PrepareDaisyChainCommand) for L6470_PrepareDaisyChainCommand
    l6470.o(i.L6470_GetStatus) refers to l6470.o(i.L6470_DaisyChainCommand) for L6470_DaisyChainCommand
    l6470.o(i.L6470_GetStatus) refers to l6470.o(i.L6470_ExtractReturnedData) for L6470_ExtractReturnedData
    l6470.o(i.L6470_GetStatus) refers to l6470.o(.bss) for .bss
    l6470.o(i.L6470_GetStatus) refers to l6470.o(.data) for .data
    l6470.o(i.L6470_GoHome) refers to l6470.o(i.L6470_PrepareAppCmdPkg) for L6470_PrepareAppCmdPkg
    l6470.o(i.L6470_GoHome) refers to l6470.o(i.L6470_PrepareDaisyChainCommand) for L6470_PrepareDaisyChainCommand
    l6470.o(i.L6470_GoHome) refers to l6470.o(i.L6470_DaisyChainCommand) for L6470_DaisyChainCommand
    l6470.o(i.L6470_GoHome) refers to l6470.o(.bss) for .bss
    l6470.o(i.L6470_GoHome) refers to l6470.o(.data) for .data
    l6470.o(i.L6470_GoMark) refers to l6470.o(i.L6470_PrepareAppCmdPkg) for L6470_PrepareAppCmdPkg
    l6470.o(i.L6470_GoMark) refers to l6470.o(i.L6470_PrepareDaisyChainCommand) for L6470_PrepareDaisyChainCommand
    l6470.o(i.L6470_GoMark) refers to l6470.o(i.L6470_DaisyChainCommand) for L6470_DaisyChainCommand
    l6470.o(i.L6470_GoMark) refers to l6470.o(.bss) for .bss
    l6470.o(i.L6470_GoMark) refers to l6470.o(.data) for .data
    l6470.o(i.L6470_GoTo) refers to l6470.o(i.L6470_PrepareAppCmdPkg) for L6470_PrepareAppCmdPkg
    l6470.o(i.L6470_GoTo) refers to l6470.o(i.L6470_PrepareDaisyChainCommand) for L6470_PrepareDaisyChainCommand
    l6470.o(i.L6470_GoTo) refers to l6470.o(i.L6470_DaisyChainCommand) for L6470_DaisyChainCommand
    l6470.o(i.L6470_GoTo) refers to l6470.o(.bss) for .bss
    l6470.o(i.L6470_GoTo) refers to l6470.o(.data) for .data
    l6470.o(i.L6470_GoToDir) refers to l6470.o(i.L6470_PrepareAppCmdPkg) for L6470_PrepareAppCmdPkg
    l6470.o(i.L6470_GoToDir) refers to l6470.o(i.L6470_PrepareDaisyChainCommand) for L6470_PrepareDaisyChainCommand
    l6470.o(i.L6470_GoToDir) refers to l6470.o(i.L6470_DaisyChainCommand) for L6470_DaisyChainCommand
[...]
    .text                                    0x080006be   Section        0  dscalb.o(.text)
    .text                                    0x080006ec   Section        0  dflti.o(.text)
    .text                                    0x08000710   Section       48  cdrcmple.o(.text)
    .text                                    0x08000740   Section       36  init.o(.text)
    .text                                    0x08000764   Section        0  llushr.o(.text)
    .text                                    0x08000784   Section        0  dsqrt.o(.text)
    .text                                    0x08000826   Section        0  dfixi.o(.text)
    .text                                    0x08000864   Section        0  __dczerorl2.o(.text)
    i.BSP_0_Config                           0x080008bc   Section        0  xnucleoihm02a1.o(i.BSP_0_Config)
    i.BSP_1_Config                           0x080008c8   Section        0  xnucleoihm02a1.o(i.BSP_1_Config)
    i.BSP_2_Config                           0x080008d4   Section        0  xnucleoihm02a1.o(i.BSP_2_Config)
    i.BSP_3_Config                           0x080008e0   Section        0  xnucleoihm02a1.o(i.BSP_3_Config)
    i.BSP_Config                             0x080008ec   Section        0  xnucleoihm02a1.o(i.BSP_Config)
    i.BSP_GetExpansionBoardHandle            0x08000910   Section        0  xnucleoihm02a1.o(i.BSP_GetExpansionBoardHandle)
    i.BSP_IRQ                                0x0800095c   Section        0  xnucleoihm02a1.o(i.BSP_IRQ)
    i.BSP_Init                               0x08000982   Section        0  xnucleoihm02a1.o(i.BSP_Init)
    i.BSP_L6470_0_0_Config                   0x080009a0   Section        0  xnucleoihm02a1.o(i.BSP_L6470_0_0_Config)
    i.BSP_L6470_0_1_Config                   0x080009ac   Section        0  xnucleoihm02a1.o(i.BSP_L6470_0_1_Config)
    i.BSP_L6470_1_0_Config                   0x080009b8   Section        0  xnucleoihm02a1.o(i.BSP_L6470_1_0_Config)
    i.BSP_L6470_1_1_Config                   0x080009c4   Section        0  xnucleoihm02a1.o(i.BSP_L6470_1_1_Config)
    i.BSP_L6470_2_0_Config                   0x080009d0   Section        0  xnucleoihm02a1.o(i.BSP_L6470_2_0_Config)
    i.BSP_L6470_2_1_Config                   0x080009dc   Section        0  xnucleoihm02a1.o(i.BSP_L6470_2_1_Config)
    i.BSP_L6470_3_0_Config                   0x080009e8   Section        0  xnucleoihm02a1.o(i.BSP_L6470_3_0_Config)
    i.BSP_L6470_3_1_Config                   0x080009f4   Section        0  xnucleoihm02a1.o(i.BSP_L6470_3_1_Config)
    i.BSP_L6470_CheckStatusRegisterFlag      0x08000a00   Section        0  xnucleoihm02a1.o(i.BSP_L6470_CheckStatusRegisterFlag)
    i.BSP_L6470_GetParam                     0x08000a1c   Section        0  xnucleoihm02a1.o(i.BSP_L6470_GetParam)
    i.BSP_L6470_GetStatus                    0x08000a38   Section        0  xnucleoihm02a1.o(i.BSP_L6470_GetStatus)
    i.BSP_L6470_GoHome                       0x08000a50   Section        0  xnucleoihm02a1.o(i.BSP_L6470_GoHome)
    i.BSP_L6470_GoMark                       0x08000a68   Section        0  xnucleoihm02a1.o(i.BSP_L6470_GoMark)
    i.BSP_L6470_GoTo                         0x08000a80   Section        0  xnucleoihm02a1.o(i.BSP_L6470_GoTo)
    i.BSP_L6470_GoToDir                      0x08000a9c   Section        0  xnucleoihm02a1.o(i.BSP_L6470_GoToDir)
    i.BSP_L6470_GoUntil                      0x08000abc   Section        0  xnucleoihm02a1.o(i.BSP_L6470_GoUntil)
    i.BSP_L6470_HardHiZ                      0x08000ae4   Section        0  xnucleoihm02a1.o(i.BSP_L6470_HardHiZ)
    i.BSP_L6470_HardStop                     0x08000afc   Section        0  xnucleoihm02a1.o(i.BSP_L6470_HardStop)
    i.BSP_L6470_Init                         0x08000b14   Section        0  xnucleoihm02a1.o(i.BSP_L6470_Init)
    i.BSP_L6470_Move                         0x08000b90   Section        0  xnucleoihm02a1.o(i.BSP_L6470_Move)
    i.BSP_L6470_ReleaseSW                    0x08000bb0   Section        0  xnucleoihm02a1.o(i.BSP_L6470_ReleaseSW)
    i.BSP_L6470_ResetDevice                  0x08000bd0   Section        0  xnucleoihm02a1.o(i.BSP_L6470_ResetDevice)
    i.BSP_L6470_ResetPos                     0x08000be8   Section        0  xnucleoihm02a1.o(i.BSP_L6470_ResetPos)
    i.BSP_L6470_Run                          0x08000c00   Section        0  xnucleoihm02a1.o(i.BSP_L6470_Run)
    i.BSP_L6470_SetParam                     0x08000c20   Section        0  xnucleoihm02a1.o(i.BSP_L6470_SetParam)
    i.BSP_L6470_SoftHiZ                      0x08000c40   Section        0  xnucleoihm02a1.o(i.BSP_L6470_SoftHiZ)
    i.BSP_L6470_SoftStop                     0x08000c58   Section        0  xnucleoihm02a1.o(i.BSP_L6470_SoftStop)
    i.BSP_L6470_StepClock                    0x08000c70   Section        0  xnucleoihm02a1.o(i.BSP_L6470_StepClock)
    i.BSP_NUCLEO_GPIO_Init                   0x08000c8c   Section        0  xnucleoihm02a1.o(i.BSP_NUCLEO_GPIO_Init)
    i.BSP_Select                             0x08000d5c   Section        0  xnucleoihm02a1.o(i.BSP_Select)
    i.Base_Rot                               0x08000d8c   Section        0  example.o(i.Base_Rot)
    i.Beta                                   0x08000e00   Section        0  example.o(i.Beta)
    i.EXPBRD_ID                              0x08000eb4   Section        0  xnucleoihm02a1.o(i.EXPBRD_ID)
    i.EXTI0_IRQHandler                       0x08000ebc   Section        0  stm32f4xx_it.o(i.EXTI0_IRQHandler)
    i.EXTI15_10_IRQHandler                   0x08000ec2   Section        0  stm32f4xx_it.o(i.EXTI15_10_IRQHandler)
    i.EXTI1_IRQHandler                       0x08000eca   Section        0  stm32f4xx_it.o(i.EXTI1_IRQHandler)
    i.EXTI4_IRQHandler                       0x08000ed0   Section        0  stm32f4xx_it.o(i.EXTI4_IRQHandler)
    i.GetMotorParameterInitData              0x08000ef4   Section        0  params.o(i.GetMotorParameterInitData)
    i.Gripper                                0x08000efc   Section        0  example.o(i.Gripper)
    i.HAL_Delay                              0x08000fb4   Section        0  stm32f4xx_hal.o(i.HAL_Delay)
    i.HAL_GPIO_EXTI_Callback                 0x08000fca   Section        0  stm32f4xx_hal_gpio.o(i.HAL_GPIO_EXTI_Callback)
    i.HAL_GPIO_EXTI_IRQHandler               0x08000fcc   Section        0  stm32f4xx_hal_gpio.o(i.HAL_GPIO_EXTI_IRQHandler)
    i.HAL_GPIO_Init                          0x08000fe4   Section        0  stm32f4xx_hal_gpio.o(i.HAL_GPIO_Init)
    i.HAL_GPIO_ReadPin                       0x080012a4   Section        0  stm32f4xx_hal_gpio.o(i.HAL_GPIO_ReadPin)
    i.HAL_GPIO_WritePin                      0x080012fc   Section        0  stm32f4xx_hal_gpio.o(i.HAL_GPIO_WritePin)
    i.HAL_GetTick                            0x08001368   Section        0  stm32f4xx_hal.o(i.HAL_GetTick)
    i.HAL_IncTick                            0x08001374   Section        0  stm32f4xx_hal.o(i.HAL_IncTick)
    i.HAL_Init                               0x08001384   Section        0  stm32f4xx_hal.o(i.HAL_Init)
    i.HAL_InitTick                           0x080013b8   Section        0  stm32f4xx_hal.o(i.HAL_InitTick)
    i.HAL_MspInit                            0x080013da   Section        0  stm32f4xx_hal_msp.o(i.HAL_MspInit)
    i.HAL_NVIC_DisableIRQ                    0x080013f0   Section        0  stm32f4xx_hal_cortex.o(i.HAL_NVIC_DisableIRQ)
    i.HAL_NVIC_EnableIRQ                     0x08001454   Section        0  stm32f4xx_hal_cortex.o(i.HAL_NVIC_EnableIRQ)
    i.HAL_NVIC_SetPriority                   0x080014b8   Section        0  stm32f4xx_hal_cortex.o(i.HAL_NVIC_SetPriority)
    i.HAL_NVIC_SetPriorityGrouping           0x08001558   Section        0  stm32f4xx_hal_cortex.o(i.HAL_NVIC_SetPriorityGrouping)
    i.HAL_RCC_ClockConfig                    0x080015dc   Section        0  stm32f4xx_hal_rcc.o(i.HAL_RCC_ClockConfig)
    i.HAL_RCC_GetHCLKFreq                    0x0800193c   Section        0  stm32f4xx_hal_rcc.o(i.HAL_RCC_GetHCLKFreq)
    i.HAL_RCC_GetPCLK1Freq                   0x08001970   Section        0  stm32f4xx_hal_rcc.o(i.HAL_RCC_GetPCLK1Freq)
    i.HAL_RCC_GetPCLK2Freq                   0x0800199c   Section        0  stm32f4xx_hal_rcc.o(i.HAL_RCC_GetPCLK2Freq)
    i.HAL_RCC_GetSysClockFreq                0x080019c8   Section        0  stm32f4xx_hal_rcc.o(i.HAL_RCC_GetSysClockFreq)
    i.HAL_RCC_OscConfig                      0x08001a38   Section        0  stm32f4xx_hal_rcc.o(i.HAL_RCC_OscConfig)
    i.HAL_SPI_Init                           0x08001e80   Section        0  stm32f4xx_hal_spi.o(i.HAL_SPI_Init)
    i.HAL_SPI_MspInit                        0x08002024   Section        0  stm32f4xx_hal_msp.o(i.HAL_SPI_MspInit)
    i.HAL_SPI_TransmitReceive                0x080020e4   Section        0  stm32f4xx_hal_spi.o(i.HAL_SPI_TransmitReceive)
    i.HAL_SYSTICK_Callback                   0x080023e4   Section        0  stm32f4xx_hal_cortex.o(i.HAL_SYSTICK_Callback)
    i.HAL_SYSTICK_Config                     0x080023e6   Section        0  stm32f4xx_hal_cortex.o(i.HAL_SYSTICK_Config)
    i.HAL_SYSTICK_IRQHandler                 0x0800240e   Section        0  stm32f4xx_hal_cortex.o(i.HAL_SYSTICK_IRQHandler)
    i.HAL_UART_ErrorCallback                 0x08002416   Section        0  stm32f4xx_hal_uart.o(i.HAL_UART_ErrorCallback)
    i.HAL_UART_IRQHandler                    0x08002418   Section        0  stm32f4xx_hal_uart.o(i.HAL_UART_IRQHandler)
    i.HAL_UART_Init                          0x08002520   Section        0  stm32f4xx_hal_uart.o(i.HAL_UART_Init)
    i.HAL_UART_MspInit                       0x08002640   Section        0  stm32f4xx_hal_msp.o(i.HAL_UART_MspInit)
    i.HAL_UART_RxCpltCallback                0x080026b0   Section        0  stm32f4xx_hal_uart.o(i.HAL_UART_RxCpltCallback)
    i.HAL_UART_Transmit                      0x080026b2   Section        0  stm32f4xx_hal_uart.o(i.HAL_UART_Transmit)
    i.HAL_UART_TxCpltCallback                0x0800277a   Section        0  stm32f4xx_hal_uart.o(i.HAL_UART_TxCpltCallback)
    i.Home_Arm                               0x0800277c   Section        0  example.o(i.Home_Arm)
    i.Humerus_Rot                            0x08002c0c   Section        0  example.o(i.Humerus_Rot)
    i.L6470_CheckStatusRegisterFlag          0x08002c1c   Section        0  l6470.o(i.L6470_CheckStatusRegisterFlag)
    i.L6470_Config                           0x08002ca8   Section        0  l6470.o(i.L6470_Config)
    i.L6470_DaisyChainCommand                0x08002eb8   Section        0  l6470.o(i.L6470_DaisyChainCommand)
    i.L6470_ExtractReturnedData              0x08002f28   Section        0  l6470.o(i.L6470_ExtractReturnedData)
    i.L6470_FillAppCmdPkg                    0x08002f48   Section        0  l6470.o(i.L6470_FillAppCmdPkg)
    i.L6470_GetParam                         0x08002f5c   Section        0  l6470.o(i.L6470_GetParam)
    i.L6470_GetRegisterName                  0x08002fac   Section        0  l6470.o(i.L6470_GetRegisterName)
    i.L6470_GetStatus                        0x08002fcc   Section        0  l6470.o(i.L6470_GetStatus)
    i.L6470_GoHome                           0x0800300c   Section        0  l6470.o(i.L6470_GoHome)
    i.L6470_GoMark                           0x0800303c   Section        0  l6470.o(i.L6470_GoMark)
    i.L6470_GoTo                             0x0800306c   Section        0  l6470.o(i.L6470_GoTo)
    i.L6470_GoToDir                          0x080030a4   Section        0  l6470.o(i.L6470_GoToDir)
    i.L6470_GoUntil                          0x080030dc   Section        0  l6470.o(i.L6470_GoUntil)
    i.L6470_HardHiZ                          0x0800310c   Section        0  l6470.o(i.L6470_HardHiZ)
    i.L6470_HardStop                         0x0800313c   Section        0  l6470.o(i.L6470_HardStop)
    i.L6470_ID                               0x0800316c   Section        0  l6470.o(i.L6470_ID)
    i.L6470_Move                             0x08003178   Section        0  l6470.o(i.L6470_Move)
    i.L6470_PerformPreparedApplicationCommand 0x080031a8   Section        0  l6470.o(i.L6470_PerformPreparedApplicationCommand)
    i.L6470_PrepareAppCmdPkg                 0x080031cc   Section        0  l6470.o(i.L6470_PrepareAppCmdPkg)
    i.L6470_PrepareDaisyChainCommand         0x08003204   Section        0  l6470.o(i.L6470_PrepareDaisyChainCommand)
    i.L6470_PrepareGetParam                  0x080033bc   Section        0  l6470.o(i.L6470_PrepareGetParam)
    i.L6470_PrepareGetStatus                 0x080033d4   Section        0  l6470.o(i.L6470_PrepareGetStatus)
    i.L6470_PrepareGoHome                    0x080033ec   Section        0  l6470.o(i.L6470_PrepareGoHome)
    i.L6470_PrepareGoMark                    0x08003404   Section        0  l6470.o(i.L6470_PrepareGoMark)
    i.L6470_PrepareGoTo                      0x0800341c   Section        0  l6470.o(i.L6470_PrepareGoTo)
    i.L6470_PrepareGoToDir                   0x08003434   Section        0  l6470.o(i.L6470_PrepareGoToDir)
    i.L6470_PrepareGoUntil                   0x0800344c   Section        0  l6470.o(i.L6470_PrepareGoUntil)
    i.L6470_PrepareHardHiZ                   0x08003464   Section        0  l6470.o(i.L6470_PrepareHardHiZ)
    i.L6470_PrepareHardStop                  0x0800347c   Section        0  l6470.o(i.L6470_PrepareHardStop)
    i.L6470_PrepareMove                      0x08003494   Section        0  l6470.o(i.L6470_PrepareMove)
    i.L6470_PrepareReleaseSW                 0x080034ac   Section        0  l6470.o(i.L6470_PrepareReleaseSW)
    i.L6470_PrepareResetDevice               0x080034c4   Section        0  l6470.o(i.L6470_PrepareResetDevice)
    i.L6470_PrepareResetPos                  0x080034dc   Section        0  l6470.o(i.L6470_PrepareResetPos)
    i.L6470_PrepareRun                       0x080034f4   Section        0  l6470.o(i.L6470_PrepareRun)
    i.L6470_PrepareSetParam                  0x0800350c   Section        0  l6470.o(i.L6470_PrepareSetParam)
    i.L6470_PrepareSoftHiZ                   0x08003524   Section        0  l6470.o(i.L6470_PrepareSoftHiZ)
    i.L6470_PrepareSoftStop                  0x0800353c   Section        0  l6470.o(i.L6470_PrepareSoftStop)
    i.L6470_PrepareStepClock                 0x08003554   Section        0  l6470.o(i.L6470_PrepareStepClock)
    i.L6470_ReleaseSW                        0x0800356c   Section        0  l6470.o(i.L6470_ReleaseSW)
    i.L6470_ResetAppCmdPkg                   0x0800359c   Section        0  l6470.o(i.L6470_ResetAppCmdPkg)
    i.L6470_ResetDevice                      0x080035b8   Section        0  l6470.o(i.L6470_ResetDevice)
    i.L6470_ResetPos                         0x080035e8   Section        0  l6470.o(i.L6470_ResetPos)
    i.L6470_Run                              0x08003618   Section        0  l6470.o(i.L6470_Run)
    i.L6470_SetParam                         0x08003648   Section        0  l6470.o(i.L6470_SetParam)
    i.L6470_SoftHiZ                          0x08003678   Section        0  l6470.o(i.L6470_SoftHiZ)
    i.L6470_SoftStop                         0x080036a8   Section        0  l6470.o(i.L6470_SoftStop)
    i.L6470_StepClock                        0x080036d8   Section        0  l6470.o(i.L6470_StepClock)
    i.MX_SPI1_Init                           0x08003708   Section        0  xnucleoihm02a1_interface.o(i.MX_SPI1_Init)
    i.MX_USART2_Init                         0x08003794   Section        0  xnucleoihm02a1_interface.o(i.MX_USART2_Init)
    i.Motor_Param_Reg_Init                   0x080037bc   Section        0  example_usart.o(i.Motor_Param_Reg_Init)
    i.Move_Arm_Relative                      0x0800384c   Section        0  example.o(i.Move_Arm_Relative)
    i.NUCLEO_Board_Init                      0x08003af4   Section        0  xnucleoihm02a1_interface.o(i.NUCLEO_Board_Init)
    i.NVIC_SetPriority                       0x08003b0a   Section        0  stm32f4xx_hal_cortex.o(i.NVIC_SetPriority)
    NVIC_SetPriority                         0x08003b0b   Thumb Code    32  stm32f4xx_hal_cortex.o(i.NVIC_SetPriority)
    i.Phi                                    0x08003b2c   Section        0  example.o(i.Phi)
    i.SPI_WaitOnFlagUntilTimeout             0x08003c08   Section        0  stm32f4xx_hal_spi.o(i.SPI_WaitOnFlagUntilTimeout)
    SPI_WaitOnFlagUntilTimeout               0x08003c09   Thumb Code   158  stm32f4xx_hal_spi.o(i.SPI_WaitOnFlagUntilTimeout)
    i.Step_s2_2_Acc                          0x08003ca8   Section        0  l6470.o(i.Step_s2_2_Acc)
    i.Step_s2_2_Dec                          0x08003cd4   Section        0  l6470.o(i.Step_s2_2_Dec)
    i.Step_s_2_FsSpd                         0x08003d00   Section        0  l6470.o(i.Step_s_2_FsSpd)
    i.Step_s_2_IntSpeed                      0x08003d34   Section        0  l6470.o(i.Step_s_2_IntSpeed)
    i.Step_s_2_MaxSpeed                      0x08003d60   Section        0  l6470.o(i.Step_s_2_MaxSpeed)
    i.Step_s_2_MinSpeed                      0x08003d8c   Section        0  l6470.o(i.Step_s_2_MinSpeed)
    i.SysTick_Handler                        0x08003db8   Section        0  stm32f4xx_it.o(i.SysTick_Handler)
    i.SystemClock_Config                     0x08003dc8   Section        0  xnucleoihm02a1_interface.o(i.SystemClock_Config)
    i.SystemInit                             0x08003e40   Section        0  system_stm32f4xx.o(i.SystemInit)
    i.UART_Receive_IT                        0x08003e94   Section        0  stm32f4xx_hal_uart.o(i.UART_Receive_IT)
    UART_Receive_IT                          0x08003e95   Thumb Code   166  stm32f4xx_hal_uart.o(i.UART_Receive_IT)
    i.UART_SetConfig                         0x08003f3c   Section        0  stm32f4xx_hal_uart.o(i.UART_SetConfig)
    UART_SetConfig                           0x08003f3d   Thumb Code   450  stm32f4xx_hal_uart.o(i.UART_SetConfig)
    i.UART_Transmit_IT                       0x08004148   Section        0  stm32f4xx_hal_uart.o(i.UART_Transmit_IT)
    UART_Transmit_IT                         0x08004149   Thumb Code   102  stm32f4xx_hal_uart.o(i.UART_Transmit_IT)
    i.UART_WaitOnFlagUntilTimeout            0x080041ae   Section        0  stm32f4xx_hal_uart.o(i.UART_WaitOnFlagUntilTimeout)
    UART_WaitOnFlagUntilTimeout              0x080041af   Thumb Code   146  stm32f4xx_hal_uart.o(i.UART_WaitOnFlagUntilTimeout)
    i.USART2_IRQHandler                      0x08004240   Section        0  stm32f4xx_it.o(i.USART2_IRQHandler)
    i.USART_ITCharManager                    0x08004258   Section        0  example_usart.o(i.USART_ITCharManager)
    i.USART_PrintAllRegisterValues           0x080042cc   Section        0  example_usart.o(i.USART_PrintAllRegisterValues)
    i.USART_PrintRegisterValues              0x08004308   Section        0  example_usart.o(i.USART_PrintRegisterValues)
    i.USART_Transmit                         0x080043f0   Section        0  example_usart.o(i.USART_Transmit)
    i.Ulna_Rot                               0x08004408   Section        0  example.o(i.Ulna_Rot)
    i.__ARM_fpclassify                       0x08004418   Section        0  fpclassify.o(i.__ARM_fpclassify)
    i.__hardfp_acos                          0x08004448   Section        0  acos.o(i.__hardfp_acos)
    i.__hardfp_atan                          0x080047a0   Section        0  atan.o(i.__hardfp_atan)
    i.__hardfp_cos                           0x08004a78   Section        0  cos.o(i.__hardfp_cos)
    i.__hardfp_pow                           0x08004b40   Section        0  pow.o(i.__hardfp_pow)
    i.__hardfp_sin                           0x08005790   Section        0  sin.o(i.__hardfp_sin)
    i.__ieee754_rem_pio2                     0x08005858   Section        0  rred.o(i.__ieee754_rem_pio2)
    i.__kernel_cos                           0x08005c90   Section        0  cos_i.o(i.__kernel_cos)
    i.__kernel_poly                          0x08005e00   Section        0  poly.o(i.__kernel_poly)
    i.__kernel_sin                           0x08005ef8   Section        0  sin_i.o(i.__kernel_sin)
    i.__mathlib_dbl_divzero                  0x08006028   Section        0  dunder.o(i.__mathlib_dbl_divzero)
    i.__mathlib_dbl_infnan                   0x08006058   Section        0  dunder.o(i.__mathlib_dbl_infnan)
    i.__mathlib_dbl_infnan2                  0x0800606c   Section        0  dunder.o(i.__mathlib_dbl_infnan2)
    i.__mathlib_dbl_invalid                  0x08006080   Section        0  dunder.o(i.__mathlib_dbl_invalid)
    i.__mathlib_dbl_overflow                 0x080060a0   Section        0  dunder.o(i.__mathlib_dbl_overflow)
    i.__mathlib_dbl_underflow                0x080060c0   Section        0  dunder.o(i.__mathlib_dbl_underflow)
    i.__scatterload_copy                     0x080060e0   Section       14  handlers.o(i.__scatterload_copy)
    i.__scatterload_null                     0x080060ee   Section        2  handlers.o(i.__scatterload_null)
    i.__scatterload_zeroinit                 0x080060f0   Section       14  handlers.o(i.__scatterload_zeroinit)
    i.__set_errno                            0x08006100   Section        0  errno.o(i.__set_errno)
    i.assert_failed                          0x0800610c   Section        0  main.o(i.assert_failed)
    i.dist                                   0x08006110   Section        0  example.o(i.dist)
    i.fabs                                   0x08006190   Section        0  fabs.o(i.fabs)
    i.mA_2_OcdTh                             0x080061a8   Section        0  l6470.o(i.mA_2_OcdTh)
    i.mA_2_StallTh                           0x080061f0   Section        0  l6470.o(i.mA_2_StallTh)
    i.main                                   0x08006238   Section        0  main.o(i.main)
    i.num2hex                                0x080063a8   Section        0  example_usart.o(i.num2hex)
    i.s_Step_2_FnSlpAcc                      0x08006400   Section        0  l6470.o(i.s_Step_2_FnSlpAcc)
    i.s_Step_2_FnSlpDec                      0x0800642c   Section        0  l6470.o(i.s_Step_2_FnSlpDec)
    i.s_Step_2_StSlp                         0x08006458   Section        0  l6470.o(i.s_Step_2_StSlp)
    i.sqrt                                   0x08006484   Section        0  sqrt.o(i.sqrt)
    .constdata                               0x080064f4   Section      794  l6470.o(.constdata)
    .constdata                               0x0800680e   Section       16  stm32f4xx_hal_rcc.o(.constdata)
    .constdata                               0x08006820   Section      704  params.o(.constdata)
    .constdata                               0x08006ae0   Section       80  acos.o(.constdata)
    pS                                       0x08006ae0   Data          48  acos.o(.constdata)
    qS                                       0x08006b10   Data          32  acos.o(.constdata)
    .constdata                               0x08006b30   Section      152  atan.o(.constdata)
    atanhi                                   0x08006b30   Data          32  atan.o(.constdata)
    atanlo                                   0x08006b50   Data          32  atan.o(.constdata)
    aTodd                                    0x08006b70   Data          40  atan.o(.constdata)
    aTeven                                   0x08006b98   Data          48  atan.o(.constdata)
    .constdata                               0x08006bc8   Section      136  pow.o(.constdata)
    bp                                       0x08006bc8   Data          16  pow.o(.constdata)
    dp_h                                     0x08006bd8   Data          16  pow.o(.constdata)
    dp_l                                     0x08006be8   Data          16  pow.o(.constdata)
    L                                        0x08006bf8   Data          48  pow.o(.constdata)
    P                                        0x08006c28   Data          40  pow.o(.constdata)
    .constdata                               0x08006c50   Section       48  cos_i.o(.constdata)
    C                                        0x08006c50   Data          48  cos_i.o(.constdata)
    .constdata                               0x08006c80   Section        8  qnan.o(.constdata)
    .constdata                               0x08006c88   Section      200  rred.o(.constdata)
    pio2s                                    0x08006c88   Data          48  rred.o(.constdata)
    twooverpi                                0x08006cb8   Data         152  rred.o(.constdata)
    .constdata                               0x08006d50   Section       40  sin_i.o(.constdata)
    S                                        0x08006d50   Data          40  sin_i.o(.constdata)
    .data                                    0x20000000   Section      148  l6470.o(.data)
    .data                                    0x20000094   Section       24  l6470.o(.data)
    .data                                    0x200000ac   Section        2  l6470.o(.data)
    .data                                    0x200000b0   Section        4  stm32f4xx_hal.o(.data)
    uwTick                                   0x200000b0   Data           4  stm32f4xx_hal.o(.data)
    .data                                    0x200000b4   Section       80  xnucleoihm02a1.o(.data)
    .data                                    0x20000104   Section      648  xnucleoihm02a1.o(.data)
    .data                                    0x2000038c   Section        4  system_stm32f4xx.o(.data)
    .data                                    0x20000390   Section        4  errno.o(.data)
    _errno                                   0x20000390   Data           4  errno.o(.data)
    .bss                                     0x20000394   Section       32  l6470.o(.bss)
    .bss                                     0x200003b4   Section       12  xnucleoihm02a1.o(.bss)
    .bss                                     0x200003c0   Section      244  xnucleoihm02a1_interface.o(.bss)
    .bss                                     0x200004b4   Section      262  example_usart.o(.bss)
    HexValue                                 0x200004b4   Data           9  example_usart.o(.bss)
    .bss                                     0x200005bc   Section       20  example.o(.bss)
    STACK                                    0x200005d0   Section     1024  startup_stm32f401xe.o(STACK)

    Global Symbols

    Symbol Name                              Value     Ov Type        Size  Object(Section)

    BuildAttributes$$THM_ISAv4$E$P$D$K$B$S$7EM$VFPi3$EXTD16$VFPS$VFMA$PE$A:L22UL41UL21$X:L11$S22US41US21$IEEE1$IW$USESV6$~STKCKD$USESV7$~SHL$OTIME$ROPI$IEEEX$EBA8$MICROLIB$REQ8$PRES8$EABIv2 0x00000000   Number         0  anon$$obj.o ABSOLUTE
    __ARM_use_no_argv                        0x00000000   Number         0  main.o ABSOLUTE
    __cpp_initialize__aeabi_                  - Undefined Weak Reference
    __cxa_finalize                            - Undefined Weak Reference
    _clock_init                               - Undefined Weak Reference
    _microlib_exit                            - Undefined Weak Reference
    __Vectors_Size                           0x00000194   Number         0  startup_stm32f401xe.o ABSOLUTE
    __Vectors                                0x08000000   Data           4  startup_stm32f401xe.o(RESET)
    __Vectors_End                            0x08000194   Data           0  startup_stm32f401xe.o(RESET)
    __main                                   0x08000195   Thumb Code     0  entry.o(.ARM.Collect$$$$00000000)
    _main_stk                                0x08000195   Thumb Code     0  entry2.o(.ARM.Collect$$$$00000001)
    _main_scatterload                        0x08000199   Thumb Code     0  entry5.o(.ARM.Collect$$$$00000004)
    __main_after_scatterload                 0x0800019d   Thumb Code     0  entry5.o(.ARM.Collect$$$$00000004)
    _main_clock                              0x0800019d   Thumb Code     0  entry7b.o(.ARM.Collect$$$$00000008)
    _main_cpp_init                           0x0800019d   Thumb Code     0  entry8b.o(.ARM.Collect$$$$0000000A)
    _main_init                               0x0800019d   Thumb Code     0  entry9a.o(.ARM.Collect$$$$0000000B)
    __rt_final_cpp                           0x080001a5   Thumb Code     0  entry10a.o(.ARM.Collect$$$$0000000D)
    __rt_final_exit                          0x080001a5   Thumb Code     0  entry11a.o(.ARM.Collect$$$$0000000F)
    Reset_Handler                            0x080001a9   Thumb Code     8  startup_stm32f401xe.o(.text)
    NMI_Handler                              0x080001b1   Thumb Code     2  startup_stm32f401xe.o(.text)
    HardFault_Handler                        0x080001b3   Thumb Code     2  startup_stm32f401xe.o(.text)
    MemManage_Handler                        0x080001b5   Thumb Code     2  startup_stm32f401xe.o(.text)
    BusFault_Handler                         0x080001b7   Thumb Code     2  startup_stm32f401xe.o(.text)
    UsageFault_Handler                       0x080001b9   Thumb Code     2  startup_stm32f401xe.o(.text)
    SVC_Handler                              0x080001bb   Thumb Code     2  startup_stm32f401xe.o(.text)
    DebugMon_Handler                         0x080001bd   Thumb Code     2  startup_stm32f401xe.o(.text)
    PendSV_Handler                           0x080001bf   Thumb Code     2  startup_stm32f401xe.o(.text)
    ADC_IRQHandler                           0x080001c3   Thumb Code     0  startup_stm32f401xe.o(.text)
    DMA1_Stream0_IRQHandler                  0x080001c3   Thumb Code     0  startup_stm32f401xe.o(.text)
    DMA1_Stream1_IRQHandler                  0x080001c3   Thumb Code     0  startup_stm32f401xe.o(.text)
    DMA1_Stream2_IRQHandler                  0x080001c3   Thumb Code     0  startup_stm32f401xe.o(.text)
    DMA1_Stream3_IRQHandler                  0x080001c3   Thumb Code     0  startup_stm32f401xe.o(.text)
    DMA1_Stream4_IRQHandler                  0x080001c3   Thumb Code     0  startup_stm32f401xe.o(.text)
    DMA1_Stream5_IRQHandler                  0x080001c3   Thumb Code     0  startup_stm32f401xe.o(.text)
    DMA1_Stream6_IRQHandler                  0x080001c3   Thumb Code     0  startup_stm32f401xe.o(.text)
    DMA1_Stream7_IRQHandler                  0x080001c3   Thumb Code     0  startup_stm32f401xe.o(.text)
    DMA2_Stream0_IRQHandler                  0x080001c3   Thumb Code     0  startup_stm32f401xe.o(.text)
    DMA2_Stream1_IRQHandler                  0x080001c3   Thumb Code     0  startup_stm32f401xe.o(.text)
    DMA2_Stream2_IRQHandler                  0x080001c3   Thumb Code     0  startup_stm32f401xe.o(.text)
    DMA2_Stream3_IRQHandler                  0x080001c3   Thumb Code     0  startup_stm32f401xe.o(.text)
    DMA2_Stream4_IRQHandler                  0x080001c3   Thumb Code     0  startup_stm32f401xe.o(.text)
    DMA2_Stream5_IRQHandler                  0x080001c3   Thumb Code     0  startup_stm32f401xe.o(.text)
    DMA2_Stream6_IRQHandler                  0x080001c3   Thumb Code     0  startup_stm32f401xe.o(.text)
    DMA2_Stream7_IRQHandler                  0x080001c3   Thumb Code     0  startup_stm32f401xe.o(.text)
    EXTI2_IRQHandler                         0x080001c3   Thumb Code     0  startup_stm32f401xe.o(.text)
    EXTI3_IRQHandler                         0x080001c3   Thumb Code     0  startup_stm32f401xe.o(.text)
    EXTI9_5_IRQHandler                       0x080001c3   Thumb Code     0  startup_stm32f401xe.o(.text)
    FLASH_IRQHandler                         0x080001c3   Thumb Code     0  startup_stm32f401xe.o(.text)
    FPU_IRQHandler                           0x080001c3   Thumb Code     0  startup_stm32f401xe.o(.text)
    I2C1_ER_IRQHandler                       0x080001c3   Thumb Code     0  startup_stm32f401xe.o(.text)
    I2C1_EV_IRQHandler                       0x080001c3   Thumb Code     0  startup_stm32f401xe.o(.text)
    I2C2_ER_IRQHandler                       0x080001c3   Thumb Code     0  startup_stm32f401xe.o(.text)
    I2C2_EV_IRQHandler                       0x080001c3   Thumb Code     0  startup_stm32f401xe.o(.text)
    I2C3_ER_IRQHandler                       0x080001c3   Thumb Code     0  startup_stm32f401xe.o(.text)
    I2C3_EV_IRQHandler                       0x080001c3   Thumb Code     0  startup_stm32f401xe.o(.text)
    OTG_FS_IRQHandler                        0x080001c3   Thumb Code     0  startup_stm32f401xe.o(.text)
    OTG_FS_WKUP_IRQHandler                   0x080001c3   Thumb Code     0  startup_stm32f401xe.o(.text)
    PVD_IRQHandler                           0x080001c3   Thumb Code     0  startup_stm32f401xe.o(.text)
    RCC_IRQHandler                           0x080001c3   Thumb Code     0  startup_stm32f401xe.o(.text)
    RTC_Alarm_IRQHandler                     0x080001c3   Thumb Code     0  startup_stm32f401xe.o(.text)
    RTC_WKUP_IRQHandler                      0x080001c3   Thumb Code     0  startup_stm32f401xe.o(.text)
    SDIO_IRQHandler                          0x080001c3   Thumb Code     0  startup_stm32f401xe.o(.text)
    SPI1_IRQHandler                          0x080001c3   Thumb Code     0  startup_stm32f401xe.o(.text)
    SPI2_IRQHandler                          0x080001c3   Thumb Code     0  startup_stm32f401xe.o(.text)
    SPI3_IRQHandler                          0x080001c3   Thumb Code     0  startup_stm32f401xe.o(.text)
    SPI4_IRQHandler                          0x080001c3   Thumb Code     0  startup_stm32f401xe.o(.text)
    TAMP_STAMP_IRQHandler                    0x080001c3   Thumb Code     0  startup_stm32f401xe.o(.text)
    TIM1_BRK_TIM9_IRQHandler                 0x080001c3   Thumb Code     0  startup_stm32f401xe.o(.text)
    TIM1_CC_IRQHandler                       0x080001c3   Thumb Code     0  startup_stm32f401xe.o(.text)
    TIM1_TRG_COM_TIM11_IRQHandler            0x080001c3   Thumb Code     0  startup_stm32f401xe.o(.text)
    TIM1_UP_TIM10_IRQHandler                 0x080001c3   Thumb Code     0  startup_stm32f401xe.o(.text)
    TIM2_IRQHandler                          0x080001c3   Thumb Code     0  startup_stm32f401xe.o(.text)
    TIM3_IRQHandler                          0x080001c3   Thumb Code     0  startup_stm32f401xe.o(.text)
    TIM4_IRQHandler                          0x080001c3   Thumb Code     0  startup_stm32f401xe.o(.text)
    TIM5_IRQHandler                          0x080001c3   Thumb Code     0  startup_stm32f401xe.o(.text)
    USART1_IRQHandler                        0x080001c3   Thumb Code     0  startup_stm32f401xe.o(.text)
    USART6_IRQHandler                        0x080001c3   Thumb Code     0  startup_stm32f401xe.o(.text)
    WWDG_IRQHandler                          0x080001c3   Thumb Code     0  startup_stm32f401xe.o(.text)
    __aeabi_dadd                             0x080001cd   Thumb Code   322  dadd.o(.text)
    __aeabi_dsub                             0x0800030f   Thumb Code     6  dadd.o(.text)
    __aeabi_drsub                            0x08000315   Thumb Code     6  dadd.o(.text)
    __aeabi_dmul                             0x0800031b   Thumb Code   228  dmul.o(.text)
    __aeabi_ddiv                             0x080003ff   Thumb Code   222  ddiv.o(.text)
    __aeabi_ui2d                             0x080004dd   Thumb Code    26  dfltui.o(.text)
    __aeabi_f2d                              0x080004f7   Thumb Code    38  f2d.o(.text)
    __aeabi_d2f                              0x0800051d   Thumb Code    56  d2f.o(.text)
    __aeabi_llsl                             0x08000555   Thumb Code    30  llshl.o(.text)
    _ll_shift_l                              0x08000555   Thumb Code     0  llshl.o(.text)
    __aeabi_lasr                             0x08000573   Thumb Code    36  llsshr.o(.text)
    _ll_sshift_r                             0x08000573   Thumb Code     0  llsshr.o(.text)
    __I$use$fp                               0x08000597   Thumb Code     0  iusefp.o(.text)
    _float_round                             0x08000597   Thumb Code    18  fepilogue.o(.text)
    _float_epilogue                          0x080005a9   Thumb Code    92  fepilogue.o(.text)
    _double_round                            0x08000605   Thumb Code    30  depilogue.o(.text)
    _double_epilogue                         0x08000623   Thumb Code   156  depilogue.o(.text)
    __ARM_scalbn                             0x080006bf   Thumb Code    46  dscalb.o(.text)
    scalbn                                   0x080006bf   Thumb Code     0  dscalb.o(.text)
    __aeabi_i2d                              0x080006ed   Thumb Code    34  dflti.o(.text)
    __aeabi_cdrcmple                         0x08000711   Thumb Code    48  cdrcmple.o(.text)
    __scatterload                            0x08000741   Thumb Code    28  init.o(.text)
    __scatterload_rt2                        0x08000741   Thumb Code     0  init.o(.text)
    __aeabi_llsr                             0x08000765   Thumb Code    32  llushr.o(.text)
    _ll_ushift_r                             0x08000765   Thumb Code     0  llushr.o(.text)
    _dsqrt                                   0x08000785   Thumb Code   162  dsqrt.o(.text)
    __aeabi_d2iz                             0x08000827   Thumb Code    62  dfixi.o(.text)
    __decompress                             0x08000865   Thumb Code     0  __dczerorl2.o(.text)
    __decompress1                            0x08000865   Thumb Code    86  __dczerorl2.o(.text)
    BSP_0_Config                             0x080008bd   Thumb Code     8  xnucleoihm02a1.o(i.BSP_0_Config)
    BSP_1_Config                             0x080008c9   Thumb Code     8  xnucleoihm02a1.o(i.BSP_1_Config)
    BSP_2_Config                             0x080008d5   Thumb Code     8  xnucleoihm02a1.o(i.BSP_2_Config)
    BSP_3_Config                             0x080008e1   Thumb Code     8  xnucleoihm02a1.o(i.BSP_3_Config)
    BSP_Config                               0x080008ed   Thumb Code    34  xnucleoihm02a1.o(i.BSP_Config)
    BSP_GetExpansionBoardHandle              0x08000911   Thumb Code    70  xnucleoihm02a1.o(i.BSP_GetExpansionBoardHandle)
    BSP_IRQ                                  0x0800095d   Thumb Code    38  xnucleoihm02a1.o(i.BSP_IRQ)
    BSP_Init                                 0x08000983   Thumb Code    30  xnucleoihm02a1.o(i.BSP_Init)
    BSP_L6470_0_0_Config                     0x080009a1   Thumb Code     8  xnucleoihm02a1.o(i.BSP_L6470_0_0_Config)
    BSP_L6470_0_1_Config                     0x080009ad   Thumb Code     8  xnucleoihm02a1.o(i.BSP_L6470_0_1_Config)
    BSP_L6470_1_0_Config                     0x080009b9   Thumb Code     8  xnucleoihm02a1.o(i.BSP_L6470_1_0_Config)
    BSP_L6470_1_1_Config                     0x080009c5   Thumb Code     8  xnucleoihm02a1.o(i.BSP_L6470_1_1_Config)
    BSP_L6470_2_0_Config                     0x080009d1   Thumb Code     8  xnucleoihm02a1.o(i.BSP_L6470_2_0_Config)
    BSP_L6470_2_1_Config                     0x080009dd   Thumb Code     8  xnucleoihm02a1.o(i.BSP_L6470_2_1_Config)
    BSP_L6470_3_0_Config                     0x080009e9   Thumb Code     8  xnucleoihm02a1.o(i.BSP_L6470_3_0_Config)
    BSP_L6470_3_1_Config                     0x080009f5   Thumb Code     8  xnucleoihm02a1.o(i.BSP_L6470_3_1_Config)
    BSP_L6470_CheckStatusRegisterFlag        0x08000a01   Thumb Code    28  xnucleoihm02a1.o(i.BSP_L6470_CheckStatusRegisterFlag)
    BSP_L6470_GetParam                       0x08000a1d   Thumb Code    28  xnucleoihm02a1.o(i.BSP_L6470_GetParam)
    BSP_L6470_GetStatus                      0x08000a39   Thumb Code    24  xnucleoihm02a1.o(i.BSP_L6470_GetStatus)
    BSP_L6470_GoHome                         0x08000a51   Thumb Code    24  xnucleoihm02a1.o(i.BSP_L6470_GoHome)
    BSP_L6470_GoMark                         0x08000a69   Thumb Code    24  xnucleoihm02a1.o(i.BSP_L6470_GoMark)
    BSP_L6470_GoTo                           0x08000a81   Thumb Code    28  xnucleoihm02a1.o(i.BSP_L6470_GoTo)
    BSP_L6470_GoToDir                        0x08000a9d   Thumb Code    32  xnucleoihm02a1.o(i.BSP_L6470_GoToDir)
    BSP_L6470_GoUntil                        0x08000abd   Thumb Code    40  xnucleoihm02a1.o(i.BSP_L6470_GoUntil)
    BSP_L6470_HardHiZ                        0x08000ae5   Thumb Code    24  xnucleoihm02a1.o(i.BSP_L6470_HardHiZ)
    BSP_L6470_HardStop                       0x08000afd   Thumb Code    24  xnucleoihm02a1.o(i.BSP_L6470_HardStop)
    BSP_L6470_Init                           0x08000b15   Thumb Code   116  xnucleoihm02a1.o(i.BSP_L6470_Init)
    BSP_L6470_Move                           0x08000b91   Thumb Code    32  xnucleoihm02a1.o(i.BSP_L6470_Move)
    BSP_L6470_ReleaseSW                      0x08000bb1   Thumb Code    32  xnucleoihm02a1.o(i.BSP_L6470_ReleaseSW)
    BSP_L6470_ResetDevice                    0x08000bd1   Thumb Code    24  xnucleoihm02a1.o(i.BSP_L6470_ResetDevice)
    BSP_L6470_ResetPos                       0x08000be9   Thumb Code    24  xnucleoihm02a1.o(i.BSP_L6470_ResetPos)
    BSP_L6470_Run                            0x08000c01   Thumb Code    32  xnucleoihm02a1.o(i.BSP_L6470_Run)
    BSP_L6470_SetParam                       0x08000c21   Thumb Code    32  xnucleoihm02a1.o(i.BSP_L6470_SetParam)
    BSP_L6470_SoftHiZ                        0x08000c41   Thumb Code    24  xnucleoihm02a1.o(i.BSP_L6470_SoftHiZ)
    BSP_L6470_SoftStop                       0x08000c59   Thumb Code    24  xnucleoihm02a1.o(i.BSP_L6470_SoftStop)
    BSP_L6470_StepClock                      0x08000c71   Thumb Code    28  xnucleoihm02a1.o(i.BSP_L6470_StepClock)
    BSP_NUCLEO_GPIO_Init                     0x08000c8d   Thumb Code   196  xnucleoihm02a1.o(i.BSP_NUCLEO_GPIO_Init)
    BSP_Select                               0x08000d5d   Thumb Code    38  xnucleoihm02a1.o(i.BSP_Select)
    Base_Rot                                 0x08000d8d   Thumb Code   100  example.o(i.Base_Rot)
    Beta                                     0x08000e01   Thumb Code   164  example.o(i.Beta)
    EXPBRD_ID                                0x08000eb5   Thumb Code     8  xnucleoihm02a1.o(i.EXPBRD_ID)
    EXTI0_IRQHandler                         0x08000ebd   Thumb Code     6  stm32f4xx_it.o(i.EXTI0_IRQHandler)
    EXTI15_10_IRQHandler                     0x08000ec3   Thumb Code     8  stm32f4xx_it.o(i.EXTI15_10_IRQHandler)
    EXTI1_IRQHandler                         0x08000ecb   Thumb Code     6  stm32f4xx_it.o(i.EXTI1_IRQHandler)
    EXTI4_IRQHandler                         0x08000ed1   Thumb Code    32  stm32f4xx_it.o(i.EXTI4_IRQHandler)
    GetMotorParameterInitData                0x08000ef5   Thumb Code     4  params.o(i.GetMotorParameterInitData)
    Gripper                                  0x08000efd   Thumb Code   172  example.o(i.Gripper)
    HAL_Delay                                0x08000fb5   Thumb Code    22  stm32f4xx_hal.o(i.HAL_Delay)
    HAL_GPIO_EXTI_Callback                   0x08000fcb   Thumb Code     2  stm32f4xx_hal_gpio.o(i.HAL_GPIO_EXTI_Callback)
    HAL_GPIO_EXTI_IRQHandler                 0x08000fcd   Thumb Code    18  stm32f4xx_hal_gpio.o(i.HAL_GPIO_EXTI_IRQHandler)
    HAL_GPIO_Init                            0x08000fe5   Thumb Code   582  stm32f4xx_hal_gpio.o(i.HAL_GPIO_Init)
    HAL_GPIO_ReadPin                         0x080012a5   Thumb Code    28  stm32f4xx_hal_gpio.o(i.HAL_GPIO_ReadPin)
    HAL_GPIO_WritePin                        0x080012fd   Thumb Code    46  stm32f4xx_hal_gpio.o(i.HAL_GPIO_WritePin)
    HAL_GetTick                              0x08001369   Thumb Code     6  stm32f4xx_hal.o(i.HAL_GetTick)
    HAL_IncTick                              0x08001375   Thumb Code    10  stm32f4xx_hal.o(i.HAL_IncTick)
    HAL_Init                                 0x08001385   Thumb Code    48  stm32f4xx_hal.o(i.HAL_Init)
    HAL_InitTick                             0x080013b9   Thumb Code    34  stm32f4xx_hal.o(i.HAL_InitTick)
    HAL_MspInit                              0x080013db   Thumb Code    22  stm32f4xx_hal_msp.o(i.HAL_MspInit)
    HAL_NVIC_DisableIRQ                      0x080013f1   Thumb Code    36  stm32f4xx_hal_cortex.o(i.HAL_NVIC_DisableIRQ)
    HAL_NVIC_EnableIRQ                       0x08001455   Thumb Code    36  stm32f4xx_hal_cortex.o(i.HAL_NVIC_EnableIRQ)
    HAL_NVIC_SetPriority                     0x080014b9   Thumb Code    92  stm32f4xx_hal_cortex.o(i.HAL_NVIC_SetPriority)
    HAL_NVIC_SetPriorityGrouping             0x08001559   Thumb Code    58  stm32f4xx_hal_cortex.o(i.HAL_NVIC_SetPriorityGrouping)
    HAL_RCC_ClockConfig                      0x080015dd   Thumb Code   794  stm32f4xx_hal_rcc.o(i.HAL_RCC_ClockConfig)
    HAL_RCC_GetHCLKFreq                      0x0800193d   Thumb Code    38  stm32f4xx_hal_rcc.o(i.HAL_RCC_GetHCLKFreq)
    HAL_RCC_GetPCLK1Freq                     0x08001971   Thumb Code    36  stm32f4xx_hal_rcc.o(i.HAL_RCC_GetPCLK1Freq)
    HAL_RCC_GetPCLK2Freq                     0x0800199d   Thumb Code    36  stm32f4xx_hal_rcc.o(i.HAL_RCC_GetPCLK2Freq)
    HAL_RCC_GetSysClockFreq                  0x080019c9   Thumb Code   104  stm32f4xx_hal_rcc.o(i.HAL_RCC_GetSysClockFreq)
    HAL_RCC_OscConfig                        0x08001a39   Thumb Code  1096  stm32f4xx_hal_rcc.o(i.HAL_RCC_OscConfig)
    HAL_SPI_Init                             0x08001e81   Thumb Code   360  stm32f4xx_hal_spi.o(i.HAL_SPI_Init)
    HAL_SPI_MspInit                          0x08002025   Thumb Code   172  stm32f4xx_hal_msp.o(i.HAL_SPI_MspInit)
    HAL_SPI_TransmitReceive                  0x080020e5   Thumb Code   708  stm32f4xx_hal_spi.o(i.HAL_SPI_TransmitReceive)
    HAL_SYSTICK_Callback                     0x080023e5   Thumb Code     2  stm32f4xx_hal_cortex.o(i.HAL_SYSTICK_Callback)
    HAL_SYSTICK_Config                       0x080023e7   Thumb Code    40  stm32f4xx_hal_cortex.o(i.HAL_SYSTICK_Config)
    HAL_SYSTICK_IRQHandler                   0x0800240f   Thumb Code     8  stm32f4xx_hal_cortex.o(i.HAL_SYSTICK_IRQHandler)
    HAL_UART_ErrorCallback                   0x08002417   Thumb Code     2  stm32f4xx_hal_uart.o(i.HAL_UART_ErrorCallback)
    HAL_UART_IRQHandler                      0x08002419   Thumb Code   264  stm32f4xx_hal_uart.o(i.HAL_UART_IRQHandler)
    HAL_UART_Init                            0x08002521   Thumb Code   216  stm32f4xx_hal_uart.o(i.HAL_UART_Init)
    HAL_UART_MspInit                         0x08002641   Thumb Code    98  stm32f4xx_hal_msp.o(i.HAL_UART_MspInit)
    HAL_UART_RxCpltCallback                  0x080026b1   Thumb Code     2  stm32f4xx_hal_uart.o(i.HAL_UART_RxCpltCallback)
    HAL_UART_Transmit                        0x080026b3   Thumb Code   200  stm32f4xx_hal_uart.o(i.HAL_UART_Transmit)
    HAL_UART_TxCpltCallback                  0x0800277b   Thumb Code     2  stm32f4xx_hal_uart.o(i.HAL_UART_TxCpltCallback)
    Home_Arm                                 0x0800277d   Thumb Code  1158  example.o(i.Home_Arm)
    Humerus_Rot                              0x08002c0d   Thumb Code    10  example.o(i.Humerus_Rot)
    L6470_CheckStatusRegisterFlag            0x08002c1d   Thumb Code   134  l6470.o(i.L6470_CheckStatusRegisterFlag)
    L6470_Config                             0x08002ca9   Thumb Code   522  l6470.o(i.L6470_Config)
    L6470_DaisyChainCommand                  0x08002eb9   Thumb Code   100  l6470.o(i.L6470_DaisyChainCommand)
    L6470_ExtractReturnedData                0x08002f29   Thumb Code    32  l6470.o(i.L6470_ExtractReturnedData)
    L6470_FillAppCmdPkg                      0x08002f49   Thumb Code    20  l6470.o(i.L6470_FillAppCmdPkg)
    L6470_GetParam                           0x08002f5d   Thumb Code    68  l6470.o(i.L6470_GetParam)
    L6470_GetRegisterName                    0x08002fad   Thumb Code    22  l6470.o(i.L6470_GetRegisterName)
    L6470_GetStatus                          0x08002fcd   Thumb Code    54  l6470.o(i.L6470_GetStatus)
    L6470_GoHome                             0x0800300d   Thumb Code    40  l6470.o(i.L6470_GoHome)
    L6470_GoMark                             0x0800303d   Thumb Code    40  l6470.o(i.L6470_GoMark)
    L6470_GoTo                               0x0800306d   Thumb Code    48  l6470.o(i.L6470_GoTo)
    L6470_GoToDir                            0x080030a5   Thumb Code    48  l6470.o(i.L6470_GoToDir)
    L6470_GoUntil                            0x080030dd   Thumb Code    38  l6470.o(i.L6470_GoUntil)
    L6470_HardHiZ                            0x0800310d   Thumb Code    40  l6470.o(i.L6470_HardHiZ)
    L6470_HardStop                           0x0800313d   Thumb Code    40  l6470.o(i.L6470_HardStop)
    L6470_ID                                 0x0800316d   Thumb Code    12  l6470.o(i.L6470_ID)
    L6470_Move                               0x08003179   Thumb Code    40  l6470.o(i.L6470_Move)
    L6470_PerformPreparedApplicationCommand  0x080031a9   Thumb Code    26  l6470.o(i.L6470_PerformPreparedApplicationCommand)
    L6470_PrepareAppCmdPkg                   0x080031cd   Thumb Code    52  l6470.o(i.L6470_PrepareAppCmdPkg)
    L6470_PrepareDaisyChainCommand           0x08003205   Thumb Code   436  l6470.o(i.L6470_PrepareDaisyChainCommand)
    L6470_PrepareGetParam                    0x080033bd   Thumb Code    20  l6470.o(i.L6470_PrepareGetParam)
    L6470_PrepareGetStatus                   0x080033d5   Thumb Code    20  l6470.o(i.L6470_PrepareGetStatus)
    L6470_PrepareGoHome                      0x080033ed   Thumb Code    20  l6470.o(i.L6470_PrepareGoHome)
    L6470_PrepareGoMark                      0x08003405   Thumb Code    20  l6470.o(i.L6470_PrepareGoMark)
    L6470_PrepareGoTo                        0x0800341d   Thumb Code    20  l6470.o(i.L6470_PrepareGoTo)
    L6470_PrepareGoToDir                     0x08003435   Thumb Code    20  l6470.o(i.L6470_PrepareGoToDir)
    L6470_PrepareGoUntil                     0x0800344d   Thumb Code    18  l6470.o(i.L6470_PrepareGoUntil)
    L6470_PrepareHardHiZ                     0x08003465   Thumb Code    20  l6470.o(i.L6470_PrepareHardHiZ)
    L6470_PrepareHardStop                    0x0800347d   Thumb Code    20  l6470.o(i.L6470_PrepareHardStop)
    L6470_PrepareMove                        0x08003495   Thumb Code    20  l6470.o(i.L6470_PrepareMove)
    L6470_PrepareReleaseSW                   0x080034ad   Thumb Code    20  l6470.o(i.L6470_PrepareReleaseSW)
    L6470_PrepareResetDevice                 0x080034c5   Thumb Code    20  l6470.o(i.L6470_PrepareResetDevice)
    L6470_PrepareResetPos                    0x080034dd   Thumb Code    20  l6470.o(i.L6470_PrepareResetPos)
    L6470_PrepareRun                         0x080034f5   Thumb Code    20  l6470.o(i.L6470_PrepareRun)
    L6470_PrepareSetParam                    0x0800350d   Thumb Code    20  l6470.o(i.L6470_PrepareSetParam)
    L6470_PrepareSoftHiZ                     0x08003525   Thumb Code    20  l6470.o(i.L6470_PrepareSoftHiZ)
    L6470_PrepareSoftStop                    0x0800353d   Thumb Code    20  l6470.o(i.L6470_PrepareSoftStop)
    L6470_PrepareStepClock                   0x08003555   Thumb Code    20  l6470.o(i.L6470_PrepareStepClock)
    L6470_ReleaseSW                          0x0800356d   Thumb Code    40  l6470.o(i.L6470_ReleaseSW)
    L6470_ResetAppCmdPkg                     0x0800359d   Thumb Code    26  l6470.o(i.L6470_ResetAppCmdPkg)
    L6470_ResetDevice                        0x080035b9   Thumb Code    40  l6470.o(i.L6470_ResetDevice)
    L6470_ResetPos                           0x080035e9   Thumb Code    40  l6470.o(i.L6470_ResetPos)
    L6470_Run                                0x08003619   Thumb Code    40  l6470.o(i.L6470_Run)
    L6470_SetParam                           0x08003649   Thumb Code    40  l6470.o(i.L6470_SetParam)
    L6470_SoftHiZ                            0x08003679   Thumb Code    40  l6470.o(i.L6470_SoftHiZ)
    L6470_SoftStop                           0x080036a9   Thumb Code    40  l6470.o(i.L6470_SoftStop)
    L6470_StepClock                          0x080036d9   Thumb Code    40  l6470.o(i.L6470_StepClock)
    MX_SPI1_Init                             0x08003709   Thumb Code   126  xnucleoihm02a1_interface.o(i.MX_SPI1_Init)
    MX_USART2_Init                           0x08003795   Thumb Code    32  xnucleoihm02a1_interface.o(i.MX_USART2_Init)
    Motor_Param_Reg_Init                     0x080037bd   Thumb Code    74  example_usart.o(i.Motor_Param_Reg_Init)
    Move_Arm_Relative                        0x0800384d   Thumb Code   680  example.o(i.Move_Arm_Relative)
    NUCLEO_Board_Init                        0x08003af5   Thumb Code    22  xnucleoihm02a1_interface.o(i.NUCLEO_Board_Init)
    Phi                                      0x08003b2d   Thumb Code   188  example.o(i.Phi)
    Step_s2_2_Acc                            0x08003ca9   Thumb Code    34  l6470.o(i.Step_s2_2_Acc)
    Step_s2_2_Dec                            0x08003cd5   Thumb Code    34  l6470.o(i.Step_s2_2_Dec)
    Step_s_2_FsSpd                           0x08003d01   Thumb Code    42  l6470.o(i.Step_s_2_FsSpd)
    Step_s_2_IntSpeed                        0x08003d35   Thumb Code    34  l6470.o(i.Step_s_2_IntSpeed)
    Step_s_2_MaxSpeed                        0x08003d61   Thumb Code    34  l6470.o(i.Step_s_2_MaxSpeed)
    Step_s_2_MinSpeed                        0x08003d8d   Thumb Code    34  l6470.o(i.Step_s_2_MinSpeed)
    SysTick_Handler                          0x08003db9   Thumb Code    14  stm32f4xx_it.o(i.SysTick_Handler)
    SystemClock_Config                       0x08003dc9   Thumb Code   110  xnucleoihm02a1_interface.o(i.SystemClock_Config)
    SystemInit                               0x08003e41   Thumb Code    66  system_stm32f4xx.o(i.SystemInit)
    USART2_IRQHandler                        0x08004241   Thumb Code    18  stm32f4xx_it.o(i.USART2_IRQHandler)
    USART_ITCharManager                      0x08004259   Thumb Code    98  example_usart.o(i.USART_ITCharManager)
    USART_PrintAllRegisterValues             0x080042cd   Thumb Code    60  example_usart.o(i.USART_PrintAllRegisterValues)
    USART_PrintRegisterValues                0x08004309   Thumb Code   158  example_usart.o(i.USART_PrintRegisterValues)
    USART_Transmit                           0x080043f1   Thumb Code    22  example_usart.o(i.USART_Transmit)
    Ulna_Rot                                 0x08004409   Thumb Code    10  example.o(i.Ulna_Rot)
    __ARM_fpclassify                         0x08004419   Thumb Code    48  fpclassify.o(i.__ARM_fpclassify)
    __hardfp_acos                            0x08004449   Thumb Code   738  acos.o(i.__hardfp_acos)
    __hardfp_atan                            0x080047a1   Thumb Code   622  atan.o(i.__hardfp_atan)
    __hardfp_cos                             0x08004a79   Thumb Code   180  cos.o(i.__hardfp_cos)
    __hardfp_pow                             0x08004b41   Thumb Code  3072  pow.o(i.__hardfp_pow)
    __hardfp_sin                             0x08005791   Thumb Code   180  sin.o(i.__hardfp_sin)
    __ieee754_rem_pio2                       0x08005859   Thumb Code   938  rred.o(i.__ieee754_rem_pio2)
    __kernel_cos                             0x08005c91   Thumb Code   322  cos_i.o(i.__kernel_cos)
    __kernel_poly                            0x08005e01   Thumb Code   248  poly.o(i.__kernel_poly)
    __kernel_sin                             0x08005ef9   Thumb Code   280  sin_i.o(i.__kernel_sin)
    __mathlib_dbl_divzero                    0x08006029   Thumb Code    28  dunder.o(i.__mathlib_dbl_divzero)
    __mathlib_dbl_infnan                     0x08006059   Thumb Code    20  dunder.o(i.__mathlib_dbl_infnan)
    __mathlib_dbl_infnan2                    0x0800606d   Thumb Code    20  dunder.o(i.__mathlib_dbl_infnan2)
    __mathlib_dbl_invalid                    0x08006081   Thumb Code    24  dunder.o(i.__mathlib_dbl_invalid)
    __mathlib_dbl_overflow                   0x080060a1   Thumb Code    24  dunder.o(i.__mathlib_dbl_overflow)
    __mathlib_dbl_underflow                  0x080060c1   Thumb Code    24  dunder.o(i.__mathlib_dbl_underflow)
    __scatterload_copy                       0x080060e1   Thumb Code    14  handlers.o(i.__scatterload_copy)
    __scatterload_null                       0x080060ef   Thumb Code     2  handlers.o(i.__scatterload_null)
    __scatterload_zeroinit                   0x080060f1   Thumb Code    14  handlers.o(i.__scatterload_zeroinit)
    __set_errno                              0x08006101   Thumb Code     6  errno.o(i.__set_errno)
    assert_failed                            0x0800610d   Thumb Code     2  main.o(i.assert_failed)
    dist                                     0x08006111   Thumb Code   112  example.o(i.dist)
    fabs                                     0x08006191   Thumb Code    24  fabs.o(i.fabs)
    mA_2_OcdTh                               0x080061a9   Thumb Code    64  l6470.o(i.mA_2_OcdTh)
    mA_2_StallTh                             0x080061f1   Thumb Code    64  l6470.o(i.mA_2_StallTh)
    main                                     0x08006239   Thumb Code   338  main.o(i.main)
    num2hex                                  0x080063a9   Thumb Code    84  example_usart.o(i.num2hex)
    s_Step_2_FnSlpAcc                        0x08006401   Thumb Code    34  l6470.o(i.s_Step_2_FnSlpAcc)
    s_Step_2_FnSlpDec                        0x0800642d   Thumb Code    34  l6470.o(i.s_Step_2_FnSlpDec)
    s_Step_2_StSlp                           0x08006459   Thumb Code    34  l6470.o(i.s_Step_2_StSlp)
    sqrt                                     0x08006485   Thumb Code   110  sqrt.o(i.sqrt)
    L6470_Register                           0x080064f4   Data         500  l6470.o(.constdata)
    L6470_ApplicationCommand                 0x080066e8   Data         266  l6470.o(.constdata)
    L6470_Direction                          0x080067f2   Data          18  l6470.o(.constdata)
    L6470_ACT                                0x08006804   Data          10  l6470.o(.constdata)
    APBAHBPrescTable                         0x0800680e   Data          16  stm32f4xx_hal_rcc.o(.constdata)
    MotorParameterInitData                   0x08006820   Data         704  params.o(.constdata)
    __mathlib_zero                           0x08006c80   Data           8  qnan.o(.constdata)
    Region$$Table$$Base                      0x08006d78   Number         0  anon$$obj.o(Region$$Table)
    Region$$Table$$Limit                     0x08006d98   Number         0  anon$$obj.o(Region$$Table)
    L6470Command                             0x20000000   Data         148  l6470.o(.data)
    L6470_DaisyChain_HalfPrepared            0x20000094   Data           1  l6470.o(.data)
    delay_cnt                                0x20000095   Data           1  l6470.o(.data)
    pL6470_StatusRegister                    0x20000098   Data           4  l6470.o(.data)
    L6470_DaisyChainSpiTxStruct              0x2000009c   Data           8  l6470.o(.data)
    L6470_DaisyChainSpiRxStruct              0x200000a4   Data           8  l6470.o(.data)
    L6470_StatusRegister                     0x200000ac   Data           2  l6470.o(.data)
    XNUCLEOIHM02A1Command                    0x200000b4   Data          80  xnucleoihm02a1.o(.data)
    L6470DrvMtx                              0x20000104   Data         480  xnucleoihm02a1.o(.data)
    XNUCLEOIHM02A1Drv                        0x200002e4   Data          96  xnucleoihm02a1.o(.data)
    L6470_nSTBY_nRST_GPIO                    0x20000344   Data          12  xnucleoihm02a1.o(.data)
    L6470_nBUSY_SYNC_GPIO                    0x20000350   Data          12  xnucleoihm02a1.o(.data)
    L6470_nFLAG_GPIO                         0x2000035c   Data          12  xnucleoihm02a1.o(.data)
    L6470_nCS_GPIO_Array                     0x20000368   Data          36  xnucleoihm02a1.o(.data)
    SystemCoreClock                          0x2000038c   Data           4  system_stm32f4xx.o(.data)
    L6470_AppCmdPkg                          0x20000394   Data          32  l6470.o(.bss)
    L6470_nCS_GPIO                           0x200003b4   Data          12  xnucleoihm02a1.o(.bss)
    hadc1                                    0x200003c0   Data          68  xnucleoihm02a1_interface.o(.bss)
    hspi1                                    0x20000404   Data          88  xnucleoihm02a1_interface.o(.bss)
    hspi2                                    0x2000045c   Data          88  xnucleoihm02a1_interface.o(.bss)
    huart2                                   0x200004c0   Data          64  example_usart.o(.bss)
    L6470_DaisyChainMnemonic                 0x20000500   Data          26  example_usart.o(.bss)
    UsartTextString                          0x2000051a   Data          64  example_usart.o(.bss)
    L6470_TextCommandBundle                  0x2000055a   Data          96  example_usart.o(.bss)
    GPIO_InitStructure                       0x200005bc   Data          20  example.o(.bss)
    __initial_sp                             0x200009d0   Data           0  startup_stm32f401xe.o(STACK)



==============================================================================

Memory Map of the image

  Image Entry point : 0x08000195

  Load Region LR_IROM1 (Base: 0x08000000, Size: 0x0000712c, Max: 0x00080000, ABSOLUTE, COMPRESSED[0x00006ed4])

    Execution Region ER_IROM1 (Exec base: 0x08000000, Load base: 0x08000000, Size: 0x00006d98, Max: 0x00080000, ABSOLUTE)

    Exec Addr    Load Addr    Size         Type   Attr      Idx    E Section Name        Object

    0x08000000   0x08000000   0x00000194   Data   RO         4306    RESET               startup_stm32f401xe.o
    0x08000194   0x08000194   0x00000000   Code   RO         4377  * .ARM.Collect$$$$00000000  mc_w.l(entry.o)
    0x08000194   0x08000194   0x00000004   Code   RO         4443    .ARM.Collect$$$$00000001  mc_w.l(entry2.o)
    0x08000198   0x08000198   0x00000004   Code   RO         4446    .ARM.Collect$$$$00000004  mc_w.l(entry5.o)
    0x0800019c   0x0800019c   0x00000000   Code   RO         4448    .ARM.Collect$$$$00000008  mc_w.l(entry7b.o)
    0x0800019c   0x0800019c   0x00000000   Code   RO         4450    .ARM.Collect$$$$0000000A  mc_w.l(entry8b.o)
    0x0800019c   0x0800019c   0x00000008   Code   RO         4451    .ARM.Collect$$$$0000000B  mc_w.l(entry9a.o)
    0x080001a4   0x080001a4   0x00000000   Code   RO         4453    .ARM.Collect$$$$0000000D  mc_w.l(entry10a.o)
    0x080001a4   0x080001a4   0x00000000   Code   RO         4455    .ARM.Collect$$$$0000000F  mc_w.l(entry11a.o)
    0x080001a4   0x080001a4   0x00000004   Code   RO         4444    .ARM.Collect$$$$00002712  mc_w.l(entry2.o)
    0x080001a8   0x080001a8   0x00000024   Code   RO         4307    .text               startup_stm32f401xe.o
    0x080001cc   0x080001cc   0x0000014e   Code   RO         4380    .text               mf_w.l(dadd.o)
    0x0800031a   0x0800031a   0x000000e4   Code   RO         4382    .text               mf_w.l(dmul.o)
    0x080003fe   0x080003fe   0x000000de   Code   RO         4384    .text               mf_w.l(ddiv.o)
    0x080004dc   0x080004dc   0x0000001a   Code   RO         4386    .text               mf_w.l(dfltui.o)
    0x080004f6   0x080004f6   0x00000026   Code   RO         4388    .text               mf_w.l(f2d.o)
    0x0800051c   0x0800051c   0x00000038   Code   RO         4390    .text               mf_w.l(d2f.o)
    0x08000554   0x08000554   0x0000001e   Code   RO         4457    .text               mc_w.l(llshl.o)
    0x08000572   0x08000572   0x00000024   Code   RO         4459    .text               mc_w.l(llsshr.o)
    0x08000596   0x08000596   0x00000000   Code   RO         4468    .text               mc_w.l(iusefp.o)
    0x08000596   0x08000596   0x0000006e   Code   RO         4469    .text               mf_w.l(fepilogue.o)
    0x08000604   0x08000604   0x000000ba   Code   RO         4471    .text               mf_w.l(depilogue.o)
    0x080006be   0x080006be   0x0000002e   Code   RO         4475    .text               mf_w.l(dscalb.o)
    0x080006ec   0x080006ec   0x00000022   Code   RO         4477    .text               mf_w.l(dflti.o)
    0x0800070e   0x0800070e   0x00000002   PAD
    0x08000710   0x08000710   0x00000030   Code   RO         4479    .text               mf_w.l(cdrcmple.o)
    0x08000740   0x08000740   0x00000024   Code   RO         4481    .text               mc_w.l(init.o)
    0x08000764   0x08000764   0x00000020   Code   RO         4483    .text               mc_w.l(llushr.o)
    0x08000784   0x08000784   0x000000a2   Code   RO         4485    .text               mf_w.l(dsqrt.o)
    0x08000826   0x08000826   0x0000003e   Code   RO         4487    .text               mf_w.l(dfixi.o)
    0x08000864   0x08000864   0x00000056   Code   RO         4499    .text               mc_w.l(__dczerorl2.o)
    0x080008ba   0x080008ba   0x00000002   PAD
    0x080008bc   0x080008bc   0x0000000c   Code   RO         3505    i.BSP_0_Config      xnucleoihm02a1.o
    0x080008c8   0x080008c8   0x0000000c   Code   RO         3506    i.BSP_1_Config      xnucleoihm02a1.o
    0x080008d4   0x080008d4   0x0000000c   Code   RO         3507    i.BSP_2_Config      xnucleoihm02a1.o
    0x080008e0   0x080008e0   0x0000000c   Code   RO         3508    i.BSP_3_Config      xnucleoihm02a1.o
    0x080008ec   0x080008ec   0x00000022   Code   RO         3509    i.BSP_Config        xnucleoihm02a1.o
    0x0800090e   0x0800090e   0x00000002   PAD
    0x08000910   0x08000910   0x0000004c   Code   RO         3511    i.BSP_GetExpansionBoardHandle  xnucleoihm02a1.o
    0x0800095c   0x0800095c   0x00000026   Code   RO         3512    i.BSP_IRQ           xnucleoihm02a1.o
    0x08000982   0x08000982   0x0000001e   Code   RO         3513    i.BSP_Init          xnucleoihm02a1.o
    0x080009a0   0x080009a0   0x0000000c   Code   RO         3514    i.BSP_L6470_0_0_Config  xnucleoihm02a1.o
    0x080009ac   0x080009ac   0x0000000c   Code   RO         3515    i.BSP_L6470_0_1_Config  xnucleoihm02a1.o
    0x080009b8   0x080009b8   0x0000000c   Code   RO         3516    i.BSP_L6470_1_0_Config  xnucleoihm02a1.o
    0x080009c4   0x080009c4   0x0000000c   Code   RO         3517    i.BSP_L6470_1_1_Config  xnucleoihm02a1.o
    0x080009d0   0x080009d0   0x0000000c   Code   RO         3518    i.BSP_L6470_2_0_Config  xnucleoihm02a1.o
    0x080009dc   0x080009dc   0x0000000c   Code   RO         3519    i.BSP_L6470_2_1_Config  xnucleoihm02a1.o
    0x080009e8   0x080009e8   0x0000000c   Code   RO         3520    i.BSP_L6470_3_0_Config  xnucleoihm02a1.o
    0x080009f4   0x080009f4   0x0000000c   Code   RO         3521    i.BSP_L6470_3_1_Config  xnucleoihm02a1.o
    0x08000a00   0x08000a00   0x0000001c   Code   RO         3523    i.BSP_L6470_CheckStatusRegisterFlag  xnucleoihm02a1.o
    0x08000a1c   0x08000a1c   0x0000001c   Code   RO         3525    i.BSP_L6470_GetParam  xnucleoihm02a1.o
    0x08000a38   0x08000a38   0x00000018   Code   RO         3526    i.BSP_L6470_GetStatus  xnucleoihm02a1.o
    0x08000a50   0x08000a50   0x00000018   Code   RO         3527    i.BSP_L6470_GoHome  xnucleoihm02a1.o
    0x08000a68   0x08000a68   0x00000018   Code   RO         3528    i.BSP_L6470_GoMark  xnucleoihm02a1.o
    0x08000a80   0x08000a80   0x0000001c   Code   RO         3529    i.BSP_L6470_GoTo    xnucleoihm02a1.o
    0x08000a9c   0x08000a9c   0x00000020   Code   RO         3530    i.BSP_L6470_GoToDir  xnucleoihm02a1.o
    0x08000abc   0x08000abc   0x00000028   Code   RO         3531    i.BSP_L6470_GoUntil  xnucleoihm02a1.o
    0x08000ae4   0x08000ae4   0x00000018   Code   RO         3532    i.BSP_L6470_HardHiZ  xnucleoihm02a1.o
    0x08000afc   0x08000afc   0x00000018   Code   RO         3533    i.BSP_L6470_HardStop  xnucleoihm02a1.o
    0x08000b14   0x08000b14   0x0000007c   Code   RO         3534    i.BSP_L6470_Init    xnucleoihm02a1.o
    0x08000b90   0x08000b90   0x00000020   Code   RO         3535    i.BSP_L6470_Move    xnucleoihm02a1.o
    0x08000bb0   0x08000bb0   0x00000020   Code   RO         3537    i.BSP_L6470_ReleaseSW  xnucleoihm02a1.o
    0x08000bd0   0x08000bd0   0x00000018   Code   RO         3538    i.BSP_L6470_ResetDevice  xnucleoihm02a1.o
    0x08000be8   0x08000be8   0x00000018   Code   RO         3539    i.BSP_L6470_ResetPos  xnucleoihm02a1.o
    0x08000c00   0x08000c00   0x00000020   Code   RO         3540    i.BSP_L6470_Run     xnucleoihm02a1.o
    0x08000c20   0x08000c20   0x00000020   Code   RO         3541    i.BSP_L6470_SetParam  xnucleoihm02a1.o
    0x08000c40   0x08000c40   0x00000018   Code   RO         3542    i.BSP_L6470_SoftHiZ  xnucleoihm02a1.o
    0x08000c58   0x08000c58   0x00000018   Code   RO         3543    i.BSP_L6470_SoftStop  xnucleoihm02a1.o
    0x08000c70   0x08000c70   0x0000001c   Code   RO         3544    i.BSP_L6470_StepClock  xnucleoihm02a1.o
    0x08000c8c   0x08000c8c   0x000000d0   Code   RO         3545    i.BSP_NUCLEO_GPIO_Init  xnucleoihm02a1.o
    0x08000d5c   0x08000d5c   0x00000030   Code   RO         3546    i.BSP_Select        xnucleoihm02a1.o
    0x08000d8c   0x08000d8c   0x00000074   Code   RO         4118    i.Base_Rot          example.o
    0x08000e00   0x08000e00   0x000000b4   Code   RO         4119    i.Beta              example.o
    0x08000eb4   0x08000eb4   0x00000008   Code   RO         3547    i.EXPBRD_ID         xnucleoihm02a1.o
    0x08000ebc   0x08000ebc   0x00000006   Code   RO         3934    i.EXTI0_IRQHandler  stm32f4xx_it.o
    0x08000ec2   0x08000ec2   0x00000008   Code   RO         3935    i.EXTI15_10_IRQHandler  stm32f4xx_it.o
    0x08000eca   0x08000eca   0x00000006   Code   RO         3936    i.EXTI1_IRQHandler  stm32f4xx_it.o
    0x08000ed0   0x08000ed0   0x00000024   Code   RO         3937    i.EXTI4_IRQHandler  stm32f4xx_it.o
    0x08000ef4   0x08000ef4   0x00000008   Code   RO         4252    i.GetMotorParameterInitData  params.o
    0x08000efc   0x08000efc   0x000000b8   Code   RO         4120    i.Gripper           example.o
    0x08000fb4   0x08000fb4   0x00000016   Code   RO          791    i.HAL_Delay         stm32f4xx_hal.o
    0x08000fca   0x08000fca   0x00000002   Code   RO         1329    i.HAL_GPIO_EXTI_Callback  stm32f4xx_hal_gpio.o
    0x08000fcc   0x08000fcc   0x00000018   Code   RO         1330    i.HAL_GPIO_EXTI_IRQHandler  stm32f4xx_hal_gpio.o
    0x08000fe4   0x08000fe4   0x000002c0   Code   RO         1331    i.HAL_GPIO_Init     stm32f4xx_hal_gpio.o
    0x080012a4   0x080012a4   0x00000058   Code   RO         1333    i.HAL_GPIO_ReadPin  stm32f4xx_hal_gpio.o
    0x080012fc   0x080012fc   0x0000006c   Code   RO         1335    i.HAL_GPIO_WritePin  stm32f4xx_hal_gpio.o
    0x08001368   0x08001368   0x0000000c   Code   RO          797    i.HAL_GetTick       stm32f4xx_hal.o
    0x08001374   0x08001374   0x00000010   Code   RO          798    i.HAL_IncTick       stm32f4xx_hal.o
    0x08001384   0x08001384   0x00000034   Code   RO          799    i.HAL_Init          stm32f4xx_hal.o
    0x080013b8   0x080013b8   0x00000022   Code   RO          800    i.HAL_InitTick      stm32f4xx_hal.o
    0x080013da   0x080013da   0x00000016   Code   RO         3876    i.HAL_MspInit       stm32f4xx_hal_msp.o
    0x080013f0   0x080013f0   0x00000064   Code   RO         1037    i.HAL_NVIC_DisableIRQ  stm32f4xx_hal_cortex.o
    0x08001454   0x08001454   0x00000064   Code   RO         1038    i.HAL_NVIC_EnableIRQ  stm32f4xx_hal_cortex.o
    0x080014b8   0x080014b8   0x000000a0   Code   RO         1044    i.HAL_NVIC_SetPriority  stm32f4xx_hal_cortex.o
    0x08001558   0x08001558   0x00000084   Code   RO         1045    i.HAL_NVIC_SetPriorityGrouping  stm32f4xx_hal_cortex.o
    0x080015dc   0x080015dc   0x00000360   Code   RO          680    i.HAL_RCC_ClockConfig  stm32f4xx_hal_rcc.o
    0x0800193c   0x0800193c   0x00000034   Code   RO          685    i.HAL_RCC_GetHCLKFreq  stm32f4xx_hal_rcc.o
    0x08001970   0x08001970   0x0000002c   Code   RO          687    i.HAL_RCC_GetPCLK1Freq  stm32f4xx_hal_rcc.o
    0x0800199c   0x0800199c   0x0000002c   Code   RO          688    i.HAL_RCC_GetPCLK2Freq  stm32f4xx_hal_rcc.o
    0x080019c8   0x080019c8   0x00000070   Code   RO          689    i.HAL_RCC_GetSysClockFreq  stm32f4xx_hal_rcc.o
    0x08001a38   0x08001a38   0x00000448   Code   RO          692    i.HAL_RCC_OscConfig  stm32f4xx_hal_rcc.o
    0x08001e80   0x08001e80   0x000001a4   Code   RO         1485    i.HAL_SPI_Init      stm32f4xx_hal_spi.o
    0x08002024   0x08002024   0x000000c0   Code   RO         3878    i.HAL_SPI_MspInit   stm32f4xx_hal_msp.o
    0x080020e4   0x080020e4   0x00000300   Code   RO         1494    i.HAL_SPI_TransmitReceive  stm32f4xx_hal_spi.o
    0x080023e4   0x080023e4   0x00000002   Code   RO         1048    i.HAL_SYSTICK_Callback  stm32f4xx_hal_cortex.o
    0x080023e6   0x080023e6   0x00000028   Code   RO         1049    i.HAL_SYSTICK_Config  stm32f4xx_hal_cortex.o
    0x0800240e   0x0800240e   0x00000008   Code   RO         1050    i.HAL_SYSTICK_IRQHandler  stm32f4xx_hal_cortex.o
    0x08002416   0x08002416   0x00000002   Code   RO         1853    i.HAL_UART_ErrorCallback  stm32f4xx_hal_uart.o
    0x08002418   0x08002418   0x00000108   Code   RO         1856    i.HAL_UART_IRQHandler  stm32f4xx_hal_uart.o
    0x08002520   0x08002520   0x00000120   Code   RO         1857    i.HAL_UART_Init     stm32f4xx_hal_uart.o
    0x08002640   0x08002640   0x00000070   Code   RO         3880    i.HAL_UART_MspInit  stm32f4xx_hal_msp.o
    0x080026b0   0x080026b0   0x00000002   Code   RO         1863    i.HAL_UART_RxCpltCallback  stm32f4xx_hal_uart.o
    0x080026b2   0x080026b2   0x000000c8   Code   RO         1865    i.HAL_UART_Transmit  stm32f4xx_hal_uart.o
    0x0800277a   0x0800277a   0x00000002   Code   RO         1868    i.HAL_UART_TxCpltCallback  stm32f4xx_hal_uart.o
    0x0800277c   0x0800277c   0x00000490   Code   RO         4121    i.Home_Arm          example.o
    0x08002c0c   0x08002c0c   0x00000010   Code   RO         4122    i.Humerus_Rot       example.o
    0x08002c1c   0x08002c1c   0x0000008c   Code   RO           11    i.L6470_CheckStatusRegisterFlag  l6470.o
    0x08002ca8   0x08002ca8   0x00000210   Code   RO           12    i.L6470_Config      l6470.o
    0x08002eb8   0x08002eb8   0x00000070   Code   RO           13    i.L6470_DaisyChainCommand  l6470.o
    0x08002f28   0x08002f28   0x00000020   Code   RO           14    i.L6470_ExtractReturnedData  l6470.o
    0x08002f48   0x08002f48   0x00000014   Code   RO           15    i.L6470_FillAppCmdPkg  l6470.o
    0x08002f5c   0x08002f5c   0x00000050   Code   RO           16    i.L6470_GetParam    l6470.o
    0x08002fac   0x08002fac   0x00000020   Code   RO           17    i.L6470_GetRegisterName  l6470.o
    0x08002fcc   0x08002fcc   0x00000040   Code   RO           18    i.L6470_GetStatus   l6470.o
    0x0800300c   0x0800300c   0x00000030   Code   RO           19    i.L6470_GoHome      l6470.o
    0x0800303c   0x0800303c   0x00000030   Code   RO           20    i.L6470_GoMark      l6470.o
    0x0800306c   0x0800306c   0x00000038   Code   RO           21    i.L6470_GoTo        l6470.o
    0x080030a4   0x080030a4   0x00000038   Code   RO           22    i.L6470_GoToDir     l6470.o
    0x080030dc   0x080030dc   0x00000030   Code   RO           23    i.L6470_GoUntil     l6470.o
    0x0800310c   0x0800310c   0x00000030   Code   RO           24    i.L6470_HardHiZ     l6470.o
    0x0800313c   0x0800313c   0x00000030   Code   RO           25    i.L6470_HardStop    l6470.o
    0x0800316c   0x0800316c   0x0000000c   Code   RO           26    i.L6470_ID          l6470.o
    0x08003178   0x08003178   0x00000030   Code   RO           27    i.L6470_Move        l6470.o
    0x080031a8   0x080031a8   0x00000024   Code   RO           28    i.L6470_PerformPreparedApplicationCommand  l6470.o
    0x080031cc   0x080031cc   0x00000038   Code   RO           29    i.L6470_PrepareAppCmdPkg  l6470.o
    0x08003204   0x08003204   0x000001b8   Code   RO           30    i.L6470_PrepareDaisyChainCommand  l6470.o
    0x080033bc   0x080033bc   0x00000018   Code   RO           31    i.L6470_PrepareGetParam  l6470.o
    0x080033d4   0x080033d4   0x00000018   Code   RO           32    i.L6470_PrepareGetStatus  l6470.o
    0x080033ec   0x080033ec   0x00000018   Code   RO           33    i.L6470_PrepareGoHome  l6470.o
    0x08003404   0x08003404   0x00000018   Code   RO           34    i.L6470_PrepareGoMark  l6470.o
    0x0800341c   0x0800341c   0x00000018   Code   RO           35    i.L6470_PrepareGoTo  l6470.o
    0x08003434   0x08003434   0x00000018   Code   RO           36    i.L6470_PrepareGoToDir  l6470.o
    0x0800344c   0x0800344c   0x00000018   Code   RO           37    i.L6470_PrepareGoUntil  l6470.o
    0x08003464   0x08003464   0x00000018   Code   RO           38    i.L6470_PrepareHardHiZ  l6470.o
    0x0800347c   0x0800347c   0x00000018   Code   RO           39    i.L6470_PrepareHardStop  l6470.o
    0x08003494   0x08003494   0x00000018   Code   RO           40    i.L6470_PrepareMove  l6470.o
    0x080034ac   0x080034ac   0x00000018   Code   RO           41    i.L6470_PrepareReleaseSW  l6470.o
    0x080034c4   0x080034c4   0x00000018   Code   RO           42    i.L6470_PrepareResetDevice  l6470.o
    0x080034dc   0x080034dc   0x00000018   Code   RO           43    i.L6470_PrepareResetPos  l6470.o
    0x080034f4   0x080034f4   0x00000018   Code   RO           44    i.L6470_PrepareRun  l6470.o
    0x0800350c   0x0800350c   0x00000018   Code   RO           45    i.L6470_PrepareSetParam  l6470.o
    0x08003524   0x08003524   0x00000018   Code   RO           46    i.L6470_PrepareSoftHiZ  l6470.o
    0x0800353c   0x0800353c   0x00000018   Code   RO           47    i.L6470_PrepareSoftStop  l6470.o
    0x08003554   0x08003554   0x00000018   Code   RO           48    i.L6470_PrepareStepClock  l6470.o
    0x0800356c   0x0800356c   0x00000030   Code   RO           49    i.L6470_ReleaseSW   l6470.o
    0x0800359c   0x0800359c   0x0000001a   Code   RO           50    i.L6470_ResetAppCmdPkg  l6470.o
    0x080035b6   0x080035b6   0x00000002   PAD
    0x080035b8   0x080035b8   0x00000030   Code   RO           51    i.L6470_ResetDevice  l6470.o
    0x080035e8   0x080035e8   0x00000030   Code   RO           52    i.L6470_ResetPos    l6470.o
    0x08003618   0x08003618   0x00000030   Code   RO           53    i.L6470_Run         l6470.o
    0x08003648   0x08003648   0x00000030   Code   RO           54    i.L6470_SetParam    l6470.o
    0x08003678   0x08003678   0x00000030   Code   RO           55    i.L6470_SoftHiZ     l6470.o
    0x080036a8   0x080036a8   0x00000030   Code   RO           56    i.L6470_SoftStop    l6470.o
    0x080036d8   0x080036d8   0x00000030   Code   RO           57    i.L6470_StepClock   l6470.o
    0x08003708   0x08003708   0x0000008c   Code   RO         3798    i.MX_SPI1_Init      xnucleoihm02a1_interface.o
    0x08003794   0x08003794   0x00000028   Code   RO         3801    i.MX_USART2_Init    xnucleoihm02a1_interface.o
    0x080037bc   0x080037bc   0x00000090   Code   RO         3997    i.Motor_Param_Reg_Init  example_usart.o
    0x0800384c   0x0800384c   0x000002a8   Code   RO         4123    i.Move_Arm_Relative  example.o
    0x08003af4   0x08003af4   0x00000016   Code   RO         3802    i.NUCLEO_Board_Init  xnucleoihm02a1_interface.o
    0x08003b0a   0x08003b0a   0x00000020   Code   RO         1051    i.NVIC_SetPriority  stm32f4xx_hal_cortex.o
    0x08003b2a   0x08003b2a   0x00000002   PAD
    0x08003b2c   0x08003b2c   0x000000dc   Code   RO         4124    i.Phi               example.o
    0x08003c08   0x08003c08   0x0000009e   Code   RO         1516    i.SPI_WaitOnFlagUntilTimeout  stm32f4xx_hal_spi.o
    0x08003ca6   0x08003ca6   0x00000002   PAD
    0x08003ca8   0x08003ca8   0x0000002c   Code   RO           65    i.Step_s2_2_Acc     l6470.o
    0x08003cd4   0x08003cd4   0x0000002c   Code   RO           66    i.Step_s2_2_Dec     l6470.o
    0x08003d00   0x08003d00   0x00000034   Code   RO           67    i.Step_s_2_FsSpd    l6470.o
    0x08003d34   0x08003d34   0x0000002c   Code   RO           68    i.Step_s_2_IntSpeed  l6470.o
    0x08003d60   0x08003d60   0x0000002c   Code   RO           69    i.Step_s_2_MaxSpeed  l6470.o
    0x08003d8c   0x08003d8c   0x0000002c   Code   RO           70    i.Step_s_2_MinSpeed  l6470.o
    0x08003db8   0x08003db8   0x0000000e   Code   RO         3938    i.SysTick_Handler   stm32f4xx_it.o
    0x08003dc6   0x08003dc6   0x00000002   PAD
    0x08003dc8   0x08003dc8   0x00000078   Code   RO         3803    i.SystemClock_Config  xnucleoihm02a1_interface.o
    0x08003e40   0x08003e40   0x00000054   Code   RO         4271    i.SystemInit        system_stm32f4xx.o
    0x08003e94   0x08003e94   0x000000a6   Code   RO         1875    i.UART_Receive_IT   stm32f4xx_hal_uart.o
    0x08003f3a   0x08003f3a   0x00000002   PAD
    0x08003f3c   0x08003f3c   0x0000020c   Code   RO         1876    i.UART_SetConfig    stm32f4xx_hal_uart.o
    0x08004148   0x08004148   0x00000066   Code   RO         1877    i.UART_Transmit_IT  stm32f4xx_hal_uart.o
    0x080041ae   0x080041ae   0x00000092   Code   RO         1878    i.UART_WaitOnFlagUntilTimeout  stm32f4xx_hal_uart.o
    0x08004240   0x08004240   0x00000018   Code   RO         3939    i.USART2_IRQHandler  stm32f4xx_it.o
    0x08004258   0x08004258   0x00000074   Code   RO         4001    i.USART_ITCharManager  example_usart.o
    0x080042cc   0x080042cc   0x0000003c   Code   RO         4002    i.USART_PrintAllRegisterValues  example_usart.o
    0x08004308   0x08004308   0x000000e8   Code   RO         4003    i.USART_PrintRegisterValues  example_usart.o
    0x080043f0   0x080043f0   0x00000016   Code   RO         4005    i.USART_Transmit    example_usart.o
    0x08004406   0x08004406   0x00000002   PAD
    0x08004408   0x08004408   0x00000010   Code   RO         4125    i.Ulna_Rot          example.o
    0x08004418   0x08004418   0x00000030   Code   RO         4415    i.__ARM_fpclassify  m_wm.l(fpclassify.o)
    0x08004448   0x08004448   0x00000358   Code   RO         4311    i.__hardfp_acos     m_wm.l(acos.o)
    0x080047a0   0x080047a0   0x000002d8   Code   RO         4325    i.__hardfp_atan     m_wm.l(atan.o)
    0x08004a78   0x08004a78   0x000000c8   Code   RO         4339    i.__hardfp_cos      m_wm.l(cos.o)
    0x08004b40   0x08004b40   0x00000c50   Code   RO         4351    i.__hardfp_pow      m_wm.l(pow.o)
    0x08005790   0x08005790   0x000000c8   Code   RO         4365    i.__hardfp_sin      m_wm.l(sin.o)
    0x08005858   0x08005858   0x00000438   Code   RO         4420    i.__ieee754_rem_pio2  m_wm.l(rred.o)
    0x08005c90   0x08005c90   0x00000170   Code   RO         4392    i.__kernel_cos      m_wm.l(cos_i.o)
    0x08005e00   0x08005e00   0x000000f8   Code   RO         4417    i.__kernel_poly     m_wm.l(poly.o)
    0x08005ef8   0x08005ef8   0x00000130   Code   RO         4425    i.__kernel_sin      m_wm.l(sin_i.o)
    0x08006028   0x08006028   0x00000030   Code   RO         4395    i.__mathlib_dbl_divzero  m_wm.l(dunder.o)
    0x08006058   0x08006058   0x00000014   Code   RO         4396    i.__mathlib_dbl_infnan  m_wm.l(dunder.o)
    0x0800606c   0x0800606c   0x00000014   Code   RO         4397    i.__mathlib_dbl_infnan2  m_wm.l(dunder.o)
    0x08006080   0x08006080   0x00000020   Code   RO         4398    i.__mathlib_dbl_invalid  m_wm.l(dunder.o)
    0x080060a0   0x080060a0   0x00000020   Code   RO         4399    i.__mathlib_dbl_overflow  m_wm.l(dunder.o)
    0x080060c0   0x080060c0   0x00000020   Code   RO         4401    i.__mathlib_dbl_underflow  m_wm.l(dunder.o)
    0x080060e0   0x080060e0   0x0000000e   Code   RO         4493    i.__scatterload_copy  mc_w.l(handlers.o)
    0x080060ee   0x080060ee   0x00000002   Code   RO         4494    i.__scatterload_null  mc_w.l(handlers.o)
    0x080060f0   0x080060f0   0x0000000e   Code   RO         4495    i.__scatterload_zeroinit  mc_w.l(handlers.o)
    0x080060fe   0x080060fe   0x00000002   PAD
    0x08006100   0x08006100   0x0000000c   Code   RO         4463    i.__set_errno       mc_w.l(errno.o)
    0x0800610c   0x0800610c   0x00000002   Code   RO         4212    i.assert_failed     main.o
    0x0800610e   0x0800610e   0x00000002   PAD
    0x08006110   0x08006110   0x00000080   Code   RO         4126    i.dist              example.o
    0x08006190   0x08006190   0x00000018   Code   RO         4411    i.fabs              m_wm.l(fabs.o)
    0x080061a8   0x080061a8   0x00000048   Code   RO           72    i.mA_2_OcdTh        l6470.o
    0x080061f0   0x080061f0   0x00000048   Code   RO           73    i.mA_2_StallTh      l6470.o
    0x08006238   0x08006238   0x00000170   Code   RO         4213    i.main              main.o
    0x080063a8   0x080063a8   0x00000058   Code   RO         4007    i.num2hex           example_usart.o
    0x08006400   0x08006400   0x0000002c   Code   RO           74    i.s_Step_2_FnSlpAcc  l6470.o
    0x0800642c   0x0800642c   0x0000002c   Code   RO           75    i.s_Step_2_FnSlpDec  l6470.o
    0x08006458   0x08006458   0x0000002c   Code   RO           76    i.s_Step_2_StSlp    l6470.o
    0x08006484   0x08006484   0x0000006e   Code   RO         4433    i.sqrt              m_wm.l(sqrt.o)
    0x080064f2   0x080064f2   0x00000002   PAD
    0x080064f4   0x080064f4   0x0000031a   Data   RO           78    .constdata          l6470.o
    0x0800680e   0x0800680e   0x00000010   Data   RO          693    .constdata          stm32f4xx_hal_rcc.o
    0x0800681e   0x0800681e   0x00000002   PAD
    0x08006820   0x08006820   0x000002c0   Data   RO         4253    .constdata          params.o
    0x08006ae0   0x08006ae0   0x00000050   Data   RO         4314    .constdata          m_wm.l(acos.o)
    0x08006b30   0x08006b30   0x00000098   Data   RO         4328    .constdata          m_wm.l(atan.o)
    0x08006bc8   0x08006bc8   0x00000088   Data   RO         4354    .constdata          m_wm.l(pow.o)
    0x08006c50   0x08006c50   0x00000030   Data   RO         4393    .constdata          m_wm.l(cos_i.o)
    0x08006c80   0x08006c80   0x00000008   Data   RO         4419    .constdata          m_wm.l(qnan.o)
    0x08006c88   0x08006c88   0x000000c8   Data   RO         4422    .constdata          m_wm.l(rred.o)
    0x08006d50   0x08006d50   0x00000028   Data   RO         4426    .constdata          m_wm.l(sin_i.o)
    0x08006d78   0x08006d78   0x00000020   Data   RO         4491    Region$$Table       anon$$obj.o


    Execution Region RW_IRAM1 (Exec base: 0x20000000, Load base: 0x08006d98, Size: 0x000009d0, Max: 0x00018000, ABSOLUTE, COMPRESSED[0x0000013c])

    Exec Addr    Load Addr    Size         Type   Attr      Idx    E Section Name        Object

    0x20000000   COMPRESSED   0x00000094   Data   RW           79    .data               l6470.o
    0x20000094   COMPRESSED   0x00000018   Data   RW           80    .data               l6470.o
    0x200000ac   COMPRESSED   0x00000002   Data   RW           81    .data               l6470.o
    0x200000ae   COMPRESSED   0x00000002   PAD
    0x200000b0   COMPRESSED   0x00000004   Data   RW          805    .data               stm32f4xx_hal.o
    0x200000b4   COMPRESSED   0x00000050   Data   RW         3550    .data               xnucleoihm02a1.o
    0x20000104   COMPRESSED   0x00000288   Data   RW         3551    .data               xnucleoihm02a1.o
    0x2000038c   COMPRESSED   0x00000004   Data   RW         4273    .data               system_stm32f4xx.o
    0x20000390   COMPRESSED   0x00000004   Data   RW         4464    .data               mc_w.l(errno.o)
    0x20000394        -       0x00000020   Zero   RW           77    .bss                l6470.o
    0x200003b4        -       0x0000000c   Zero   RW         3548    .bss                xnucleoihm02a1.o
    0x200003c0        -       0x000000f4   Zero   RW         3805    .bss                xnucleoihm02a1_interface.o
    0x200004b4        -       0x00000106   Zero   RW         4010    .bss                example_usart.o
    0x200005ba   COMPRESSED   0x00000002   PAD
    0x200005bc        -       0x00000014   Zero   RW         4128    .bss                example.o
    0x200005d0        -       0x00000400   Zero   RW         4304    STACK               startup_stm32f401xe.o


==============================================================================

Image component sizes


      Code (inc. data)   RO Data    RW Data    ZI Data      Debug   Object Name

      2708        130          0          0         20       9294   example.o
       662        166          0          0        262       6278   example_usart.o
      3342        410        794        174         32     301545   l6470.o
       370         30          0          0          0       2055   main.o
         8          4        704          0          0       1089   params.o
        36          8        404          0       1024        864   startup_stm32f401xe.o
       136         16          0          4          0       4306   stm32f4xx_hal.o
       574        270          0          0          0      32129   stm32f4xx_hal_cortex.o
       926        250          0          0          0       4799   stm32f4xx_hal_gpio.o
       326         34          0          0          0       2599   stm32f4xx_hal_msp.o
      2212        188         16          0          0       6735   stm32f4xx_hal_rcc.o
      1346        120          0          0          0       4001   stm32f4xx_hal_spi.o
      1696        146          0          0          0       8983   stm32f4xx_hal_uart.o
        94         10          0          0          0       3190   stm32f4xx_it.o
        84         18          0          4          0       1397   system_stm32f4xx.o
      1238         84          0        728         12      30515   xnucleoihm02a1.o
       322         32          0          0        244       3868   xnucleoihm02a1_interface.o

    ----------------------------------------------------------------------
     16096       1916       1952        912       1596     423647   Object Totals
         0          0         32          0          0          0   (incl. Generated)
        16          0          2          2          2          0   (incl. Padding)

    ----------------------------------------------------------------------

      Code (inc. data)   RO Data    RW Data    ZI Data      Debug   Library Member Name

       856        118         80          0          0        288   acos.o
       728        106        152          0          0        228   atan.o
       200         20          0          0          0        164   cos.o
       368         46         48          0          0        200   cos_i.o
       184         44          0          0          0        744   dunder.o
        24          0          0          0          0        124   fabs.o
        48          0          0          0          0        124   fpclassify.o
       248          0          0          0          0        152   poly.o
      3152        296        136          0          0        352   pow.o
         0          0          8          0          0          0   qnan.o
      1080        142        200          0          0        188   rred.o
       200         20          0          0          0        164   sin.o
       304         24         40          0          0        208   sin_i.o
       110          0          0          0          0        148   sqrt.o
        86          0          0          0          0          0   __dczerorl2.o
         0          0          0          0          0          0   entry.o
         0          0          0          0          0          0   entry10a.o
         0          0          0          0          0          0   entry11a.o
         8          4          0          0          0          0   entry2.o
         4          0          0          0          0          0   entry5.o
         0          0          0          0          0          0   entry7b.o
         0          0          0          0          0          0   entry8b.o
         8          4          0          0          0          0   entry9a.o
        12          6          0          4          0         68   errno.o
        30          0          0          0          0          0   handlers.o
        36          8          0          0          0         68   init.o
         0          0          0          0          0          0   iusefp.o
        30          0          0          0          0         68   llshl.o
        36          0          0          0          0         68   llsshr.o
        32          0          0          0          0         68   llushr.o
        48          0          0          0          0         68   cdrcmple.o
        56          0          0          0          0         88   d2f.o
       334          0          0          0          0        148   dadd.o
       222          0          0          0          0        100   ddiv.o
       186          0          0          0          0        176   depilogue.o
        62          0          0          0          0         80   dfixi.o
        34          0          0          0          0         76   dflti.o
        26          0          0          0          0         76   dfltui.o
       228          0          0          0          0         96   dmul.o
        46          0          0          0          0         80   dscalb.o
       162          0          0          0          0        100   dsqrt.o
        38          0          0          0          0         68   f2d.o
       110          0          0          0          0        168   fepilogue.o

    ----------------------------------------------------------------------
      9344        838        664          4          0       4748   Library Totals
         8          0          0          0          0          0   (incl. Padding)

    ----------------------------------------------------------------------

      Code (inc. data)   RO Data    RW Data    ZI Data      Debug   Library Name

      7502        816        664          0          0       3084   m_wm.l
       282         22          0          4          0        340   mc_w.l
      1552          0          0          0          0       1324   mf_w.l

    ----------------------------------------------------------------------
      9344        838        664          4          0       4748   Library Totals

    ----------------------------------------------------------------------

==============================================================================


      Code (inc. data)   RO Data    RW Data    ZI Data      Debug   

     25440       2754       2616        916       1596     410299   Grand Totals
     25440       2754       2616        316       1596     410299   ELF Image Totals (compressed)
     25440       2754       2616        316          0          0   ROM Totals

==============================================================================

    Total RO  Size (Code + RO Data)                28056 (  27.40kB)
    Total RW  Size (RW Data + ZI Data)              2512 (   2.45kB)
    Total ROM Size (Code + RO Data + RW Data)      28372 (  27.71kB)

==============================================================================

