Component: ARM Compiler 5.06 update 6 (build 750) Tool: armlink [4d35ed]

==============================================================================

Section Cross References

    l6470.o(i.FsSpd_2_Step_s) refers to dfltui.o(.text) for __aeabi_ui2d
    l6470.o(i.FsSpd_2_Step_s) refers to dadd.o(.text) for __aeabi_dadd
    l6470.o(i.FsSpd_2_Step_s) refers to dmul.o(.text) for __aeabi_dmul
    l6470.o(i.FsSpd_2_Step_s) refers to d2f.o(.text) for __aeabi_d2f
    l6470.o(i.L6470_CheckStatusRegisterFlag) refers to l6470.o(i.L6470_GetParam) for L6470_GetParam
    l6470.o(i.L6470_CheckStatusRegisterFlag) refers to l6470.o(.data) for pL6470_StatusRegister
    l6470.o(i.L6470_Config) refers to l6470.o(i.Step_s2_2_Acc) for Step_s2_2_Acc
    l6470.o(i.L6470_Config) refers to l6470.o(i.Step_s2_2_Dec) for Step_s2_2_Dec
    l6470.o(i.L6470_Config) refers to l6470.o(i.Step_s_2_MaxSpeed) for Step_s_2_MaxSpeed
    l6470.o(i.L6470_Config) refers to l6470.o(i.Step_s_2_MinSpeed) for Step_s_2_MinSpeed
    l6470.o(i.L6470_Config) refers to l6470.o(i.Step_s_2_FsSpd) for Step_s_2_FsSpd
    l6470.o(i.L6470_Config) refers to l6470.o(i.Step_s_2_IntSpeed) for Step_s_2_IntSpeed
    l6470.o(i.L6470_Config) refers to l6470.o(i.s_Step_2_StSlp) for s_Step_2_StSlp
    l6470.o(i.L6470_Config) refers to l6470.o(i.s_Step_2_FnSlpAcc) for s_Step_2_FnSlpAcc
    l6470.o(i.L6470_Config) refers to l6470.o(i.s_Step_2_FnSlpDec) for s_Step_2_FnSlpDec
    l6470.o(i.L6470_Config) refers to l6470.o(i.mA_2_OcdTh) for mA_2_OcdTh
    l6470.o(i.L6470_Config) refers to l6470.o(i.mA_2_StallTh) for mA_2_StallTh
    l6470.o(i.L6470_DaisyChainCommand) refers to stm32f4xx_hal_gpio.o(i.HAL_GPIO_WritePin) for HAL_GPIO_WritePin
    l6470.o(i.L6470_DaisyChainCommand) refers to stm32f4xx_hal_spi.o(i.HAL_SPI_TransmitReceive) for HAL_SPI_TransmitReceive
    l6470.o(i.L6470_DaisyChainCommand) refers to l6470.o(.data) for L6470_DaisyChain_HalfPrepared
    l6470.o(i.L6470_DaisyChainCommand) refers to xnucleoihm02a1.o(.bss) for L6470_nCS_GPIO
    l6470.o(i.L6470_DaisyChainCommand) refers to xnucleoihm02a1_interface.o(.bss) for hspi1
    l6470.o(i.L6470_GetParam) refers to l6470.o(i.L6470_PrepareAppCmdPkg) for L6470_PrepareAppCmdPkg
    l6470.o(i.L6470_GetParam) refers to l6470.o(i.L6470_PrepareDaisyChainCommand) for L6470_PrepareDaisyChainCommand
    l6470.o(i.L6470_GetParam) refers to l6470.o(i.L6470_DaisyChainCommand) for L6470_DaisyChainCommand
    l6470.o(i.L6470_GetParam) refers to l6470.o(i.L6470_ExtractReturnedData) for L6470_ExtractReturnedData
    l6470.o(i.L6470_GetParam) refers to l6470.o(.bss) for L6470_AppCmdPkg
    l6470.o(i.L6470_GetParam) refers to l6470.o(.data) for L6470_DaisyChainSpiTxStruct
    l6470.o(i.L6470_GetParam) refers to l6470.o(.constdata) for L6470_Register
    l6470.o(i.L6470_GetRegisterName) refers to l6470.o(.constdata) for L6470_Register
    l6470.o(i.L6470_GetStatus) refers to l6470.o(i.L6470_PrepareAppCmdPkg) for L6470_PrepareAppCmdPkg
    l6470.o(i.L6470_GetStatus) refers to l6470.o(i.L6470_PrepareDaisyChainCommand) for L6470_PrepareDaisyChainCommand
    l6470.o(i.L6470_GetStatus) refers to l6470.o(i.L6470_DaisyChainCommand) for L6470_DaisyChainCommand
    l6470.o(i.L6470_GetStatus) refers to l6470.o(i.L6470_ExtractReturnedData) for L6470_ExtractReturnedData
    l6470.o(i.L6470_GetStatus) refers to l6470.o(.bss) for L6470_AppCmdPkg
    l6470.o(i.L6470_GetStatus) refers to l6470.o(.data) for L6470_DaisyChainSpiTxStruct
    l6470.o(i.L6470_GoHome) refers to l6470.o(i.L6470_PrepareAppCmdPkg) for L6470_PrepareAppCmdPkg
    l6470.o(i.L6470_GoHome) refers to l6470.o(i.L6470_PrepareDaisyChainCommand) for L6470_PrepareDaisyChainCommand
    l6470.o(i.L6470_GoHome) refers to l6470.o(i.L6470_DaisyChainCommand) for L6470_DaisyChainCommand
    l6470.o(i.L6470_GoHome) refers to l6470.o(.bss) for L6470_AppCmdPkg
    l6470.o(i.L6470_GoHome) refers to l6470.o(.data) for L6470_DaisyChainSpiTxStruct
    l6470.o(i.L6470_GoMark) refers to l6470.o(i.L6470_PrepareAppCmdPkg) for L6470_PrepareAppCmdPkg
    l6470.o(i.L6470_GoMark) refers to l6470.o(i.L6470_PrepareDaisyChainCommand) for L6470_PrepareDaisyChainCommand
    l6470.o(i.L6470_GoMark) refers to l6470.o(i.L6470_DaisyChainCommand) for L6470_DaisyChainCommand
    l6470.o(i.L6470_GoMark) refers to l6470.o(.bss) for L6470_AppCmdPkg
    l6470.o(i.L6470_GoMark) refers to l6470.o(.data) for L6470_DaisyChainSpiTxStruct
    l6470.o(i.L6470_GoTo) refers to l6470.o(i.L6470_PrepareAppCmdPkg) for L6470_PrepareAppCmdPkg
    l6470.o(i.L6470_GoTo) refers to l6470.o(i.L6470_PrepareDaisyChainCommand) for L6470_PrepareDaisyChainCommand
    l6470.o(i.L6470_GoTo) refers to l6470.o(i.L6470_DaisyChainCommand) for L6470_DaisyChainCommand
    l6470.o(i.L6470_GoTo) refers to l6470.o(.bss) for L6470_AppCmdPkg
    l6470.o(i.L6470_GoTo) refers to l6470.o(.data) for L6470_DaisyChainSpiTxStruct
    l6470.o(i.L6470_GoToDir) refers to l6470.o(i.L6470_PrepareAppCmdPkg) for L6470_PrepareAppCmdPkg
[...]
    ..\\..\\Drivers\\STM32F4xx_HAL_Driver\\Src\\stm32f4xx_hal_cortex.c 0x00000000   Number         0  stm32f4xx_hal_cortex.o ABSOLUTE
    ..\\..\\Drivers\\STM32F4xx_HAL_Driver\\Src\\stm32f4xx_hal_dma.c 0x00000000   Number         0  stm32f4xx_hal_dma.o ABSOLUTE
    ..\\..\\Drivers\\STM32F4xx_HAL_Driver\\Src\\stm32f4xx_hal_dma_ex.c 0x00000000   Number         0  stm32f4xx_hal_dma_ex.o ABSOLUTE
    ..\\..\\Drivers\\STM32F4xx_HAL_Driver\\Src\\stm32f4xx_hal_flash.c 0x00000000   Number         0  stm32f4xx_hal_flash.o ABSOLUTE
    ..\\..\\Drivers\\STM32F4xx_HAL_Driver\\Src\\stm32f4xx_hal_flash_ex.c 0x00000000   Number         0  stm32f4xx_hal_flash_ex.o ABSOLUTE
    ..\\..\\Drivers\\STM32F4xx_HAL_Driver\\Src\\stm32f4xx_hal_flash_ramfunc.c 0x00000000   Number         0  stm32f4xx_hal_flash_ramfunc.o ABSOLUTE
    ..\\..\\Drivers\\STM32F4xx_HAL_Driver\\Src\\stm32f4xx_hal_gpio.c 0x00000000   Number         0  stm32f4xx_hal_gpio.o ABSOLUTE
    ..\\..\\Drivers\\STM32F4xx_HAL_Driver\\Src\\stm32f4xx_hal_pwr.c 0x00000000   Number         0  stm32f4xx_hal_pwr.o ABSOLUTE
    ..\\..\\Drivers\\STM32F4xx_HAL_Driver\\Src\\stm32f4xx_hal_pwr_ex.c 0x00000000   Number         0  stm32f4xx_hal_pwr_ex.o ABSOLUTE
    ..\\..\\Drivers\\STM32F4xx_HAL_Driver\\Src\\stm32f4xx_hal_rcc.c 0x00000000   Number         0  stm32f4xx_hal_rcc.o ABSOLUTE
    ..\\..\\Drivers\\STM32F4xx_HAL_Driver\\Src\\stm32f4xx_hal_rcc_ex.c 0x00000000   Number         0  stm32f4xx_hal_rcc_ex.o ABSOLUTE
    ..\\..\\Drivers\\STM32F4xx_HAL_Driver\\Src\\stm32f4xx_hal_spi.c 0x00000000   Number         0  stm32f4xx_hal_spi.o ABSOLUTE
    ..\\..\\Drivers\\STM32F4xx_HAL_Driver\\Src\\stm32f4xx_hal_tim.c 0x00000000   Number         0  stm32f4xx_hal_tim.o ABSOLUTE
    ..\\..\\Drivers\\STM32F4xx_HAL_Driver\\Src\\stm32f4xx_hal_tim_ex.c 0x00000000   Number         0  stm32f4xx_hal_tim_ex.o ABSOLUTE
    ..\\..\\Drivers\\STM32F4xx_HAL_Driver\\Src\\stm32f4xx_hal_uart.c 0x00000000   Number         0  stm32f4xx_hal_uart.o ABSOLUTE
    ..\\Src\\NUCLEO-F401RE\\stm32f4xx_hal_msp.c 0x00000000   Number         0  stm32f4xx_hal_msp.o ABSOLUTE
    ..\\Src\\NUCLEO-F401RE\\stm32f4xx_it.c   0x00000000   Number         0  stm32f4xx_it.o ABSOLUTE
    ..\\Src\\example.c                       0x00000000   Number         0  example.o ABSOLUTE
    ..\\Src\\example_usart.c                 0x00000000   Number         0  example_usart.o ABSOLUTE
    ..\\Src\\main.c                          0x00000000   Number         0  main.o ABSOLUTE
    cdcmple.s                                0x00000000   Number         0  cdcmple.o ABSOLUTE
    cdrcmple.s                               0x00000000   Number         0  cdrcmple.o ABSOLUTE
    dc.s                                     0x00000000   Number         0  dc.o ABSOLUTE
    handlers.s                               0x00000000   Number         0  handlers.o ABSOLUTE
    init.s                                   0x00000000   Number         0  init.o ABSOLUTE
    RESET                                    0x08000000   Section      404  startup_stm32f401xe.o(RESET)
    .ARM.Collect$$$$00000000                 0x08000194   Section        0  entry.o(.ARM.Collect$$$$00000000)
    .ARM.Collect$$$$00000001                 0x08000194   Section        4  entry2.o(.ARM.Collect$$$$00000001)
    .ARM.Collect$$$$00000004                 0x08000198   Section        4  entry5.o(.ARM.Collect$$$$00000004)
    .ARM.Collect$$$$00000008                 0x0800019c   Section        0  entry7b.o(.ARM.Collect$$$$00000008)
    .ARM.Collect$$$$0000000A                 0x0800019c   Section        0  entry8b.o(.ARM.Collect$$$$0000000A)
    .ARM.Collect$$$$0000000B                 0x0800019c   Section        8  entry9a.o(.ARM.Collect$$$$0000000B)
    .ARM.Collect$$$$0000000D                 0x080001a4   Section        0  entry10a.o(.ARM.Collect$$$$0000000D)
    .ARM.Collect$$$$0000000F                 0x080001a4   Section        0  entry11a.o(.ARM.Collect$$$$0000000F)
    .ARM.Collect$$$$00002712                 0x080001a4   Section        4  entry2.o(.ARM.Collect$$$$00002712)
    __lit__00000000                          0x080001a4   Data           4  entry2.o(.ARM.Collect$$$$00002712)
    .text                                    0x080001a8   Section       36  startup_stm32f401xe.o(.text)
    $v0                                      0x080001a8   Number         0  startup_stm32f401xe.o(.text)
    .text                                    0x080001cc   Section        0  dadd.o(.text)
    .text                                    0x0800031a   Section        0  dmul.o(.text)
    .text                                    0x080003fe   Section        0  ddiv.o(.text)
    .text                                    0x080004dc   Section        0  dfltui.o(.text)
    .text                                    0x080004f6   Section        0  f2d.o(.text)
    .text                                    0x0800051c   Section       48  cdcmple.o(.text)
    .text                                    0x0800054c   Section        0  d2f.o(.text)
    .text                                    0x08000584   Section        0  llshl.o(.text)
    .text                                    0x080005a2   Section        0  llsshr.o(.text)
    .text                                    0x080005c6   Section        0  fepilogue.o(.text)
    .text                                    0x080005c6   Section        0  iusefp.o(.text)
    .text                                    0x08000634   Section        0  depilogue.o(.text)
    .text                                    0x080006ee   Section        0  dscalb.o(.text)
    .text                                    0x0800071c   Section        0  dflti.o(.text)
    .text                                    0x08000740   Section       48  cdrcmple.o(.text)
    .text                                    0x08000770   Section       36  init.o(.text)
    .text                                    0x08000794   Section        0  llushr.o(.text)
    .text                                    0x080007b4   Section        0  dsqrt.o(.text)
    .text                                    0x08000856   Section        0  dfixi.o(.text)
    .text                                    0x08000894   Section        0  __dczerorl2.o(.text)
    i.BSP_0_Config                           0x080008ec   Section        0  xnucleoihm02a1.o(i.BSP_0_Config)
    i.BSP_1_Config                           0x08000900   Section        0  xnucleoihm02a1.o(i.BSP_1_Config)
    i.BSP_2_Config                           0x08000914   Section        0  xnucleoihm02a1.o(i.BSP_2_Config)
    i.BSP_3_Config                           0x08000928   Section        0  xnucleoihm02a1.o(i.BSP_3_Config)
    i.BSP_Config                             0x0800093c   Section        0  xnucleoihm02a1.o(i.BSP_Config)
    i.BSP_GetExpansionBoardHandle            0x0800095c   Section        0  xnucleoihm02a1.o(i.BSP_GetExpansionBoardHandle)
    i.BSP_IRQ                                0x080009a8   Section        0  xnucleoihm02a1.o(i.BSP_IRQ)
    i.BSP_Init                               0x080009cc   Section        0  xnucleoihm02a1.o(i.BSP_Init)
    i.BSP_L6470_0_0_Config                   0x080009ec   Section        0  xnucleoihm02a1.o(i.BSP_L6470_0_0_Config)
    i.BSP_L6470_0_1_Config                   0x08000a00   Section        0  xnucleoihm02a1.o(i.BSP_L6470_0_1_Config)
    i.BSP_L6470_1_0_Config                   0x08000a14   Section        0  xnucleoihm02a1.o(i.BSP_L6470_1_0_Config)
    i.BSP_L6470_1_1_Config                   0x08000a28   Section        0  xnucleoihm02a1.o(i.BSP_L6470_1_1_Config)
    i.BSP_L6470_2_0_Config                   0x08000a3c   Section        0  xnucleoihm02a1.o(i.BSP_L6470_2_0_Config)
    i.BSP_L6470_2_1_Config                   0x08000a50   Section        0  xnucleoihm02a1.o(i.BSP_L6470_2_1_Config)
    i.BSP_L6470_3_0_Config                   0x08000a64   Section        0  xnucleoihm02a1.o(i.BSP_L6470_3_0_Config)
    i.BSP_L6470_3_1_Config                   0x08000a78   Section        0  xnucleoihm02a1.o(i.BSP_L6470_3_1_Config)
    i.BSP_L6470_CheckStatusRegisterFlag      0x08000a8c   Section        0  xnucleoihm02a1.o(i.BSP_L6470_CheckStatusRegisterFlag)
    i.BSP_L6470_GetParam                     0x08000aaa   Section        0  xnucleoihm02a1.o(i.BSP_L6470_GetParam)
    i.BSP_L6470_GetStatus                    0x08000ac8   Section        0  xnucleoihm02a1.o(i.BSP_L6470_GetStatus)
    i.BSP_L6470_GoHome                       0x08000ae2   Section        0  xnucleoihm02a1.o(i.BSP_L6470_GoHome)
    i.BSP_L6470_GoMark                       0x08000af8   Section        0  xnucleoihm02a1.o(i.BSP_L6470_GoMark)
    i.BSP_L6470_GoTo                         0x08000b0e   Section        0  xnucleoihm02a1.o(i.BSP_L6470_GoTo)
    i.BSP_L6470_GoToDir                      0x08000b28   Section        0  xnucleoihm02a1.o(i.BSP_L6470_GoToDir)
    i.BSP_L6470_GoUntil                      0x08000b4a   Section        0  xnucleoihm02a1.o(i.BSP_L6470_GoUntil)
    i.BSP_L6470_HardHiZ                      0x08000b72   Section        0  xnucleoihm02a1.o(i.BSP_L6470_HardHiZ)
    i.BSP_L6470_HardStop                     0x08000b88   Section        0  xnucleoihm02a1.o(i.BSP_L6470_HardStop)
    i.BSP_L6470_Init                         0x08000ba0   Section        0  xnucleoihm02a1.o(i.BSP_L6470_Init)
    i.BSP_L6470_Move                         0x08000c20   Section        0  xnucleoihm02a1.o(i.BSP_L6470_Move)
    i.BSP_L6470_ReleaseSW                    0x08000c42   Section        0  xnucleoihm02a1.o(i.BSP_L6470_ReleaseSW)
    i.BSP_L6470_ResetDevice                  0x08000c64   Section        0  xnucleoihm02a1.o(i.BSP_L6470_ResetDevice)
    i.BSP_L6470_ResetPos                     0x08000c7a   Section        0  xnucleoihm02a1.o(i.BSP_L6470_ResetPos)
    i.BSP_L6470_Run                          0x08000c90   Section        0  xnucleoihm02a1.o(i.BSP_L6470_Run)
    i.BSP_L6470_SetParam                     0x08000cb2   Section        0  xnucleoihm02a1.o(i.BSP_L6470_SetParam)
    i.BSP_L6470_SoftHiZ                      0x08000cd4   Section        0  xnucleoihm02a1.o(i.BSP_L6470_SoftHiZ)
    i.BSP_L6470_SoftStop                     0x08000cea   Section        0  xnucleoihm02a1.o(i.BSP_L6470_SoftStop)
    i.BSP_L6470_StepClock                    0x08000d00   Section        0  xnucleoihm02a1.o(i.BSP_L6470_StepClock)
    i.BSP_NUCLEO_GPIO_Init                   0x08000d1c   Section        0  xnucleoihm02a1.o(i.BSP_NUCLEO_GPIO_Init)
    i.BSP_Select                             0x08000e1c   Section        0  xnucleoihm02a1.o(i.BSP_Select)
    i.Base_Rot                               0x08000e60   Section        0  example.o(i.Base_Rot)
    i.Beta                                   0x08000f34   Section        0  example.o(i.Beta)
    i.EXPBRD_ID                              0x08001044   Section        0  xnucleoihm02a1.o(i.EXPBRD_ID)
    i.EXTI0_IRQHandler                       0x08001052   Section        0  stm32f4xx_it.o(i.EXTI0_IRQHandler)
    i.EXTI15_10_IRQHandler                   0x0800105c   Section        0  stm32f4xx_it.o(i.EXTI15_10_IRQHandler)
    i.EXTI1_IRQHandler                       0x08001068   Section        0  stm32f4xx_it.o(i.EXTI1_IRQHandler)
    i.EXTI4_IRQHandler                       0x08001074   Section        0  stm32f4xx_it.o(i.EXTI4_IRQHandler)
    i.GetMotorParameterInitData              0x08001098   Section        0  params.o(i.GetMotorParameterInitData)
    i.Gripper                                0x080010a0   Section        0  example.o(i.Gripper)
    i.HAL_Delay                              0x08001164   Section        0  stm32f4xx_hal.o(i.HAL_Delay)
    i.HAL_GPIO_EXTI_Callback                 0x0800117e   Section        0  stm32f4xx_hal_gpio.o(i.HAL_GPIO_EXTI_Callback)
    i.HAL_GPIO_EXTI_IRQHandler               0x08001180   Section        0  stm32f4xx_hal_gpio.o(i.HAL_GPIO_EXTI_IRQHandler)
    i.HAL_GPIO_Init                          0x0800119c   Section        0  stm32f4xx_hal_gpio.o(i.HAL_GPIO_Init)
    i.HAL_GPIO_ReadPin                       0x08001550   Section        0  stm32f4xx_hal_gpio.o(i.HAL_GPIO_ReadPin)
    i.HAL_GPIO_WritePin                      0x080015b4   Section        0  stm32f4xx_hal_gpio.o(i.HAL_GPIO_WritePin)
    i.HAL_GetTick                            0x08001628   Section        0  stm32f4xx_hal.o(i.HAL_GetTick)
    i.HAL_IncTick                            0x08001634   Section        0  stm32f4xx_hal.o(i.HAL_IncTick)
    i.HAL_Init                               0x08001644   Section        0  stm32f4xx_hal.o(i.HAL_Init)
    i.HAL_InitTick                           0x08001680   Section        0  stm32f4xx_hal.o(i.HAL_InitTick)
    i.HAL_MspInit                            0x080016a4   Section        0  stm32f4xx_hal_msp.o(i.HAL_MspInit)
    i.HAL_NVIC_DisableIRQ                    0x080016b8   Section        0  stm32f4xx_hal_cortex.o(i.HAL_NVIC_DisableIRQ)
    i.HAL_NVIC_EnableIRQ                     0x08001724   Section        0  stm32f4xx_hal_cortex.o(i.HAL_NVIC_EnableIRQ)
    i.HAL_NVIC_SetPriority                   0x08001790   Section        0  stm32f4xx_hal_cortex.o(i.HAL_NVIC_SetPriority)
    i.HAL_NVIC_SetPriorityGrouping           0x08001868   Section        0  stm32f4xx_hal_cortex.o(i.HAL_NVIC_SetPriorityGrouping)
    i.HAL_RCC_ClockConfig                    0x080018f4   Section        0  stm32f4xx_hal_rcc.o(i.HAL_RCC_ClockConfig)
    i.HAL_RCC_GetHCLKFreq                    0x08001d48   Section        0  stm32f4xx_hal_rcc.o(i.HAL_RCC_GetHCLKFreq)
    i.HAL_RCC_GetPCLK1Freq                   0x08001d80   Section        0  stm32f4xx_hal_rcc.o(i.HAL_RCC_GetPCLK1Freq)
    i.HAL_RCC_GetPCLK2Freq                   0x08001dac   Section        0  stm32f4xx_hal_rcc.o(i.HAL_RCC_GetPCLK2Freq)
    i.HAL_RCC_GetSysClockFreq                0x08001dd8   Section        0  stm32f4xx_hal_rcc.o(i.HAL_RCC_GetSysClockFreq)
    i.HAL_RCC_OscConfig                      0x08001e8c   Section        0  stm32f4xx_hal_rcc.o(i.HAL_RCC_OscConfig)
    i.HAL_SPI_Init                           0x08002400   Section        0  stm32f4xx_hal_spi.o(i.HAL_SPI_Init)
    i.HAL_SPI_MspInit                        0x080025e0   Section        0  stm32f4xx_hal_msp.o(i.HAL_SPI_MspInit)
    i.HAL_SPI_TransmitReceive                0x080026f8   Section        0  stm32f4xx_hal_spi.o(i.HAL_SPI_TransmitReceive)
    i.HAL_SYSTICK_Callback                   0x08002a98   Section        0  stm32f4xx_hal_cortex.o(i.HAL_SYSTICK_Callback)
    i.HAL_SYSTICK_Config                     0x08002a9a   Section        0  stm32f4xx_hal_cortex.o(i.HAL_SYSTICK_Config)
    i.HAL_SYSTICK_IRQHandler                 0x08002ace   Section        0  stm32f4xx_hal_cortex.o(i.HAL_SYSTICK_IRQHandler)
    i.HAL_UART_ErrorCallback                 0x08002ad6   Section        0  stm32f4xx_hal_uart.o(i.HAL_UART_ErrorCallback)
    i.HAL_UART_IRQHandler                    0x08002ad8   Section        0  stm32f4xx_hal_uart.o(i.HAL_UART_IRQHandler)
    i.HAL_UART_Init                          0x08002bf8   Section        0  stm32f4xx_hal_uart.o(i.HAL_UART_Init)
    i.HAL_UART_MspInit                       0x08002d4c   Section        0  stm32f4xx_hal_msp.o(i.HAL_UART_MspInit)
    i.HAL_UART_RxCpltCallback                0x08002dd4   Section        0  stm32f4xx_hal_uart.o(i.HAL_UART_RxCpltCallback)
    i.HAL_UART_Transmit                      0x08002dd6   Section        0  stm32f4xx_hal_uart.o(i.HAL_UART_Transmit)
    i.HAL_UART_TxCpltCallback                0x08002ec6   Section        0  stm32f4xx_hal_uart.o(i.HAL_UART_TxCpltCallback)
    i.Home_Arm                               0x08002ec8   Section        0  example.o(i.Home_Arm)
    i.Humerus_Rot                            0x0800336c   Section        0  example.o(i.Humerus_Rot)
    i.L6470_CheckStatusRegisterFlag          0x080033ac   Section        0  l6470.o(i.L6470_CheckStatusRegisterFlag)
    i.L6470_Config                           0x08003498   Section        0  l6470.o(i.L6470_Config)
    i.L6470_DaisyChainCommand                0x080036e8   Section        0  l6470.o(i.L6470_DaisyChainCommand)
    i.L6470_ExtractReturnedData              0x0800375c   Section        0  l6470.o(i.L6470_ExtractReturnedData)
    i.L6470_FillAppCmdPkg                    0x08003780   Section        0  l6470.o(i.L6470_FillAppCmdPkg)
    i.L6470_GetParam                         0x080037a0   Section        0  l6470.o(i.L6470_GetParam)
    i.L6470_GetRegisterName                  0x080037f8   Section        0  l6470.o(i.L6470_GetRegisterName)
    i.L6470_GetStatus                        0x08003818   Section        0  l6470.o(i.L6470_GetStatus)
    i.L6470_GoHome                           0x0800385c   Section        0  l6470.o(i.L6470_GoHome)
    i.L6470_GoMark                           0x08003890   Section        0  l6470.o(i.L6470_GoMark)
    i.L6470_GoTo                             0x080038c4   Section        0  l6470.o(i.L6470_GoTo)
    i.L6470_GoToDir                          0x08003900   Section        0  l6470.o(i.L6470_GoToDir)
    i.L6470_GoUntil                          0x08003940   Section        0  l6470.o(i.L6470_GoUntil)
    i.L6470_HardHiZ                          0x0800397c   Section        0  l6470.o(i.L6470_HardHiZ)
    i.L6470_HardStop                         0x080039b0   Section        0  l6470.o(i.L6470_HardStop)
    i.L6470_ID                               0x080039e4   Section        0  l6470.o(i.L6470_ID)
    i.L6470_Move                             0x080039f8   Section        0  l6470.o(i.L6470_Move)
    i.L6470_PerformPreparedApplicationCommand 0x08003a30   Section        0  l6470.o(i.L6470_PerformPreparedApplicationCommand)
    i.L6470_PrepareAppCmdPkg                 0x08003a54   Section        0  l6470.o(i.L6470_PrepareAppCmdPkg)
    i.L6470_PrepareDaisyChainCommand         0x08003a90   Section        0  l6470.o(i.L6470_PrepareDaisyChainCommand)
    i.L6470_PrepareGetParam                  0x08003d18   Section        0  l6470.o(i.L6470_PrepareGetParam)
    i.L6470_PrepareGetStatus                 0x08003d38   Section        0  l6470.o(i.L6470_PrepareGetStatus)
    i.L6470_PrepareGoHome                    0x08003d54   Section        0  l6470.o(i.L6470_PrepareGoHome)
    i.L6470_PrepareGoMark                    0x08003d70   Section        0  l6470.o(i.L6470_PrepareGoMark)
    i.L6470_PrepareGoTo                      0x08003d8c   Section        0  l6470.o(i.L6470_PrepareGoTo)
    i.L6470_PrepareGoToDir                   0x08003dac   Section        0  l6470.o(i.L6470_PrepareGoToDir)
    i.L6470_PrepareGoUntil                   0x08003dcc   Section        0  l6470.o(i.L6470_PrepareGoUntil)
    i.L6470_PrepareHardHiZ                   0x08003dec   Section        0  l6470.o(i.L6470_PrepareHardHiZ)
    i.L6470_PrepareHardStop                  0x08003e08   Section        0  l6470.o(i.L6470_PrepareHardStop)
    i.L6470_PrepareMove                      0x08003e24   Section        0  l6470.o(i.L6470_PrepareMove)
    i.L6470_PrepareReleaseSW                 0x08003e44   Section        0  l6470.o(i.L6470_PrepareReleaseSW)
    i.L6470_PrepareResetDevice               0x08003e64   Section        0  l6470.o(i.L6470_PrepareResetDevice)
    i.L6470_PrepareResetPos                  0x08003e80   Section        0  l6470.o(i.L6470_PrepareResetPos)
    i.L6470_PrepareRun                       0x08003e9c   Section        0  l6470.o(i.L6470_PrepareRun)
    i.L6470_PrepareSetParam                  0x08003ebc   Section        0  l6470.o(i.L6470_PrepareSetParam)
    i.L6470_PrepareSoftHiZ                   0x08003edc   Section        0  l6470.o(i.L6470_PrepareSoftHiZ)
    i.L6470_PrepareSoftStop                  0x08003ef8   Section        0  l6470.o(i.L6470_PrepareSoftStop)
    i.L6470_PrepareStepClock                 0x08003f14   Section        0  l6470.o(i.L6470_PrepareStepClock)
    i.L6470_ReleaseSW                        0x08003f34   Section        0  l6470.o(i.L6470_ReleaseSW)
    i.L6470_ResetAppCmdPkg                   0x08003f6c   Section        0  l6470.o(i.L6470_ResetAppCmdPkg)
    i.L6470_ResetDevice                      0x08003f98   Section        0  l6470.o(i.L6470_ResetDevice)
    i.L6470_ResetPos                         0x08003fcc   Section        0  l6470.o(i.L6470_ResetPos)
    i.L6470_Run                              0x08004000   Section        0  l6470.o(i.L6470_Run)
    i.L6470_SetParam                         0x08004038   Section        0  l6470.o(i.L6470_SetParam)
    i.L6470_SoftHiZ                          0x08004070   Section        0  l6470.o(i.L6470_SoftHiZ)
    i.L6470_SoftStop                         0x080040a4   Section        0  l6470.o(i.L6470_SoftStop)
    i.L6470_StepClock                        0x080040d8   Section        0  l6470.o(i.L6470_StepClock)
    i.MX_GPIO_Init                           0x08004110   Section        0  xnucleoihm02a1_interface.o(i.MX_GPIO_Init)
    i.MX_SPI1_Init                           0x08004114   Section        0  xnucleoihm02a1_interface.o(i.MX_SPI1_Init)
    i.MX_SPI_Init                            0x080041a8   Section        0  xnucleoihm02a1_interface.o(i.MX_SPI_Init)
    i.MX_USART2_Init                         0x080041b0   Section        0  xnucleoihm02a1_interface.o(i.MX_USART2_Init)
    i.Motor_Param_Reg_Init                   0x080041e0   Section        0  example_usart.o(i.Motor_Param_Reg_Init)
    i.Move_Arm_Relative                      0x08004278   Section        0  example.o(i.Move_Arm_Relative)
    i.NUCLEO_Board_Init                      0x0800459c   Section        0  xnucleoihm02a1_interface.o(i.NUCLEO_Board_Init)
    i.NVIC_GetPriorityGrouping               0x080045b4   Section        0  stm32f4xx_hal_cortex.o(i.NVIC_GetPriorityGrouping)
    NVIC_GetPriorityGrouping                 0x080045b5   Thumb Code    10  stm32f4xx_hal_cortex.o(i.NVIC_GetPriorityGrouping)
    i.NVIC_SetPriority                       0x080045c4   Section        0  stm32f4xx_hal_cortex.o(i.NVIC_SetPriority)
    NVIC_SetPriority                         0x080045c5   Thumb Code    32  stm32f4xx_hal_cortex.o(i.NVIC_SetPriority)
    i.Phi                                    0x080045ec   Section        0  example.o(i.Phi)
    i.SPI_WaitOnFlagUntilTimeout             0x080046f8   Section        0  stm32f4xx_hal_spi.o(i.SPI_WaitOnFlagUntilTimeout)
    SPI_WaitOnFlagUntilTimeout               0x080046f9   Thumb Code   276  stm32f4xx_hal_spi.o(i.SPI_WaitOnFlagUntilTimeout)
    i.Step_s2_2_Acc                          0x0800480c   Section        0  l6470.o(i.Step_s2_2_Acc)
    i.Step_s2_2_Dec                          0x0800483c   Section        0  l6470.o(i.Step_s2_2_Dec)
    i.Step_s_2_FsSpd                         0x0800486c   Section        0  l6470.o(i.Step_s_2_FsSpd)
    i.Step_s_2_IntSpeed                      0x080048c0   Section        0  l6470.o(i.Step_s_2_IntSpeed)
    i.Step_s_2_MaxSpeed                      0x080048f0   Section        0  l6470.o(i.Step_s_2_MaxSpeed)
    i.Step_s_2_MinSpeed                      0x08004920   Section        0  l6470.o(i.Step_s_2_MinSpeed)
    i.SysTick_Handler                        0x08004950   Section        0  stm32f4xx_it.o(i.SysTick_Handler)
    i.SystemClock_Config                     0x0800495c   Section        0  xnucleoihm02a1_interface.o(i.SystemClock_Config)
    i.SystemInit                             0x080049f4   Section        0  system_stm32f4xx.o(i.SystemInit)
    i.UART_EndTransmit_IT                    0x08004a58   Section        0  stm32f4xx_hal_uart.o(i.UART_EndTransmit_IT)
    UART_EndTransmit_IT                      0x08004a59   Thumb Code    72  stm32f4xx_hal_uart.o(i.UART_EndTransmit_IT)
    i.UART_Receive_IT                        0x08004aa0   Section        0  stm32f4xx_hal_uart.o(i.UART_Receive_IT)
    UART_Receive_IT                          0x08004aa1   Thumb Code   188  stm32f4xx_hal_uart.o(i.UART_Receive_IT)
    i.UART_SetConfig                         0x08004b5c   Section        0  stm32f4xx_hal_uart.o(i.UART_SetConfig)
    UART_SetConfig                           0x08004b5d   Thumb Code   640  stm32f4xx_hal_uart.o(i.UART_SetConfig)
    i.UART_Transmit_IT                       0x08004e24   Section        0  stm32f4xx_hal_uart.o(i.UART_Transmit_IT)
    UART_Transmit_IT                         0x08004e25   Thumb Code   112  stm32f4xx_hal_uart.o(i.UART_Transmit_IT)
    i.UART_WaitOnFlagUntilTimeout            0x08004e94   Section        0  stm32f4xx_hal_uart.o(i.UART_WaitOnFlagUntilTimeout)
    UART_WaitOnFlagUntilTimeout              0x08004e95   Thumb Code   250  stm32f4xx_hal_uart.o(i.UART_WaitOnFlagUntilTimeout)
    i.USART2_IRQHandler                      0x08004f90   Section        0  stm32f4xx_it.o(i.USART2_IRQHandler)
    i.USART_ITCharManager                    0x08004fa4   Section        0  example_usart.o(i.USART_ITCharManager)
    i.USART_PrintAllRegisterValues           0x0800502c   Section        0  example_usart.o(i.USART_PrintAllRegisterValues)
    i.USART_PrintRegisterValues              0x08005068   Section        0  example_usart.o(i.USART_PrintRegisterValues)
    i.USART_Transmit                         0x0800515c   Section        0  example_usart.o(i.USART_Transmit)
    i.Ulna_Rot                               0x08005184   Section        0  example.o(i.Ulna_Rot)
    i.__ARM_fpclassify                       0x080051c4   Section        0  fpclassify.o(i.__ARM_fpclassify)
    i.__hardfp_acos                          0x080051f8   Section        0  acos.o(i.__hardfp_acos)
    i.__hardfp_atan                          0x08005550   Section        0  atan.o(i.__hardfp_atan)
    i.__hardfp_cos                           0x08005828   Section        0  cos.o(i.__hardfp_cos)
    i.__hardfp_pow                           0x080058f0   Section        0  pow.o(i.__hardfp_pow)
    i.__hardfp_sin                           0x08006540   Section        0  sin.o(i.__hardfp_sin)
    i.__ieee754_rem_pio2                     0x08006608   Section        0  rred.o(i.__ieee754_rem_pio2)
    i.__kernel_cos                           0x08006a40   Section        0  cos_i.o(i.__kernel_cos)
    i.__kernel_poly                          0x08006bb0   Section        0  poly.o(i.__kernel_poly)
    i.__kernel_sin                           0x08006ca8   Section        0  sin_i.o(i.__kernel_sin)
    i.__mathlib_dbl_divzero                  0x08006dd8   Section        0  dunder.o(i.__mathlib_dbl_divzero)
    i.__mathlib_dbl_infnan                   0x08006e08   Section        0  dunder.o(i.__mathlib_dbl_infnan)
    i.__mathlib_dbl_infnan2                  0x08006e1c   Section        0  dunder.o(i.__mathlib_dbl_infnan2)
    i.__mathlib_dbl_invalid                  0x08006e30   Section        0  dunder.o(i.__mathlib_dbl_invalid)
    i.__mathlib_dbl_overflow                 0x08006e50   Section        0  dunder.o(i.__mathlib_dbl_overflow)
    i.__mathlib_dbl_underflow                0x08006e70   Section        0  dunder.o(i.__mathlib_dbl_underflow)
    i.__scatterload_copy                     0x08006e90   Section       14  handlers.o(i.__scatterload_copy)
    i.__scatterload_null                     0x08006e9e   Section        2  handlers.o(i.__scatterload_null)
    i.__scatterload_zeroinit                 0x08006ea0   Section       14  handlers.o(i.__scatterload_zeroinit)
    i.__set_errno                            0x08006eb0   Section        0  errno.o(i.__set_errno)
    i.assert_failed                          0x08006ebc   Section        0  main.o(i.assert_failed)
    i.dist                                   0x08006ec0   Section        0  example.o(i.dist)
    i.fabs                                   0x08006f64   Section        0  fabs.o(i.fabs)
    i.mA_2_OcdTh                             0x08006f7c   Section        0  l6470.o(i.mA_2_OcdTh)
    i.mA_2_StallTh                           0x08006fe0   Section        0  l6470.o(i.mA_2_StallTh)
    i.main                                   0x08007044   Section        0  main.o(i.main)
    i.num2hex                                0x08007298   Section        0  example_usart.o(i.num2hex)
    i.s_Step_2_FnSlpAcc                      0x0800730c   Section        0  l6470.o(i.s_Step_2_FnSlpAcc)
    i.s_Step_2_FnSlpDec                      0x0800733c   Section        0  l6470.o(i.s_Step_2_FnSlpDec)
    i.s_Step_2_StSlp                         0x0800736c   Section        0  l6470.o(i.s_Step_2_StSlp)
    i.sqrt                                   0x0800739c   Section        0  sqrt.o(i.sqrt)
    .constdata                               0x0800740c   Section      794  l6470.o(.constdata)
    .constdata                               0x08007726   Section       16  stm32f4xx_hal_rcc.o(.constdata)
    .constdata                               0x08007738   Section      704  params.o(.constdata)
    .constdata                               0x080079f8   Section       80  acos.o(.constdata)
    pS                                       0x080079f8   Data          48  acos.o(.constdata)
    qS                                       0x08007a28   Data          32  acos.o(.constdata)
    .constdata                               0x08007a48   Section      152  atan.o(.constdata)
    atanhi                                   0x08007a48   Data          32  atan.o(.constdata)
    atanlo                                   0x08007a68   Data          32  atan.o(.constdata)
    aTodd                                    0x08007a88   Data          40  atan.o(.constdata)
    aTeven                                   0x08007ab0   Data          48  atan.o(.constdata)
    .constdata                               0x08007ae0   Section      136  pow.o(.constdata)
    bp                                       0x08007ae0   Data          16  pow.o(.constdata)
    dp_h                                     0x08007af0   Data          16  pow.o(.constdata)
    dp_l                                     0x08007b00   Data          16  pow.o(.constdata)
    L                                        0x08007b10   Data          48  pow.o(.constdata)
    P                                        0x08007b40   Data          40  pow.o(.constdata)
    .constdata                               0x08007b68   Section       48  cos_i.o(.constdata)
    C                                        0x08007b68   Data          48  cos_i.o(.constdata)
    .constdata                               0x08007b98   Section        8  qnan.o(.constdata)
    .constdata                               0x08007ba0   Section      200  rred.o(.constdata)
    pio2s                                    0x08007ba0   Data          48  rred.o(.constdata)
    twooverpi                                0x08007bd0   Data         152  rred.o(.constdata)
    .constdata                               0x08007c68   Section       40  sin_i.o(.constdata)
    S                                        0x08007c68   Data          40  sin_i.o(.constdata)
    .data                                    0x20000000   Section      173  l6470.o(.data)
    .data                                    0x200000b0   Section        4  stm32f4xx_hal.o(.data)
    uwTick                                   0x200000b0   Data           4  stm32f4xx_hal.o(.data)
    .data                                    0x200000b4   Section      728  xnucleoihm02a1.o(.data)
    .data                                    0x2000038c   Section        4  system_stm32f4xx.o(.data)
    .data                                    0x20000390   Section        4  errno.o(.data)
    _errno                                   0x20000390   Data           4  errno.o(.data)
    .bss                                     0x20000394   Section       32  l6470.o(.bss)
    .bss                                     0x200003b4   Section       24  xnucleoihm02a1.o(.bss)
    .bss                                     0x200003cc   Section      244  xnucleoihm02a1_interface.o(.bss)
    .bss                                     0x200004c0   Section      259  example_usart.o(.bss)
    HexValue                                 0x200005ba   Data           9  example_usart.o(.bss)
    .bss                                     0x200005c4   Section      172  example.o(.bss)
    huart2                                   0x20000630   Data          64  example.o(.bss)
    STACK                                    0x20000670   Section     1024  startup_stm32f401xe.o(STACK)

    Global Symbols

    Symbol Name                              Value     Ov Type        Size  Object(Section)

    BuildAttributes$$THM_ISAv4$E$P$D$K$B$S$7EM$VFPi3$EXTD16$VFPS$VFMA$PE$A:L22UL41UL21$X:L11$S22US41US21$IEEE1$IW$USESV6$~STKCKD$USESV7$~SHL$OTIME$ROPI$IEEEX$EBA8$MICROLIB$REQ8$PRES8$EABIv2 0x00000000   Number         0  anon$$obj.o ABSOLUTE
    __ARM_use_no_argv                        0x00000000   Number         0  main.o ABSOLUTE
    __cpp_initialize__aeabi_                  - Undefined Weak Reference
    __cxa_finalize                            - Undefined Weak Reference
    _clock_init                               - Undefined Weak Reference
    _microlib_exit                            - Undefined Weak Reference
    __Vectors_Size                           0x00000194   Number         0  startup_stm32f401xe.o ABSOLUTE
    __Vectors                                0x08000000   Data           4  startup_stm32f401xe.o(RESET)
    __Vectors_End                            0x08000194   Data           0  startup_stm32f401xe.o(RESET)
    __main                                   0x08000195   Thumb Code     0  entry.o(.ARM.Collect$$$$00000000)
    _main_stk                                0x08000195   Thumb Code     0  entry2.o(.ARM.Collect$$$$00000001)
    _main_scatterload                        0x08000199   Thumb Code     0  entry5.o(.ARM.Collect$$$$00000004)
    __main_after_scatterload                 0x0800019d   Thumb Code     0  entry5.o(.ARM.Collect$$$$00000004)
    _main_clock                              0x0800019d   Thumb Code     0  entry7b.o(.ARM.Collect$$$$00000008)
    _main_cpp_init                           0x0800019d   Thumb Code     0  entry8b.o(.ARM.Collect$$$$0000000A)
    _main_init                               0x0800019d   Thumb Code     0  entry9a.o(.ARM.Collect$$$$0000000B)
    __rt_final_cpp                           0x080001a5   Thumb Code     0  entry10a.o(.ARM.Collect$$$$0000000D)
    __rt_final_exit                          0x080001a5   Thumb Code     0  entry11a.o(.ARM.Collect$$$$0000000F)
    Reset_Handler                            0x080001a9   Thumb Code     8  startup_stm32f401xe.o(.text)
    NMI_Handler                              0x080001b1   Thumb Code     2  startup_stm32f401xe.o(.text)
    HardFault_Handler                        0x080001b3   Thumb Code     2  startup_stm32f401xe.o(.text)
    MemManage_Handler                        0x080001b5   Thumb Code     2  startup_stm32f401xe.o(.text)
    BusFault_Handler                         0x080001b7   Thumb Code     2  startup_stm32f401xe.o(.text)
    UsageFault_Handler                       0x080001b9   Thumb Code     2  startup_stm32f401xe.o(.text)
    SVC_Handler                              0x080001bb   Thumb Code     2  startup_stm32f401xe.o(.text)
    DebugMon_Handler                         0x080001bd   Thumb Code     2  startup_stm32f401xe.o(.text)
    PendSV_Handler                           0x080001bf   Thumb Code     2  startup_stm32f401xe.o(.text)
    ADC_IRQHandler                           0x080001c3   Thumb Code     0  startup_stm32f401xe.o(.text)
    DMA1_Stream0_IRQHandler                  0x080001c3   Thumb Code     0  startup_stm32f401xe.o(.text)
    DMA1_Stream1_IRQHandler                  0x080001c3   Thumb Code     0  startup_stm32f401xe.o(.text)
    DMA1_Stream2_IRQHandler                  0x080001c3   Thumb Code     0  startup_stm32f401xe.o(.text)
    DMA1_Stream3_IRQHandler                  0x080001c3   Thumb Code     0  startup_stm32f401xe.o(.text)
    DMA1_Stream4_IRQHandler                  0x080001c3   Thumb Code     0  startup_stm32f401xe.o(.text)
    DMA1_Stream5_IRQHandler                  0x080001c3   Thumb Code     0  startup_stm32f401xe.o(.text)
    DMA1_Stream6_IRQHandler                  0x080001c3   Thumb Code     0  startup_stm32f401xe.o(.text)
    DMA1_Stream7_IRQHandler                  0x080001c3   Thumb Code     0  startup_stm32f401xe.o(.text)
    DMA2_Stream0_IRQHandler                  0x080001c3   Thumb Code     0  startup_stm32f401xe.o(.text)
    DMA2_Stream1_IRQHandler                  0x080001c3   Thumb Code     0  startup_stm32f401xe.o(.text)
    DMA2_Stream2_IRQHandler                  0x080001c3   Thumb Code     0  startup_stm32f401xe.o(.text)
    DMA2_Stream3_IRQHandler                  0x080001c3   Thumb Code     0  startup_stm32f401xe.o(.text)
    DMA2_Stream4_IRQHandler                  0x080001c3   Thumb Code     0  startup_stm32f401xe.o(.text)
    DMA2_Stream5_IRQHandler                  0x080001c3   Thumb Code     0  startup_stm32f401xe.o(.text)
    DMA2_Stream6_IRQHandler                  0x080001c3   Thumb Code     0  startup_stm32f401xe.o(.text)
    DMA2_Stream7_IRQHandler                  0x080001c3   Thumb Code     0  startup_stm32f401xe.o(.text)
    EXTI2_IRQHandler                         0x080001c3   Thumb Code     0  startup_stm32f401xe.o(.text)
    EXTI3_IRQHandler                         0x080001c3   Thumb Code     0  startup_stm32f401xe.o(.text)
    EXTI9_5_IRQHandler                       0x080001c3   Thumb Code     0  startup_stm32f401xe.o(.text)
    FLASH_IRQHandler                         0x080001c3   Thumb Code     0  startup_stm32f401xe.o(.text)
    FPU_IRQHandler                           0x080001c3   Thumb Code     0  startup_stm32f401xe.o(.text)
    I2C1_ER_IRQHandler                       0x080001c3   Thumb Code     0  startup_stm32f401xe.o(.text)
    I2C1_EV_IRQHandler                       0x080001c3   Thumb Code     0  startup_stm32f401xe.o(.text)
    I2C2_ER_IRQHandler                       0x080001c3   Thumb Code     0  startup_stm32f401xe.o(.text)
    I2C2_EV_IRQHandler                       0x080001c3   Thumb Code     0  startup_stm32f401xe.o(.text)
    I2C3_ER_IRQHandler                       0x080001c3   Thumb Code     0  startup_stm32f401xe.o(.text)
    I2C3_EV_IRQHandler                       0x080001c3   Thumb Code     0  startup_stm32f401xe.o(.text)
    OTG_FS_IRQHandler                        0x080001c3   Thumb Code     0  startup_stm32f401xe.o(.text)
    OTG_FS_WKUP_IRQHandler                   0x080001c3   Thumb Code     0  startup_stm32f401xe.o(.text)
    PVD_IRQHandler                           0x080001c3   Thumb Code     0  startup_stm32f401xe.o(.text)
    RCC_IRQHandler                           0x080001c3   Thumb Code     0  startup_stm32f401xe.o(.text)
    RTC_Alarm_IRQHandler                     0x080001c3   Thumb Code     0  startup_stm32f401xe.o(.text)
    RTC_WKUP_IRQHandler                      0x080001c3   Thumb Code     0  startup_stm32f401xe.o(.text)
    SDIO_IRQHandler                          0x080001c3   Thumb Code     0  startup_stm32f401xe.o(.text)
    SPI1_IRQHandler                          0x080001c3   Thumb Code     0  startup_stm32f401xe.o(.text)
    SPI2_IRQHandler                          0x080001c3   Thumb Code     0  startup_stm32f401xe.o(.text)
    SPI3_IRQHandler                          0x080001c3   Thumb Code     0  startup_stm32f401xe.o(.text)
    SPI4_IRQHandler                          0x080001c3   Thumb Code     0  startup_stm32f401xe.o(.text)
    TAMP_STAMP_IRQHandler                    0x080001c3   Thumb Code     0  startup_stm32f401xe.o(.text)
    TIM1_BRK_TIM9_IRQHandler                 0x080001c3   Thumb Code     0  startup_stm32f401xe.o(.text)
    TIM1_CC_IRQHandler                       0x080001c3   Thumb Code     0  startup_stm32f401xe.o(.text)
    TIM1_TRG_COM_TIM11_IRQHandler            0x080001c3   Thumb Code     0  startup_stm32f401xe.o(.text)
    TIM1_UP_TIM10_IRQHandler                 0x080001c3   Thumb Code     0  startup_stm32f401xe.o(.text)
    TIM2_IRQHandler                          0x080001c3   Thumb Code     0  startup_stm32f401xe.o(.text)
    TIM3_IRQHandler                          0x080001c3   Thumb Code     0  startup_stm32f401xe.o(.text)
    TIM4_IRQHandler                          0x080001c3   Thumb Code     0  startup_stm32f401xe.o(.text)
    TIM5_IRQHandler                          0x080001c3   Thumb Code     0  startup_stm32f401xe.o(.text)
    USART1_IRQHandler                        0x080001c3   Thumb Code     0  startup_stm32f401xe.o(.text)
    USART6_IRQHandler                        0x080001c3   Thumb Code     0  startup_stm32f401xe.o(.text)
    WWDG_IRQHandler                          0x080001c3   Thumb Code     0  startup_stm32f401xe.o(.text)
    __aeabi_dadd                             0x080001cd   Thumb Code   322  dadd.o(.text)
    __aeabi_dsub                             0x0800030f   Thumb Code     6  dadd.o(.text)
    __aeabi_drsub                            0x08000315   Thumb Code     6  dadd.o(.text)
    __aeabi_dmul                             0x0800031b   Thumb Code   228  dmul.o(.text)
    __aeabi_ddiv                             0x080003ff   Thumb Code   222  ddiv.o(.text)
    __aeabi_ui2d                             0x080004dd   Thumb Code    26  dfltui.o(.text)
    __aeabi_f2d                              0x080004f7   Thumb Code    38  f2d.o(.text)
    __aeabi_cdcmpeq                          0x0800051d   Thumb Code     0  cdcmple.o(.text)
    __aeabi_cdcmple                          0x0800051d   Thumb Code    48  cdcmple.o(.text)
    __aeabi_d2f                              0x0800054d   Thumb Code    56  d2f.o(.text)
    __aeabi_llsl                             0x08000585   Thumb Code    30  llshl.o(.text)
    _ll_shift_l                              0x08000585   Thumb Code     0  llshl.o(.text)
    __aeabi_lasr                             0x080005a3   Thumb Code    36  llsshr.o(.text)
    _ll_sshift_r                             0x080005a3   Thumb Code     0  llsshr.o(.text)
    __I$use$fp                               0x080005c7   Thumb Code     0  iusefp.o(.text)
    _float_round                             0x080005c7   Thumb Code    18  fepilogue.o(.text)
    _float_epilogue                          0x080005d9   Thumb Code    92  fepilogue.o(.text)
    _double_round                            0x08000635   Thumb Code    30  depilogue.o(.text)
    _double_epilogue                         0x08000653   Thumb Code   156  depilogue.o(.text)
    __ARM_scalbn                             0x080006ef   Thumb Code    46  dscalb.o(.text)
    scalbn                                   0x080006ef   Thumb Code     0  dscalb.o(.text)
    __aeabi_i2d                              0x0800071d   Thumb Code    34  dflti.o(.text)
    __aeabi_cdrcmple                         0x08000741   Thumb Code    48  cdrcmple.o(.text)
    __scatterload                            0x08000771   Thumb Code    28  init.o(.text)
    __scatterload_rt2                        0x08000771   Thumb Code     0  init.o(.text)
    __aeabi_llsr                             0x08000795   Thumb Code    32  llushr.o(.text)
    _ll_ushift_r                             0x08000795   Thumb Code     0  llushr.o(.text)
    _dsqrt                                   0x080007b5   Thumb Code   162  dsqrt.o(.text)
    __aeabi_d2iz                             0x08000857   Thumb Code    62  dfixi.o(.text)
    __decompress                             0x08000895   Thumb Code     0  __dczerorl2.o(.text)
    __decompress1                            0x08000895   Thumb Code    86  __dczerorl2.o(.text)
    BSP_0_Config                             0x080008ed   Thumb Code    16  xnucleoihm02a1.o(i.BSP_0_Config)
    BSP_1_Config                             0x08000901   Thumb Code    16  xnucleoihm02a1.o(i.BSP_1_Config)
    BSP_2_Config                             0x08000915   Thumb Code    16  xnucleoihm02a1.o(i.BSP_2_Config)
    BSP_3_Config                             0x08000929   Thumb Code    16  xnucleoihm02a1.o(i.BSP_3_Config)
    BSP_Config                               0x0800093d   Thumb Code    32  xnucleoihm02a1.o(i.BSP_Config)
    BSP_GetExpansionBoardHandle              0x0800095d   Thumb Code    70  xnucleoihm02a1.o(i.BSP_GetExpansionBoardHandle)
    BSP_IRQ                                  0x080009a9   Thumb Code    36  xnucleoihm02a1.o(i.BSP_IRQ)
    BSP_Init                                 0x080009cd   Thumb Code    30  xnucleoihm02a1.o(i.BSP_Init)
    BSP_L6470_0_0_Config                     0x080009ed   Thumb Code    16  xnucleoihm02a1.o(i.BSP_L6470_0_0_Config)
    BSP_L6470_0_1_Config                     0x08000a01   Thumb Code    16  xnucleoihm02a1.o(i.BSP_L6470_0_1_Config)
    BSP_L6470_1_0_Config                     0x08000a15   Thumb Code    16  xnucleoihm02a1.o(i.BSP_L6470_1_0_Config)
    BSP_L6470_1_1_Config                     0x08000a29   Thumb Code    16  xnucleoihm02a1.o(i.BSP_L6470_1_1_Config)
    BSP_L6470_2_0_Config                     0x08000a3d   Thumb Code    16  xnucleoihm02a1.o(i.BSP_L6470_2_0_Config)
    BSP_L6470_2_1_Config                     0x08000a51   Thumb Code    16  xnucleoihm02a1.o(i.BSP_L6470_2_1_Config)
    BSP_L6470_3_0_Config                     0x08000a65   Thumb Code    16  xnucleoihm02a1.o(i.BSP_L6470_3_0_Config)
    BSP_L6470_3_1_Config                     0x08000a79   Thumb Code    16  xnucleoihm02a1.o(i.BSP_L6470_3_1_Config)
    BSP_L6470_CheckStatusRegisterFlag        0x08000a8d   Thumb Code    30  xnucleoihm02a1.o(i.BSP_L6470_CheckStatusRegisterFlag)
    BSP_L6470_GetParam                       0x08000aab   Thumb Code    30  xnucleoihm02a1.o(i.BSP_L6470_GetParam)
    BSP_L6470_GetStatus                      0x08000ac9   Thumb Code    26  xnucleoihm02a1.o(i.BSP_L6470_GetStatus)
    BSP_L6470_GoHome                         0x08000ae3   Thumb Code    22  xnucleoihm02a1.o(i.BSP_L6470_GoHome)
    BSP_L6470_GoMark                         0x08000af9   Thumb Code    22  xnucleoihm02a1.o(i.BSP_L6470_GoMark)
    BSP_L6470_GoTo                           0x08000b0f   Thumb Code    26  xnucleoihm02a1.o(i.BSP_L6470_GoTo)
    BSP_L6470_GoToDir                        0x08000b29   Thumb Code    34  xnucleoihm02a1.o(i.BSP_L6470_GoToDir)
    BSP_L6470_GoUntil                        0x08000b4b   Thumb Code    40  xnucleoihm02a1.o(i.BSP_L6470_GoUntil)
    BSP_L6470_HardHiZ                        0x08000b73   Thumb Code    22  xnucleoihm02a1.o(i.BSP_L6470_HardHiZ)
    BSP_L6470_HardStop                       0x08000b89   Thumb Code    22  xnucleoihm02a1.o(i.BSP_L6470_HardStop)
    BSP_L6470_Init                           0x08000ba1   Thumb Code   118  xnucleoihm02a1.o(i.BSP_L6470_Init)
    BSP_L6470_Move                           0x08000c21   Thumb Code    34  xnucleoihm02a1.o(i.BSP_L6470_Move)
    BSP_L6470_ReleaseSW                      0x08000c43   Thumb Code    34  xnucleoihm02a1.o(i.BSP_L6470_ReleaseSW)
    BSP_L6470_ResetDevice                    0x08000c65   Thumb Code    22  xnucleoihm02a1.o(i.BSP_L6470_ResetDevice)
    BSP_L6470_ResetPos                       0x08000c7b   Thumb Code    22  xnucleoihm02a1.o(i.BSP_L6470_ResetPos)
    BSP_L6470_Run                            0x08000c91   Thumb Code    34  xnucleoihm02a1.o(i.BSP_L6470_Run)
    BSP_L6470_SetParam                       0x08000cb3   Thumb Code    34  xnucleoihm02a1.o(i.BSP_L6470_SetParam)
    BSP_L6470_SoftHiZ                        0x08000cd5   Thumb Code    22  xnucleoihm02a1.o(i.BSP_L6470_SoftHiZ)
    BSP_L6470_SoftStop                       0x08000ceb   Thumb Code    22  xnucleoihm02a1.o(i.BSP_L6470_SoftStop)
    BSP_L6470_StepClock                      0x08000d01   Thumb Code    26  xnucleoihm02a1.o(i.BSP_L6470_StepClock)
    BSP_NUCLEO_GPIO_Init                     0x08000d1d   Thumb Code   232  xnucleoihm02a1.o(i.BSP_NUCLEO_GPIO_Init)
    BSP_Select                               0x08000e1d   Thumb Code    60  xnucleoihm02a1.o(i.BSP_Select)
    Base_Rot                                 0x08000e61   Thumb Code   192  example.o(i.Base_Rot)
    Beta                                     0x08000f35   Thumb Code   254  example.o(i.Beta)
    EXPBRD_ID                                0x08001045   Thumb Code    14  xnucleoihm02a1.o(i.EXPBRD_ID)
    EXTI0_IRQHandler                         0x08001053   Thumb Code    10  stm32f4xx_it.o(i.EXTI0_IRQHandler)
    EXTI15_10_IRQHandler                     0x0800105d   Thumb Code    12  stm32f4xx_it.o(i.EXTI15_10_IRQHandler)
    EXTI1_IRQHandler                         0x08001069   Thumb Code    10  stm32f4xx_it.o(i.EXTI1_IRQHandler)
    EXTI4_IRQHandler                         0x08001075   Thumb Code    32  stm32f4xx_it.o(i.EXTI4_IRQHandler)
    GetMotorParameterInitData                0x08001099   Thumb Code     4  params.o(i.GetMotorParameterInitData)
    Gripper                                  0x080010a1   Thumb Code   184  example.o(i.Gripper)
    HAL_Delay                                0x08001165   Thumb Code    26  stm32f4xx_hal.o(i.HAL_Delay)
    HAL_GPIO_EXTI_Callback                   0x0800117f   Thumb Code     2  stm32f4xx_hal_gpio.o(i.HAL_GPIO_EXTI_Callback)
    HAL_GPIO_EXTI_IRQHandler                 0x08001181   Thumb Code    24  stm32f4xx_hal_gpio.o(i.HAL_GPIO_EXTI_IRQHandler)
    HAL_GPIO_Init                            0x0800119d   Thumb Code   828  stm32f4xx_hal_gpio.o(i.HAL_GPIO_Init)
    HAL_GPIO_ReadPin                         0x08001551   Thumb Code    38  stm32f4xx_hal_gpio.o(i.HAL_GPIO_ReadPin)
    HAL_GPIO_WritePin                        0x080015b5   Thumb Code    54  stm32f4xx_hal_gpio.o(i.HAL_GPIO_WritePin)
    HAL_GetTick                              0x08001629   Thumb Code     6  stm32f4xx_hal.o(i.HAL_GetTick)
    HAL_IncTick                              0x08001635   Thumb Code    12  stm32f4xx_hal.o(i.HAL_IncTick)
    HAL_Init                                 0x08001645   Thumb Code    54  stm32f4xx_hal.o(i.HAL_Init)
    HAL_InitTick                             0x08001681   Thumb Code    36  stm32f4xx_hal.o(i.HAL_InitTick)
    HAL_MspInit                              0x080016a5   Thumb Code    20  stm32f4xx_hal_msp.o(i.HAL_MspInit)
    HAL_NVIC_DisableIRQ                      0x080016b9   Thumb Code    40  stm32f4xx_hal_cortex.o(i.HAL_NVIC_DisableIRQ)
    HAL_NVIC_EnableIRQ                       0x08001725   Thumb Code    44  stm32f4xx_hal_cortex.o(i.HAL_NVIC_EnableIRQ)
    HAL_NVIC_SetPriority                     0x08001791   Thumb Code   152  stm32f4xx_hal_cortex.o(i.HAL_NVIC_SetPriority)
    HAL_NVIC_SetPriorityGrouping             0x08001869   Thumb Code    66  stm32f4xx_hal_cortex.o(i.HAL_NVIC_SetPriorityGrouping)
    HAL_RCC_ClockConfig                      0x080018f5   Thumb Code  1108  stm32f4xx_hal_rcc.o(i.HAL_RCC_ClockConfig)
    HAL_RCC_GetHCLKFreq                      0x08001d49   Thumb Code    42  stm32f4xx_hal_rcc.o(i.HAL_RCC_GetHCLKFreq)
    HAL_RCC_GetPCLK1Freq                     0x08001d81   Thumb Code    36  stm32f4xx_hal_rcc.o(i.HAL_RCC_GetPCLK1Freq)
    HAL_RCC_GetPCLK2Freq                     0x08001dad   Thumb Code    36  stm32f4xx_hal_rcc.o(i.HAL_RCC_GetPCLK2Freq)
    HAL_RCC_GetSysClockFreq                  0x08001dd9   Thumb Code   168  stm32f4xx_hal_rcc.o(i.HAL_RCC_GetSysClockFreq)
    HAL_RCC_OscConfig                        0x08001e8d   Thumb Code  1386  stm32f4xx_hal_rcc.o(i.HAL_RCC_OscConfig)
    HAL_SPI_Init                             0x08002401   Thumb Code   420  stm32f4xx_hal_spi.o(i.HAL_SPI_Init)
    HAL_SPI_MspInit                          0x080025e1   Thumb Code   260  stm32f4xx_hal_msp.o(i.HAL_SPI_MspInit)
    HAL_SPI_TransmitReceive                  0x080026f9   Thumb Code   866  stm32f4xx_hal_spi.o(i.HAL_SPI_TransmitReceive)
    HAL_SYSTICK_Callback                     0x08002a99   Thumb Code     2  stm32f4xx_hal_cortex.o(i.HAL_SYSTICK_Callback)
    HAL_SYSTICK_Config                       0x08002a9b   Thumb Code    52  stm32f4xx_hal_cortex.o(i.HAL_SYSTICK_Config)
    HAL_SYSTICK_IRQHandler                   0x08002acf   Thumb Code     8  stm32f4xx_hal_cortex.o(i.HAL_SYSTICK_IRQHandler)
    HAL_UART_ErrorCallback                   0x08002ad7   Thumb Code     2  stm32f4xx_hal_uart.o(i.HAL_UART_ErrorCallback)
    HAL_UART_IRQHandler                      0x08002ad9   Thumb Code   288  stm32f4xx_hal_uart.o(i.HAL_UART_IRQHandler)
    HAL_UART_Init                            0x08002bf9   Thumb Code   266  stm32f4xx_hal_uart.o(i.HAL_UART_Init)
    HAL_UART_MspInit                         0x08002d4d   Thumb Code   122  stm32f4xx_hal_msp.o(i.HAL_UART_MspInit)
    HAL_UART_RxCpltCallback                  0x08002dd5   Thumb Code     2  stm32f4xx_hal_uart.o(i.HAL_UART_RxCpltCallback)
    HAL_UART_Transmit                        0x08002dd7   Thumb Code   240  stm32f4xx_hal_uart.o(i.HAL_UART_Transmit)
    HAL_UART_TxCpltCallback                  0x08002ec7   Thumb Code     2  stm32f4xx_hal_uart.o(i.HAL_UART_TxCpltCallback)
    Home_Arm                                 0x08002ec9   Thumb Code  1182  example.o(i.Home_Arm)
    Humerus_Rot                              0x0800336d   Thumb Code    56  example.o(i.Humerus_Rot)
    L6470_CheckStatusRegisterFlag            0x080033ad   Thumb Code   230  l6470.o(i.L6470_CheckStatusRegisterFlag)
    L6470_Config                             0x08003499   Thumb Code   586  l6470.o(i.L6470_Config)
    L6470_DaisyChainCommand                  0x080036e9   Thumb Code    98  l6470.o(i.L6470_DaisyChainCommand)
    L6470_ExtractReturnedData                0x0800375d   Thumb Code    36  l6470.o(i.L6470_ExtractReturnedData)
    L6470_FillAppCmdPkg                      0x08003781   Thumb Code    32  l6470.o(i.L6470_FillAppCmdPkg)
    L6470_GetParam                           0x080037a1   Thumb Code    72  l6470.o(i.L6470_GetParam)
    L6470_GetRegisterName                    0x080037f9   Thumb Code    24  l6470.o(i.L6470_GetRegisterName)
    L6470_GetStatus                          0x08003819   Thumb Code    54  l6470.o(i.L6470_GetStatus)
    L6470_GoHome                             0x0800385d   Thumb Code    40  l6470.o(i.L6470_GoHome)
    L6470_GoMark                             0x08003891   Thumb Code    40  l6470.o(i.L6470_GoMark)
    L6470_GoTo                               0x080038c5   Thumb Code    48  l6470.o(i.L6470_GoTo)
    L6470_GoToDir                            0x08003901   Thumb Code    50  l6470.o(i.L6470_GoToDir)
    L6470_GoUntil                            0x08003941   Thumb Code    48  l6470.o(i.L6470_GoUntil)
    L6470_HardHiZ                            0x0800397d   Thumb Code    40  l6470.o(i.L6470_HardHiZ)
    L6470_HardStop                           0x080039b1   Thumb Code    40  l6470.o(i.L6470_HardStop)
    L6470_ID                                 0x080039e5   Thumb Code    20  l6470.o(i.L6470_ID)
    L6470_Move                               0x080039f9   Thumb Code    44  l6470.o(i.L6470_Move)
    L6470_PerformPreparedApplicationCommand  0x08003a31   Thumb Code    22  l6470.o(i.L6470_PerformPreparedApplicationCommand)
    L6470_PrepareAppCmdPkg                   0x08003a55   Thumb Code    54  l6470.o(i.L6470_PrepareAppCmdPkg)
    L6470_PrepareDaisyChainCommand           0x08003a91   Thumb Code   630  l6470.o(i.L6470_PrepareDaisyChainCommand)
    L6470_PrepareGetParam                    0x08003d19   Thumb Code    26  l6470.o(i.L6470_PrepareGetParam)
    L6470_PrepareGetStatus                   0x08003d39   Thumb Code    24  l6470.o(i.L6470_PrepareGetStatus)
    L6470_PrepareGoHome                      0x08003d55   Thumb Code    24  l6470.o(i.L6470_PrepareGoHome)
    L6470_PrepareGoMark                      0x08003d71   Thumb Code    24  l6470.o(i.L6470_PrepareGoMark)
    L6470_PrepareGoTo                        0x08003d8d   Thumb Code    26  l6470.o(i.L6470_PrepareGoTo)
    L6470_PrepareGoToDir                     0x08003dad   Thumb Code    28  l6470.o(i.L6470_PrepareGoToDir)
    L6470_PrepareGoUntil                     0x08003dcd   Thumb Code    28  l6470.o(i.L6470_PrepareGoUntil)
    L6470_PrepareHardHiZ                     0x08003ded   Thumb Code    24  l6470.o(i.L6470_PrepareHardHiZ)
    L6470_PrepareHardStop                    0x08003e09   Thumb Code    24  l6470.o(i.L6470_PrepareHardStop)
    L6470_PrepareMove                        0x08003e25   Thumb Code    28  l6470.o(i.L6470_PrepareMove)
    L6470_PrepareReleaseSW                   0x08003e45   Thumb Code    28  l6470.o(i.L6470_PrepareReleaseSW)
    L6470_PrepareResetDevice                 0x08003e65   Thumb Code    24  l6470.o(i.L6470_PrepareResetDevice)
    L6470_PrepareResetPos                    0x08003e81   Thumb Code    24  l6470.o(i.L6470_PrepareResetPos)
    L6470_PrepareRun                         0x08003e9d   Thumb Code    28  l6470.o(i.L6470_PrepareRun)
    L6470_PrepareSetParam                    0x08003ebd   Thumb Code    28  l6470.o(i.L6470_PrepareSetParam)
    L6470_PrepareSoftHiZ                     0x08003edd   Thumb Code    24  l6470.o(i.L6470_PrepareSoftHiZ)
    L6470_PrepareSoftStop                    0x08003ef9   Thumb Code    24  l6470.o(i.L6470_PrepareSoftStop)
    L6470_PrepareStepClock                   0x08003f15   Thumb Code    26  l6470.o(i.L6470_PrepareStepClock)
    L6470_ReleaseSW                          0x08003f35   Thumb Code    44  l6470.o(i.L6470_ReleaseSW)
    L6470_ResetAppCmdPkg                     0x08003f6d   Thumb Code    42  l6470.o(i.L6470_ResetAppCmdPkg)
    L6470_ResetDevice                        0x08003f99   Thumb Code    40  l6470.o(i.L6470_ResetDevice)
    L6470_ResetPos                           0x08003fcd   Thumb Code    40  l6470.o(i.L6470_ResetPos)
    L6470_Run                                0x08004001   Thumb Code    44  l6470.o(i.L6470_Run)
    L6470_SetParam                           0x08004039   Thumb Code    44  l6470.o(i.L6470_SetParam)
    L6470_SoftHiZ                            0x08004071   Thumb Code    40  l6470.o(i.L6470_SoftHiZ)
    L6470_SoftStop                           0x080040a5   Thumb Code    40  l6470.o(i.L6470_SoftStop)
    L6470_StepClock                          0x080040d9   Thumb Code    42  l6470.o(i.L6470_StepClock)
    MX_GPIO_Init                             0x08004111   Thumb Code     2  xnucleoihm02a1_interface.o(i.MX_GPIO_Init)
    MX_SPI1_Init                             0x08004115   Thumb Code   134  xnucleoihm02a1_interface.o(i.MX_SPI1_Init)
    MX_SPI_Init                              0x080041a9   Thumb Code     8  xnucleoihm02a1_interface.o(i.MX_SPI_Init)
    MX_USART2_Init                           0x080041b1   Thumb Code    40  xnucleoihm02a1_interface.o(i.MX_USART2_Init)
    Motor_Param_Reg_Init                     0x080041e1   Thumb Code    84  example_usart.o(i.Motor_Param_Reg_Init)
    Move_Arm_Relative                        0x08004279   Thumb Code   804  example.o(i.Move_Arm_Relative)
    NUCLEO_Board_Init                        0x0800459d   Thumb Code    24  xnucleoihm02a1_interface.o(i.NUCLEO_Board_Init)
    Phi                                      0x080045ed   Thumb Code   234  example.o(i.Phi)
    Step_s2_2_Acc                            0x0800480d   Thumb Code    38  l6470.o(i.Step_s2_2_Acc)
    Step_s2_2_Dec                            0x0800483d   Thumb Code    38  l6470.o(i.Step_s2_2_Dec)
    Step_s_2_FsSpd                           0x0800486d   Thumb Code    72  l6470.o(i.Step_s_2_FsSpd)
    Step_s_2_IntSpeed                        0x080048c1   Thumb Code    38  l6470.o(i.Step_s_2_IntSpeed)
    Step_s_2_MaxSpeed                        0x080048f1   Thumb Code    38  l6470.o(i.Step_s_2_MaxSpeed)
    Step_s_2_MinSpeed                        0x08004921   Thumb Code    38  l6470.o(i.Step_s_2_MinSpeed)
    SysTick_Handler                          0x08004951   Thumb Code    12  stm32f4xx_it.o(i.SysTick_Handler)
    SystemClock_Config                       0x0800495d   Thumb Code   142  xnucleoihm02a1_interface.o(i.SystemClock_Config)
    SystemInit                               0x080049f5   Thumb Code    82  system_stm32f4xx.o(i.SystemInit)
    USART2_IRQHandler                        0x08004f91   Thumb Code    16  stm32f4xx_it.o(i.USART2_IRQHandler)
    USART_ITCharManager                      0x08004fa5   Thumb Code   120  example_usart.o(i.USART_ITCharManager)
    USART_PrintAllRegisterValues             0x0800502d   Thumb Code    60  example_usart.o(i.USART_PrintAllRegisterValues)
    USART_PrintRegisterValues                0x08005069   Thumb Code   170  example_usart.o(i.USART_PrintRegisterValues)
    USART_Transmit                           0x0800515d   Thumb Code    40  example_usart.o(i.USART_Transmit)
    Ulna_Rot                                 0x08005185   Thumb Code    56  example.o(i.Ulna_Rot)
    __ARM_fpclassify                         0x080051c5   Thumb Code    48  fpclassify.o(i.__ARM_fpclassify)
    __hardfp_acos                            0x080051f9   Thumb Code   738  acos.o(i.__hardfp_acos)
    __hardfp_atan                            0x08005551   Thumb Code   622  atan.o(i.__hardfp_atan)
    __hardfp_cos                             0x08005829   Thumb Code   180  cos.o(i.__hardfp_cos)
    __hardfp_pow                             0x080058f1   Thumb Code  3072  pow.o(i.__hardfp_pow)
    __hardfp_sin                             0x08006541   Thumb Code   180  sin.o(i.__hardfp_sin)
    __ieee754_rem_pio2                       0x08006609   Thumb Code   938  rred.o(i.__ieee754_rem_pio2)
    __kernel_cos                             0x08006a41   Thumb Code   322  cos_i.o(i.__kernel_cos)
    __kernel_poly                            0x08006bb1   Thumb Code   248  poly.o(i.__kernel_poly)
    __kernel_sin                             0x08006ca9   Thumb Code   280  sin_i.o(i.__kernel_sin)
    __mathlib_dbl_divzero                    0x08006dd9   Thumb Code    28  dunder.o(i.__mathlib_dbl_divzero)
    __mathlib_dbl_infnan                     0x08006e09   Thumb Code    20  dunder.o(i.__mathlib_dbl_infnan)
    __mathlib_dbl_infnan2                    0x08006e1d   Thumb Code    20  dunder.o(i.__mathlib_dbl_infnan2)
    __mathlib_dbl_invalid                    0x08006e31   Thumb Code    24  dunder.o(i.__mathlib_dbl_invalid)
    __mathlib_dbl_overflow                   0x08006e51   Thumb Code    24  dunder.o(i.__mathlib_dbl_overflow)
    __mathlib_dbl_underflow                  0x08006e71   Thumb Code    24  dunder.o(i.__mathlib_dbl_underflow)
    __scatterload_copy                       0x08006e91   Thumb Code    14  handlers.o(i.__scatterload_copy)
    __scatterload_null                       0x08006e9f   Thumb Code     2  handlers.o(i.__scatterload_null)
    __scatterload_zeroinit                   0x08006ea1   Thumb Code    14  handlers.o(i.__scatterload_zeroinit)
    __set_errno                              0x08006eb1   Thumb Code     6  errno.o(i.__set_errno)
    assert_failed                            0x08006ebd   Thumb Code     2  main.o(i.assert_failed)
    dist                                     0x08006ec1   Thumb Code   148  example.o(i.dist)
    fabs                                     0x08006f65   Thumb Code    24  fabs.o(i.fabs)
    mA_2_OcdTh                               0x08006f7d   Thumb Code    92  l6470.o(i.mA_2_OcdTh)
    mA_2_StallTh                             0x08006fe1   Thumb Code    92  l6470.o(i.mA_2_StallTh)
    main                                     0x08007045   Thumb Code   568  main.o(i.main)
    num2hex                                  0x08007299   Thumb Code   112  example_usart.o(i.num2hex)
    s_Step_2_FnSlpAcc                        0x0800730d   Thumb Code    38  l6470.o(i.s_Step_2_FnSlpAcc)
    s_Step_2_FnSlpDec                        0x0800733d   Thumb Code    38  l6470.o(i.s_Step_2_FnSlpDec)
    s_Step_2_StSlp                           0x0800736d   Thumb Code    38  l6470.o(i.s_Step_2_StSlp)
    sqrt                                     0x0800739d   Thumb Code   110  sqrt.o(i.sqrt)
    L6470_Register                           0x0800740c   Data         500  l6470.o(.constdata)
    L6470_ApplicationCommand                 0x08007600   Data         266  l6470.o(.constdata)
    L6470_Direction                          0x0800770a   Data          18  l6470.o(.constdata)
    L6470_ACT                                0x0800771c   Data          10  l6470.o(.constdata)
    APBAHBPrescTable                         0x08007726   Data          16  stm32f4xx_hal_rcc.o(.constdata)
    MotorParameterInitData                   0x08007738   Data         704  params.o(.constdata)
    __mathlib_zero                           0x08007b98   Data           8  qnan.o(.constdata)
    Region$$Table$$Base                      0x08007c90   Number         0  anon$$obj.o(Region$$Table)
    Region$$Table$$Limit                     0x08007cb0   Number         0  anon$$obj.o(Region$$Table)
    L6470Command                             0x20000000   Data         148  l6470.o(.data)
    L6470_DaisyChainSpiTxStruct              0x20000094   Data           8  l6470.o(.data)
    L6470_DaisyChainSpiRxStruct              0x2000009c   Data           8  l6470.o(.data)
    L6470_DaisyChain_HalfPrepared            0x200000a4   Data           1  l6470.o(.data)
    L6470_StatusRegister                     0x200000a6   Data           2  l6470.o(.data)
    pL6470_StatusRegister                    0x200000a8   Data           4  l6470.o(.data)
    delay_cnt                                0x200000ac   Data           1  l6470.o(.data)
    XNUCLEOIHM02A1Command                    0x200000b4   Data          80  xnucleoihm02a1.o(.data)
    L6470DrvMtx                              0x20000104   Data         480  xnucleoihm02a1.o(.data)
    XNUCLEOIHM02A1Drv                        0x200002e4   Data          96  xnucleoihm02a1.o(.data)
    L6470_nSTBY_nRST_GPIO                    0x20000344   Data          12  xnucleoihm02a1.o(.data)
    L6470_nBUSY_SYNC_GPIO                    0x20000350   Data          12  xnucleoihm02a1.o(.data)
    L6470_nFLAG_GPIO                         0x2000035c   Data          12  xnucleoihm02a1.o(.data)
    L6470_nCS_GPIO_Array                     0x20000368   Data          36  xnucleoihm02a1.o(.data)
    SystemCoreClock                          0x2000038c   Data           4  system_stm32f4xx.o(.data)
    L6470_AppCmdPkg                          0x20000394   Data          32  l6470.o(.bss)
    L6470_nCS_GPIO                           0x200003b4   Data          12  xnucleoihm02a1.o(.bss)
    StatusBuffer                             0x200003c0   Data          12  xnucleoihm02a1.o(.bss)
    hadc1                                    0x200003cc   Data          68  xnucleoihm02a1_interface.o(.bss)
    hspi1                                    0x20000410   Data          88  xnucleoihm02a1_interface.o(.bss)
    hspi2                                    0x20000468   Data          88  xnucleoihm02a1_interface.o(.bss)
    huart2                                   0x200004c0   Data          64  example_usart.o(.bss)
    L6470_DaisyChainMnemonic                 0x20000500   Data          26  example_usart.o(.bss)
    UsartTextString                          0x2000051a   Data          64  example_usart.o(.bss)
    L6470_TextCommandBundle                  0x2000055a   Data          96  example_usart.o(.bss)
    GPIO_InitStructure                       0x200005c4   Data          20  example.o(.bss)
    sConfigOC                                0x200005d8   Data          28  example.o(.bss)
    htim4                                    0x200005f4   Data          60  example.o(.bss)
    __initial_sp                             0x20000a70   Data           0  startup_stm32f401xe.o(STACK)



==============================================================================

Memory Map of the image

  Image Entry point : 0x08000195

  Load Region LR_IROM1 (Base: 0x08000000, Size: 0x00008044, Max: 0x00080000, ABSOLUTE, COMPRESSED[0x00007df0])

    Execution Region ER_IROM1 (Exec base: 0x08000000, Load base: 0x08000000, Size: 0x00007cb0, Max: 0x00080000, ABSOLUTE)

    Exec Addr    Load Addr    Size         Type   Attr      Idx    E Section Name        Object

    0x08000000   0x08000000   0x00000194   Data   RO         4391    RESET               startup_stm32f401xe.o
    0x08000194   0x08000194   0x00000000   Code   RO         4462  * .ARM.Collect$$$$00000000  mc_w.l(entry.o)
    0x08000194   0x08000194   0x00000004   Code   RO         4530    .ARM.Collect$$$$00000001  mc_w.l(entry2.o)
    0x08000198   0x08000198   0x00000004   Code   RO         4533    .ARM.Collect$$$$00000004  mc_w.l(entry5.o)
    0x0800019c   0x0800019c   0x00000000   Code   RO         4535    .ARM.Collect$$$$00000008  mc_w.l(entry7b.o)
    0x0800019c   0x0800019c   0x00000000   Code   RO         4537    .ARM.Collect$$$$0000000A  mc_w.l(entry8b.o)
    0x0800019c   0x0800019c   0x00000008   Code   RO         4538    .ARM.Collect$$$$0000000B  mc_w.l(entry9a.o)
    0x080001a4   0x080001a4   0x00000000   Code   RO         4540    .ARM.Collect$$$$0000000D  mc_w.l(entry10a.o)
    0x080001a4   0x080001a4   0x00000000   Code   RO         4542    .ARM.Collect$$$$0000000F  mc_w.l(entry11a.o)
    0x080001a4   0x080001a4   0x00000004   Code   RO         4531    .ARM.Collect$$$$00002712  mc_w.l(entry2.o)
    0x080001a8   0x080001a8   0x00000024   Code   RO         4392    .text               startup_stm32f401xe.o
    0x080001cc   0x080001cc   0x0000014e   Code   RO         4465    .text               mf_w.l(dadd.o)
    0x0800031a   0x0800031a   0x000000e4   Code   RO         4467    .text               mf_w.l(dmul.o)
    0x080003fe   0x080003fe   0x000000de   Code   RO         4469    .text               mf_w.l(ddiv.o)
    0x080004dc   0x080004dc   0x0000001a   Code   RO         4471    .text               mf_w.l(dfltui.o)
    0x080004f6   0x080004f6   0x00000026   Code   RO         4473    .text               mf_w.l(f2d.o)
    0x0800051c   0x0800051c   0x00000030   Code   RO         4475    .text               mf_w.l(cdcmple.o)
    0x0800054c   0x0800054c   0x00000038   Code   RO         4477    .text               mf_w.l(d2f.o)
    0x08000584   0x08000584   0x0000001e   Code   RO         4544    .text               mc_w.l(llshl.o)
    0x080005a2   0x080005a2   0x00000024   Code   RO         4546    .text               mc_w.l(llsshr.o)
    0x080005c6   0x080005c6   0x00000000   Code   RO         4555    .text               mc_w.l(iusefp.o)
    0x080005c6   0x080005c6   0x0000006e   Code   RO         4556    .text               mf_w.l(fepilogue.o)
    0x08000634   0x08000634   0x000000ba   Code   RO         4558    .text               mf_w.l(depilogue.o)
    0x080006ee   0x080006ee   0x0000002e   Code   RO         4562    .text               mf_w.l(dscalb.o)
    0x0800071c   0x0800071c   0x00000022   Code   RO         4564    .text               mf_w.l(dflti.o)
    0x0800073e   0x0800073e   0x00000002   PAD
    0x08000740   0x08000740   0x00000030   Code   RO         4566    .text               mf_w.l(cdrcmple.o)
    0x08000770   0x08000770   0x00000024   Code   RO         4568    .text               mc_w.l(init.o)
    0x08000794   0x08000794   0x00000020   Code   RO         4570    .text               mc_w.l(llushr.o)
    0x080007b4   0x080007b4   0x000000a2   Code   RO         4572    .text               mf_w.l(dsqrt.o)
    0x08000856   0x08000856   0x0000003e   Code   RO         4574    .text               mf_w.l(dfixi.o)
    0x08000894   0x08000894   0x00000056   Code   RO         4584    .text               mc_w.l(__dczerorl2.o)
    0x080008ea   0x080008ea   0x00000002   PAD
    0x080008ec   0x080008ec   0x00000014   Code   RO         3585    i.BSP_0_Config      xnucleoihm02a1.o
    0x08000900   0x08000900   0x00000014   Code   RO         3586    i.BSP_1_Config      xnucleoihm02a1.o
    0x08000914   0x08000914   0x00000014   Code   RO         3587    i.BSP_2_Config      xnucleoihm02a1.o
    0x08000928   0x08000928   0x00000014   Code   RO         3588    i.BSP_3_Config      xnucleoihm02a1.o
    0x0800093c   0x0800093c   0x00000020   Code   RO         3589    i.BSP_Config        xnucleoihm02a1.o
    0x0800095c   0x0800095c   0x0000004c   Code   RO         3591    i.BSP_GetExpansionBoardHandle  xnucleoihm02a1.o
    0x080009a8   0x080009a8   0x00000024   Code   RO         3592    i.BSP_IRQ           xnucleoihm02a1.o
    0x080009cc   0x080009cc   0x0000001e   Code   RO         3593    i.BSP_Init          xnucleoihm02a1.o
    0x080009ea   0x080009ea   0x00000002   PAD
    0x080009ec   0x080009ec   0x00000014   Code   RO         3594    i.BSP_L6470_0_0_Config  xnucleoihm02a1.o
    0x08000a00   0x08000a00   0x00000014   Code   RO         3595    i.BSP_L6470_0_1_Config  xnucleoihm02a1.o
    0x08000a14   0x08000a14   0x00000014   Code   RO         3596    i.BSP_L6470_1_0_Config  xnucleoihm02a1.o
    0x08000a28   0x08000a28   0x00000014   Code   RO         3597    i.BSP_L6470_1_1_Config  xnucleoihm02a1.o
    0x08000a3c   0x08000a3c   0x00000014   Code   RO         3598    i.BSP_L6470_2_0_Config  xnucleoihm02a1.o
    0x08000a50   0x08000a50   0x00000014   Code   RO         3599    i.BSP_L6470_2_1_Config  xnucleoihm02a1.o
    0x08000a64   0x08000a64   0x00000014   Code   RO         3600    i.BSP_L6470_3_0_Config  xnucleoihm02a1.o
    0x08000a78   0x08000a78   0x00000014   Code   RO         3601    i.BSP_L6470_3_1_Config  xnucleoihm02a1.o
    0x08000a8c   0x08000a8c   0x0000001e   Code   RO         3603    i.BSP_L6470_CheckStatusRegisterFlag  xnucleoihm02a1.o
    0x08000aaa   0x08000aaa   0x0000001e   Code   RO         3605    i.BSP_L6470_GetParam  xnucleoihm02a1.o
    0x08000ac8   0x08000ac8   0x0000001a   Code   RO         3606    i.BSP_L6470_GetStatus  xnucleoihm02a1.o
    0x08000ae2   0x08000ae2   0x00000016   Code   RO         3607    i.BSP_L6470_GoHome  xnucleoihm02a1.o
    0x08000af8   0x08000af8   0x00000016   Code   RO         3608    i.BSP_L6470_GoMark  xnucleoihm02a1.o
    0x08000b0e   0x08000b0e   0x0000001a   Code   RO         3609    i.BSP_L6470_GoTo    xnucleoihm02a1.o
    0x08000b28   0x08000b28   0x00000022   Code   RO         3610    i.BSP_L6470_GoToDir  xnucleoihm02a1.o
    0x08000b4a   0x08000b4a   0x00000028   Code   RO         3611    i.BSP_L6470_GoUntil  xnucleoihm02a1.o
    0x08000b72   0x08000b72   0x00000016   Code   RO         3612    i.BSP_L6470_HardHiZ  xnucleoihm02a1.o
    0x08000b88   0x08000b88   0x00000016   Code   RO         3613    i.BSP_L6470_HardStop  xnucleoihm02a1.o
    0x08000b9e   0x08000b9e   0x00000002   PAD
    0x08000ba0   0x08000ba0   0x00000080   Code   RO         3614    i.BSP_L6470_Init    xnucleoihm02a1.o
    0x08000c20   0x08000c20   0x00000022   Code   RO         3615    i.BSP_L6470_Move    xnucleoihm02a1.o
    0x08000c42   0x08000c42   0x00000022   Code   RO         3617    i.BSP_L6470_ReleaseSW  xnucleoihm02a1.o
    0x08000c64   0x08000c64   0x00000016   Code   RO         3618    i.BSP_L6470_ResetDevice  xnucleoihm02a1.o
    0x08000c7a   0x08000c7a   0x00000016   Code   RO         3619    i.BSP_L6470_ResetPos  xnucleoihm02a1.o
    0x08000c90   0x08000c90   0x00000022   Code   RO         3620    i.BSP_L6470_Run     xnucleoihm02a1.o
    0x08000cb2   0x08000cb2   0x00000022   Code   RO         3621    i.BSP_L6470_SetParam  xnucleoihm02a1.o
    0x08000cd4   0x08000cd4   0x00000016   Code   RO         3622    i.BSP_L6470_SoftHiZ  xnucleoihm02a1.o
    0x08000cea   0x08000cea   0x00000016   Code   RO         3623    i.BSP_L6470_SoftStop  xnucleoihm02a1.o
    0x08000d00   0x08000d00   0x0000001a   Code   RO         3624    i.BSP_L6470_StepClock  xnucleoihm02a1.o
    0x08000d1a   0x08000d1a   0x00000002   PAD
    0x08000d1c   0x08000d1c   0x00000100   Code   RO         3625    i.BSP_NUCLEO_GPIO_Init  xnucleoihm02a1.o
    0x08000e1c   0x08000e1c   0x00000044   Code   RO         3626    i.BSP_Select        xnucleoihm02a1.o
    0x08000e60   0x08000e60   0x000000d4   Code   RO         4200    i.Base_Rot          example.o
    0x08000f34   0x08000f34   0x00000110   Code   RO         4201    i.Beta              example.o
    0x08001044   0x08001044   0x0000000e   Code   RO         3627    i.EXPBRD_ID         xnucleoihm02a1.o
    0x08001052   0x08001052   0x0000000a   Code   RO         4015    i.EXTI0_IRQHandler  stm32f4xx_it.o
    0x0800105c   0x0800105c   0x0000000c   Code   RO         4016    i.EXTI15_10_IRQHandler  stm32f4xx_it.o
    0x08001068   0x08001068   0x0000000a   Code   RO         4017    i.EXTI1_IRQHandler  stm32f4xx_it.o
    0x08001072   0x08001072   0x00000002   PAD
    0x08001074   0x08001074   0x00000024   Code   RO         4018    i.EXTI4_IRQHandler  stm32f4xx_it.o
    0x08001098   0x08001098   0x00000008   Code   RO         4337    i.GetMotorParameterInitData  params.o
    0x080010a0   0x080010a0   0x000000c4   Code   RO         4202    i.Gripper           example.o
    0x08001164   0x08001164   0x0000001a   Code   RO          800    i.HAL_Delay         stm32f4xx_hal.o
    0x0800117e   0x0800117e   0x00000002   Code   RO         1343    i.HAL_GPIO_EXTI_Callback  stm32f4xx_hal_gpio.o
    0x08001180   0x08001180   0x0000001c   Code   RO         1344    i.HAL_GPIO_EXTI_IRQHandler  stm32f4xx_hal_gpio.o
    0x0800119c   0x0800119c   0x000003b4   Code   RO         1345    i.HAL_GPIO_Init     stm32f4xx_hal_gpio.o
    0x08001550   0x08001550   0x00000064   Code   RO         1347    i.HAL_GPIO_ReadPin  stm32f4xx_hal_gpio.o
    0x080015b4   0x080015b4   0x00000074   Code   RO         1349    i.HAL_GPIO_WritePin  stm32f4xx_hal_gpio.o
    0x08001628   0x08001628   0x0000000c   Code   RO          806    i.HAL_GetTick       stm32f4xx_hal.o
    0x08001634   0x08001634   0x00000010   Code   RO          807    i.HAL_IncTick       stm32f4xx_hal.o
    0x08001644   0x08001644   0x0000003c   Code   RO          808    i.HAL_Init          stm32f4xx_hal.o
    0x08001680   0x08001680   0x00000024   Code   RO          809    i.HAL_InitTick      stm32f4xx_hal.o
    0x080016a4   0x080016a4   0x00000014   Code   RO         3957    i.HAL_MspInit       stm32f4xx_hal_msp.o
    0x080016b8   0x080016b8   0x0000006c   Code   RO         1046    i.HAL_NVIC_DisableIRQ  stm32f4xx_hal_cortex.o
    0x08001724   0x08001724   0x0000006c   Code   RO         1047    i.HAL_NVIC_EnableIRQ  stm32f4xx_hal_cortex.o
    0x08001790   0x08001790   0x000000d8   Code   RO         1053    i.HAL_NVIC_SetPriority  stm32f4xx_hal_cortex.o
    0x08001868   0x08001868   0x0000008c   Code   RO         1054    i.HAL_NVIC_SetPriorityGrouping  stm32f4xx_hal_cortex.o
    0x080018f4   0x080018f4   0x00000454   Code   RO          689    i.HAL_RCC_ClockConfig  stm32f4xx_hal_rcc.o
    0x08001d48   0x08001d48   0x00000038   Code   RO          694    i.HAL_RCC_GetHCLKFreq  stm32f4xx_hal_rcc.o
    0x08001d80   0x08001d80   0x0000002c   Code   RO          696    i.HAL_RCC_GetPCLK1Freq  stm32f4xx_hal_rcc.o
    0x08001dac   0x08001dac   0x0000002c   Code   RO          697    i.HAL_RCC_GetPCLK2Freq  stm32f4xx_hal_rcc.o
    0x08001dd8   0x08001dd8   0x000000b4   Code   RO          698    i.HAL_RCC_GetSysClockFreq  stm32f4xx_hal_rcc.o
    0x08001e8c   0x08001e8c   0x00000574   Code   RO          701    i.HAL_RCC_OscConfig  stm32f4xx_hal_rcc.o
    0x08002400   0x08002400   0x000001e0   Code   RO         1499    i.HAL_SPI_Init      stm32f4xx_hal_spi.o
    0x080025e0   0x080025e0   0x00000118   Code   RO         3959    i.HAL_SPI_MspInit   stm32f4xx_hal_msp.o
    0x080026f8   0x080026f8   0x000003a0   Code   RO         1508    i.HAL_SPI_TransmitReceive  stm32f4xx_hal_spi.o
    0x08002a98   0x08002a98   0x00000002   Code   RO         1057    i.HAL_SYSTICK_Callback  stm32f4xx_hal_cortex.o
    0x08002a9a   0x08002a9a   0x00000034   Code   RO         1058    i.HAL_SYSTICK_Config  stm32f4xx_hal_cortex.o
    0x08002ace   0x08002ace   0x00000008   Code   RO         1059    i.HAL_SYSTICK_IRQHandler  stm32f4xx_hal_cortex.o
    0x08002ad6   0x08002ad6   0x00000002   Code   RO         1867    i.HAL_UART_ErrorCallback  stm32f4xx_hal_uart.o
    0x08002ad8   0x08002ad8   0x00000120   Code   RO         1870    i.HAL_UART_IRQHandler  stm32f4xx_hal_uart.o
    0x08002bf8   0x08002bf8   0x00000154   Code   RO         1871    i.HAL_UART_Init     stm32f4xx_hal_uart.o
    0x08002d4c   0x08002d4c   0x00000088   Code   RO         3961    i.HAL_UART_MspInit  stm32f4xx_hal_msp.o
    0x08002dd4   0x08002dd4   0x00000002   Code   RO         1877    i.HAL_UART_RxCpltCallback  stm32f4xx_hal_uart.o
    0x08002dd6   0x08002dd6   0x000000f0   Code   RO         1879    i.HAL_UART_Transmit  stm32f4xx_hal_uart.o
    0x08002ec6   0x08002ec6   0x00000002   Code   RO         1882    i.HAL_UART_TxCpltCallback  stm32f4xx_hal_uart.o
    0x08002ec8   0x08002ec8   0x000004a4   Code   RO         4203    i.Home_Arm          example.o
    0x0800336c   0x0800336c   0x00000040   Code   RO         4204    i.Humerus_Rot       example.o
    0x080033ac   0x080033ac   0x000000ec   Code   RO           11    i.L6470_CheckStatusRegisterFlag  l6470.o
    0x08003498   0x08003498   0x00000250   Code   RO           12    i.L6470_Config      l6470.o
    0x080036e8   0x080036e8   0x00000074   Code   RO           13    i.L6470_DaisyChainCommand  l6470.o
    0x0800375c   0x0800375c   0x00000024   Code   RO           14    i.L6470_ExtractReturnedData  l6470.o
    0x08003780   0x08003780   0x00000020   Code   RO           15    i.L6470_FillAppCmdPkg  l6470.o
    0x080037a0   0x080037a0   0x00000058   Code   RO           16    i.L6470_GetParam    l6470.o
    0x080037f8   0x080037f8   0x00000020   Code   RO           17    i.L6470_GetRegisterName  l6470.o
    0x08003818   0x08003818   0x00000044   Code   RO           18    i.L6470_GetStatus   l6470.o
    0x0800385c   0x0800385c   0x00000034   Code   RO           19    i.L6470_GoHome      l6470.o
    0x08003890   0x08003890   0x00000034   Code   RO           20    i.L6470_GoMark      l6470.o
    0x080038c4   0x080038c4   0x0000003c   Code   RO           21    i.L6470_GoTo        l6470.o
    0x08003900   0x08003900   0x00000040   Code   RO           22    i.L6470_GoToDir     l6470.o
    0x08003940   0x08003940   0x0000003c   Code   RO           23    i.L6470_GoUntil     l6470.o
    0x0800397c   0x0800397c   0x00000034   Code   RO           24    i.L6470_HardHiZ     l6470.o
    0x080039b0   0x080039b0   0x00000034   Code   RO           25    i.L6470_HardStop    l6470.o
    0x080039e4   0x080039e4   0x00000014   Code   RO           26    i.L6470_ID          l6470.o
    0x080039f8   0x080039f8   0x00000038   Code   RO           27    i.L6470_Move        l6470.o
    0x08003a30   0x08003a30   0x00000024   Code   RO           28    i.L6470_PerformPreparedApplicationCommand  l6470.o
    0x08003a54   0x08003a54   0x0000003c   Code   RO           29    i.L6470_PrepareAppCmdPkg  l6470.o
    0x08003a90   0x08003a90   0x00000288   Code   RO           30    i.L6470_PrepareDaisyChainCommand  l6470.o
    0x08003d18   0x08003d18   0x00000020   Code   RO           31    i.L6470_PrepareGetParam  l6470.o
    0x08003d38   0x08003d38   0x0000001c   Code   RO           32    i.L6470_PrepareGetStatus  l6470.o
    0x08003d54   0x08003d54   0x0000001c   Code   RO           33    i.L6470_PrepareGoHome  l6470.o
    0x08003d70   0x08003d70   0x0000001c   Code   RO           34    i.L6470_PrepareGoMark  l6470.o
    0x08003d8c   0x08003d8c   0x00000020   Code   RO           35    i.L6470_PrepareGoTo  l6470.o
    0x08003dac   0x08003dac   0x00000020   Code   RO           36    i.L6470_PrepareGoToDir  l6470.o
    0x08003dcc   0x08003dcc   0x00000020   Code   RO           37    i.L6470_PrepareGoUntil  l6470.o
    0x08003dec   0x08003dec   0x0000001c   Code   RO           38    i.L6470_PrepareHardHiZ  l6470.o
    0x08003e08   0x08003e08   0x0000001c   Code   RO           39    i.L6470_PrepareHardStop  l6470.o
    0x08003e24   0x08003e24   0x00000020   Code   RO           40    i.L6470_PrepareMove  l6470.o
    0x08003e44   0x08003e44   0x00000020   Code   RO           41    i.L6470_PrepareReleaseSW  l6470.o
    0x08003e64   0x08003e64   0x0000001c   Code   RO           42    i.L6470_PrepareResetDevice  l6470.o
    0x08003e80   0x08003e80   0x0000001c   Code   RO           43    i.L6470_PrepareResetPos  l6470.o
    0x08003e9c   0x08003e9c   0x00000020   Code   RO           44    i.L6470_PrepareRun  l6470.o
    0x08003ebc   0x08003ebc   0x00000020   Code   RO           45    i.L6470_PrepareSetParam  l6470.o
    0x08003edc   0x08003edc   0x0000001c   Code   RO           46    i.L6470_PrepareSoftHiZ  l6470.o
    0x08003ef8   0x08003ef8   0x0000001c   Code   RO           47    i.L6470_PrepareSoftStop  l6470.o
    0x08003f14   0x08003f14   0x00000020   Code   RO           48    i.L6470_PrepareStepClock  l6470.o
    0x08003f34   0x08003f34   0x00000038   Code   RO           49    i.L6470_ReleaseSW   l6470.o
    0x08003f6c   0x08003f6c   0x0000002a   Code   RO           50    i.L6470_ResetAppCmdPkg  l6470.o
    0x08003f96   0x08003f96   0x00000002   PAD
    0x08003f98   0x08003f98   0x00000034   Code   RO           51    i.L6470_ResetDevice  l6470.o
    0x08003fcc   0x08003fcc   0x00000034   Code   RO           52    i.L6470_ResetPos    l6470.o
    0x08004000   0x08004000   0x00000038   Code   RO           53    i.L6470_Run         l6470.o
    0x08004038   0x08004038   0x00000038   Code   RO           54    i.L6470_SetParam    l6470.o
    0x08004070   0x08004070   0x00000034   Code   RO           55    i.L6470_SoftHiZ     l6470.o
    0x080040a4   0x080040a4   0x00000034   Code   RO           56    i.L6470_SoftStop    l6470.o
    0x080040d8   0x080040d8   0x00000038   Code   RO           57    i.L6470_StepClock   l6470.o
    0x08004110   0x08004110   0x00000002   Code   RO         3877    i.MX_GPIO_Init      xnucleoihm02a1_interface.o
    0x08004112   0x08004112   0x00000002   PAD
    0x08004114   0x08004114   0x00000094   Code   RO         3878    i.MX_SPI1_Init      xnucleoihm02a1_interface.o
    0x080041a8   0x080041a8   0x00000008   Code   RO         3880    i.MX_SPI_Init       xnucleoihm02a1_interface.o
    0x080041b0   0x080041b0   0x00000030   Code   RO         3881    i.MX_USART2_Init    xnucleoihm02a1_interface.o
    0x080041e0   0x080041e0   0x00000098   Code   RO         4078    i.Motor_Param_Reg_Init  example_usart.o
    0x08004278   0x08004278   0x00000324   Code   RO         4205    i.Move_Arm_Relative  example.o
    0x0800459c   0x0800459c   0x00000018   Code   RO         3882    i.NUCLEO_Board_Init  xnucleoihm02a1_interface.o
    0x080045b4   0x080045b4   0x00000010   Code   RO         1060    i.NVIC_GetPriorityGrouping  stm32f4xx_hal_cortex.o
    0x080045c4   0x080045c4   0x00000028   Code   RO         1061    i.NVIC_SetPriority  stm32f4xx_hal_cortex.o
    0x080045ec   0x080045ec   0x0000010c   Code   RO         4206    i.Phi               example.o
    0x080046f8   0x080046f8   0x00000114   Code   RO         1530    i.SPI_WaitOnFlagUntilTimeout  stm32f4xx_hal_spi.o
    0x0800480c   0x0800480c   0x00000030   Code   RO           65    i.Step_s2_2_Acc     l6470.o
    0x0800483c   0x0800483c   0x00000030   Code   RO           66    i.Step_s2_2_Dec     l6470.o
    0x0800486c   0x0800486c   0x00000054   Code   RO           67    i.Step_s_2_FsSpd    l6470.o
    0x080048c0   0x080048c0   0x00000030   Code   RO           68    i.Step_s_2_IntSpeed  l6470.o
    0x080048f0   0x080048f0   0x00000030   Code   RO           69    i.Step_s_2_MaxSpeed  l6470.o
    0x08004920   0x08004920   0x00000030   Code   RO           70    i.Step_s_2_MinSpeed  l6470.o
    0x08004950   0x08004950   0x0000000c   Code   RO         4019    i.SysTick_Handler   stm32f4xx_it.o
    0x0800495c   0x0800495c   0x00000098   Code   RO         3883    i.SystemClock_Config  xnucleoihm02a1_interface.o
    0x080049f4   0x080049f4   0x00000064   Code   RO         4356    i.SystemInit        system_stm32f4xx.o
    0x08004a58   0x08004a58   0x00000048   Code   RO         1889    i.UART_EndTransmit_IT  stm32f4xx_hal_uart.o
    0x08004aa0   0x08004aa0   0x000000bc   Code   RO         1890    i.UART_Receive_IT   stm32f4xx_hal_uart.o
    0x08004b5c   0x08004b5c   0x000002c8   Code   RO         1891    i.UART_SetConfig    stm32f4xx_hal_uart.o
    0x08004e24   0x08004e24   0x00000070   Code   RO         1892    i.UART_Transmit_IT  stm32f4xx_hal_uart.o
    0x08004e94   0x08004e94   0x000000fa   Code   RO         1893    i.UART_WaitOnFlagUntilTimeout  stm32f4xx_hal_uart.o
    0x08004f8e   0x08004f8e   0x00000002   PAD
    0x08004f90   0x08004f90   0x00000014   Code   RO         4020    i.USART2_IRQHandler  stm32f4xx_it.o
    0x08004fa4   0x08004fa4   0x00000088   Code   RO         4082    i.USART_ITCharManager  example_usart.o
    0x0800502c   0x0800502c   0x0000003c   Code   RO         4083    i.USART_PrintAllRegisterValues  example_usart.o
    0x08005068   0x08005068   0x000000f4   Code   RO         4084    i.USART_PrintRegisterValues  example_usart.o
    0x0800515c   0x0800515c   0x00000028   Code   RO         4086    i.USART_Transmit    example_usart.o
    0x08005184   0x08005184   0x00000040   Code   RO         4207    i.Ulna_Rot          example.o
    0x080051c4   0x080051c4   0x00000030   Code   RO         4502    i.__ARM_fpclassify  m_wm.l(fpclassify.o)
    0x080051f4   0x080051f4   0x00000004   PAD
    0x080051f8   0x080051f8   0x00000358   Code   RO         4396    i.__hardfp_acos     m_wm.l(acos.o)
    0x08005550   0x08005550   0x000002d8   Code   RO         4410    i.__hardfp_atan     m_wm.l(atan.o)
    0x08005828   0x08005828   0x000000c8   Code   RO         4424    i.__hardfp_cos      m_wm.l(cos.o)
    0x080058f0   0x080058f0   0x00000c50   Code   RO         4436    i.__hardfp_pow      m_wm.l(pow.o)
    0x08006540   0x08006540   0x000000c8   Code   RO         4450    i.__hardfp_sin      m_wm.l(sin.o)
    0x08006608   0x08006608   0x00000438   Code   RO         4507    i.__ieee754_rem_pio2  m_wm.l(rred.o)
    0x08006a40   0x08006a40   0x00000170   Code   RO         4479    i.__kernel_cos      m_wm.l(cos_i.o)
    0x08006bb0   0x08006bb0   0x000000f8   Code   RO         4504    i.__kernel_poly     m_wm.l(poly.o)
    0x08006ca8   0x08006ca8   0x00000130   Code   RO         4512    i.__kernel_sin      m_wm.l(sin_i.o)
    0x08006dd8   0x08006dd8   0x00000030   Code   RO         4482    i.__mathlib_dbl_divzero  m_wm.l(dunder.o)
    0x08006e08   0x08006e08   0x00000014   Code   RO         4483    i.__mathlib_dbl_infnan  m_wm.l(dunder.o)
    0x08006e1c   0x08006e1c   0x00000014   Code   RO         4484    i.__mathlib_dbl_infnan2  m_wm.l(dunder.o)
    0x08006e30   0x08006e30   0x00000020   Code   RO         4485    i.__mathlib_dbl_invalid  m_wm.l(dunder.o)
    0x08006e50   0x08006e50   0x00000020   Code   RO         4486    i.__mathlib_dbl_overflow  m_wm.l(dunder.o)
    0x08006e70   0x08006e70   0x00000020   Code   RO         4488    i.__mathlib_dbl_underflow  m_wm.l(dunder.o)
    0x08006e90   0x08006e90   0x0000000e   Code   RO         4578    i.__scatterload_copy  mc_w.l(handlers.o)
    0x08006e9e   0x08006e9e   0x00000002   Code   RO         4579    i.__scatterload_null  mc_w.l(handlers.o)
    0x08006ea0   0x08006ea0   0x0000000e   Code   RO         4580    i.__scatterload_zeroinit  mc_w.l(handlers.o)
    0x08006eae   0x08006eae   0x00000002   PAD
    0x08006eb0   0x08006eb0   0x0000000c   Code   RO         4550    i.__set_errno       mc_w.l(errno.o)
    0x08006ebc   0x08006ebc   0x00000002   Code   RO         4294    i.assert_failed     main.o
    0x08006ebe   0x08006ebe   0x00000002   PAD
    0x08006ec0   0x08006ec0   0x000000a4   Code   RO         4208    i.dist              example.o
    0x08006f64   0x08006f64   0x00000018   Code   RO         4498    i.fabs              m_wm.l(fabs.o)
    0x08006f7c   0x08006f7c   0x00000064   Code   RO           72    i.mA_2_OcdTh        l6470.o
    0x08006fe0   0x08006fe0   0x00000064   Code   RO           73    i.mA_2_StallTh      l6470.o
    0x08007044   0x08007044   0x00000254   Code   RO         4295    i.main              main.o
    0x08007298   0x08007298   0x00000074   Code   RO         4088    i.num2hex           example_usart.o
    0x0800730c   0x0800730c   0x00000030   Code   RO           74    i.s_Step_2_FnSlpAcc  l6470.o
    0x0800733c   0x0800733c   0x00000030   Code   RO           75    i.s_Step_2_FnSlpDec  l6470.o
    0x0800736c   0x0800736c   0x00000030   Code   RO           76    i.s_Step_2_StSlp    l6470.o
    0x0800739c   0x0800739c   0x0000006e   Code   RO         4520    i.sqrt              m_wm.l(sqrt.o)
    0x0800740a   0x0800740a   0x00000002   PAD
    0x0800740c   0x0800740c   0x0000031a   Data   RO           78    .constdata          l6470.o
    0x08007726   0x08007726   0x00000010   Data   RO          702    .constdata          stm32f4xx_hal_rcc.o
    0x08007736   0x08007736   0x00000002   PAD
    0x08007738   0x08007738   0x000002c0   Data   RO         4338    .constdata          params.o
    0x080079f8   0x080079f8   0x00000050   Data   RO         4399    .constdata          m_wm.l(acos.o)
    0x08007a48   0x08007a48   0x00000098   Data   RO         4413    .constdata          m_wm.l(atan.o)
    0x08007ae0   0x08007ae0   0x00000088   Data   RO         4439    .constdata          m_wm.l(pow.o)
    0x08007b68   0x08007b68   0x00000030   Data   RO         4480    .constdata          m_wm.l(cos_i.o)
    0x08007b98   0x08007b98   0x00000008   Data   RO         4506    .constdata          m_wm.l(qnan.o)
    0x08007ba0   0x08007ba0   0x000000c8   Data   RO         4509    .constdata          m_wm.l(rred.o)
    0x08007c68   0x08007c68   0x00000028   Data   RO         4513    .constdata          m_wm.l(sin_i.o)
    0x08007c90   0x08007c90   0x00000020   Data   RO         4576    Region$$Table       anon$$obj.o


    Execution Region RW_IRAM1 (Exec base: 0x20000000, Load base: 0x08007cb0, Size: 0x00000a70, Max: 0x00018000, ABSOLUTE, COMPRESSED[0x00000140])

    Exec Addr    Load Addr    Size         Type   Attr      Idx    E Section Name        Object

    0x20000000   COMPRESSED   0x000000ad   Data   RW           79    .data               l6470.o
    0x200000ad   COMPRESSED   0x00000003   PAD
    0x200000b0   COMPRESSED   0x00000004   Data   RW          814    .data               stm32f4xx_hal.o
    0x200000b4   COMPRESSED   0x000002d8   Data   RW         3629    .data               xnucleoihm02a1.o
    0x2000038c   COMPRESSED   0x00000004   Data   RW         4358    .data               system_stm32f4xx.o
    0x20000390   COMPRESSED   0x00000004   Data   RW         4551    .data               mc_w.l(errno.o)
    0x20000394        -       0x00000020   Zero   RW           77    .bss                l6470.o
    0x200003b4        -       0x00000018   Zero   RW         3628    .bss                xnucleoihm02a1.o
    0x200003cc        -       0x000000f4   Zero   RW         3885    .bss                xnucleoihm02a1_interface.o
    0x200004c0        -       0x00000103   Zero   RW         4091    .bss                example_usart.o
    0x200005c3   COMPRESSED   0x00000001   PAD
    0x200005c4        -       0x000000ac   Zero   RW         4210    .bss                example.o
    0x20000670        -       0x00000400   Zero   RW         4389    STACK               startup_stm32f401xe.o

